Archive member included to satisfy reference by file (symbol)

/opt/riscv/lib/gcc/riscv32-unknown-elf/12.1.0/../../../../riscv32-unknown-elf/lib/libstdc++.a(new_handler.o)
                              CMakeFiles/example.elf.dir/riscv/riscv_sys.cpp.obj (std::set_new_handler(void (*)()))
/opt/riscv/lib/gcc/riscv32-unknown-elf/12.1.0/../../../../riscv32-unknown-elf/lib/libc.a(lib_a-calloc.o)
                              CMakeFiles/example.elf.dir/stb_image_impl.cpp.obj (calloc)
/opt/riscv/lib/gcc/riscv32-unknown-elf/12.1.0/../../../../riscv32-unknown-elf/lib/libc.a(lib_a-callocr.o)
                              /opt/riscv/lib/gcc/riscv32-unknown-elf/12.1.0/../../../../riscv32-unknown-elf/lib/libc.a(lib_a-calloc.o) (_calloc_r)
/opt/riscv/lib/gcc/riscv32-unknown-elf/12.1.0/../../../../riscv32-unknown-elf/lib/libc.a(lib_a-errno.o)
                              /opt/riscv/lib/gcc/riscv32-unknown-elf/12.1.0/../../../../riscv32-unknown-elf/lib/libc.a(lib_a-callocr.o) (__errno)
/opt/riscv/lib/gcc/riscv32-unknown-elf/12.1.0/../../../../riscv32-unknown-elf/lib/libc.a(lib_a-exit.o)
                              CMakeFiles/example.elf.dir/riscv/riscv_sys.cpp.obj (exit)
/opt/riscv/lib/gcc/riscv32-unknown-elf/12.1.0/../../../../riscv32-unknown-elf/lib/libc.a(lib_a-fclose.o)
                              CMakeFiles/example.elf.dir/stb_image_impl.cpp.obj (fclose)
/opt/riscv/lib/gcc/riscv32-unknown-elf/12.1.0/../../../../riscv32-unknown-elf/lib/libc.a(lib_a-feof.o)
                              CMakeFiles/example.elf.dir/stb_image_impl.cpp.obj (feof)
/opt/riscv/lib/gcc/riscv32-unknown-elf/12.1.0/../../../../riscv32-unknown-elf/lib/libc.a(lib_a-ferror.o)
                              CMakeFiles/example.elf.dir/stb_image_impl.cpp.obj (ferror)
/opt/riscv/lib/gcc/riscv32-unknown-elf/12.1.0/../../../../riscv32-unknown-elf/lib/libc.a(lib_a-fflush.o)
                              /opt/riscv/lib/gcc/riscv32-unknown-elf/12.1.0/../../../../riscv32-unknown-elf/lib/libc.a(lib_a-fclose.o) (__sflush_r)
/opt/riscv/lib/gcc/riscv32-unknown-elf/12.1.0/../../../../riscv32-unknown-elf/lib/libc.a(lib_a-fgetc.o)
                              CMakeFiles/example.elf.dir/stb_image_impl.cpp.obj (fgetc)
/opt/riscv/lib/gcc/riscv32-unknown-elf/12.1.0/../../../../riscv32-unknown-elf/lib/libc.a(lib_a-findfp.o)
                              /opt/riscv/lib/gcc/riscv32-unknown-elf/12.1.0/../../../../riscv32-unknown-elf/lib/libc.a(lib_a-fclose.o) (__sinit)
/opt/riscv/lib/gcc/riscv32-unknown-elf/12.1.0/../../../../riscv32-unknown-elf/lib/libc.a(lib_a-fopen.o)
                              CMakeFiles/example.elf.dir/stb_image_impl.cpp.obj (fopen)
/opt/riscv/lib/gcc/riscv32-unknown-elf/12.1.0/../../../../riscv32-unknown-elf/lib/libc.a(lib_a-fread.o)
                              CMakeFiles/example.elf.dir/stb_image_impl.cpp.obj (fread)
/opt/riscv/lib/gcc/riscv32-unknown-elf/12.1.0/../../../../riscv32-unknown-elf/lib/libc.a(lib_a-freer.o)
                              /opt/riscv/lib/gcc/riscv32-unknown-elf/12.1.0/../../../../riscv32-unknown-elf/lib/libc.a(lib_a-fclose.o) (_free_r)
/opt/riscv/lib/gcc/riscv32-unknown-elf/12.1.0/../../../../riscv32-unknown-elf/lib/libc.a(lib_a-fseek.o)
                              /opt/riscv/lib/gcc/riscv32-unknown-elf/12.1.0/../../../../riscv32-unknown-elf/lib/libc.a(lib_a-fopen.o) (_fseek_r)
/opt/riscv/lib/gcc/riscv32-unknown-elf/12.1.0/../../../../riscv32-unknown-elf/lib/libc.a(lib_a-fseeko.o)
                              /opt/riscv/lib/gcc/riscv32-unknown-elf/12.1.0/../../../../riscv32-unknown-elf/lib/libc.a(lib_a-fseek.o) (_fseeko_r)
/opt/riscv/lib/gcc/riscv32-unknown-elf/12.1.0/../../../../riscv32-unknown-elf/lib/libc.a(lib_a-fstatr.o)
                              /opt/riscv/lib/gcc/riscv32-unknown-elf/12.1.0/../../../../riscv32-unknown-elf/lib/libc.a(lib_a-fseeko.o) (_fstat_r)
/opt/riscv/lib/gcc/riscv32-unknown-elf/12.1.0/../../../../riscv32-unknown-elf/lib/libc.a(lib_a-ftell.o)
                              CMakeFiles/example.elf.dir/stb_image_impl.cpp.obj (ftell)
/opt/riscv/lib/gcc/riscv32-unknown-elf/12.1.0/../../../../riscv32-unknown-elf/lib/libc.a(lib_a-ftello.o)
                              /opt/riscv/lib/gcc/riscv32-unknown-elf/12.1.0/../../../../riscv32-unknown-elf/lib/libc.a(lib_a-ftell.o) (_ftello_r)
/opt/riscv/lib/gcc/riscv32-unknown-elf/12.1.0/../../../../riscv32-unknown-elf/lib/libc.a(lib_a-fwalk.o)
                              /opt/riscv/lib/gcc/riscv32-unknown-elf/12.1.0/../../../../riscv32-unknown-elf/lib/libc.a(lib_a-findfp.o) (_fwalk)
/opt/riscv/lib/gcc/riscv32-unknown-elf/12.1.0/../../../../riscv32-unknown-elf/lib/libc.a(lib_a-fwrite.o)
                              CMakeFiles/example.elf.dir/TestLeNet.cpp.obj (fwrite)
/opt/riscv/lib/gcc/riscv32-unknown-elf/12.1.0/../../../../riscv32-unknown-elf/lib/libc.a(lib_a-impure.o)
                              /opt/riscv/lib/gcc/riscv32-unknown-elf/12.1.0/../../../../riscv32-unknown-elf/lib/libc.a(lib_a-exit.o) (_global_impure_ptr)
[...]
Memory Configuration

Name             Origin             Length             Attributes
*default*        0x0000000000000000 0xffffffffffffffff

Linker script and memory map

LOAD CMakeFiles/example.elf.dir/mt19937ar.cpp.obj
LOAD CMakeFiles/example.elf.dir/stb_image_impl.cpp.obj
LOAD CMakeFiles/example.elf.dir/stdafx.cpp.obj
LOAD CMakeFiles/example.elf.dir/TestLeNet.cpp.obj
LOAD CMakeFiles/example.elf.dir/hls.cpp.obj
LOAD CMakeFiles/example.elf.dir/riscv/riscv_sys.cpp.obj
START GROUP
LOAD /opt/riscv/lib/gcc/riscv32-unknown-elf/12.1.0/../../../../riscv32-unknown-elf/lib/libstdc++.a
LOAD /opt/riscv/lib/gcc/riscv32-unknown-elf/12.1.0/../../../../riscv32-unknown-elf/lib/libc.a
LOAD ../../source/riscv/libcrt_tr.a
LOAD /opt/riscv/lib/gcc/riscv32-unknown-elf/12.1.0/libgcc.a
LOAD /opt/riscv/lib/gcc/riscv32-unknown-elf/12.1.0/../../../../riscv32-unknown-elf/lib/libm.a
END GROUP
LOAD /opt/riscv/lib/gcc/riscv32-unknown-elf/12.1.0/libgcc.a
START GROUP
LOAD /opt/riscv/lib/gcc/riscv32-unknown-elf/12.1.0/../../../../riscv32-unknown-elf/lib/libc.a
LOAD /opt/riscv/lib/gcc/riscv32-unknown-elf/12.1.0/../../../../riscv32-unknown-elf/lib/libgloss.a
END GROUP
LOAD /opt/riscv/lib/gcc/riscv32-unknown-elf/12.1.0/libgcc.a
                [!provide]                        PROVIDE (__executable_start = SEGMENT_START ("text-segment", 0x10000))
                0x00000000000100b4                . = (SEGMENT_START ("text-segment", 0x10000) + SIZEOF_HEADERS)

.interp
 *(.interp)

.note.gnu.build-id
 *(.note.gnu.build-id)

.hash
 *(.hash)

.gnu.hash
 *(.gnu.hash)

.dynsym
 *(.dynsym)

.dynstr
 *(.dynstr)

.gnu.version
 *(.gnu.version)

.gnu.version_d
 *(.gnu.version_d)

.gnu.version_r
 *(.gnu.version_r)

.rela.dyn       0x00000000000100b4        0x0
 *(.rela.init)
 *(.rela.text .rela.text.* .rela.gnu.linkonce.t.*)
 .rela.text.startup.register_fini
                0x00000000000100b4        0x0 CMakeFiles/example.elf.dir/mt19937ar.cpp.obj
 .rela.text.__libc_fini_array
                0x00000000000100b4        0x0 CMakeFiles/example.elf.dir/mt19937ar.cpp.obj
 .rela.text     0x00000000000100b4        0x0 CMakeFiles/example.elf.dir/mt19937ar.cpp.obj
 *(.rela.fini)
 *(.rela.rodata .rela.rodata.* .rela.gnu.linkonce.r.*)
 *(.rela.data .rela.data.* .rela.gnu.linkonce.d.*)
 *(.rela.tdata .rela.tdata.* .rela.gnu.linkonce.td.*)
 *(.rela.tbss .rela.tbss.* .rela.gnu.linkonce.tb.*)
 *(.rela.ctors)
 *(.rela.dtors)
 *(.rela.got)
 *(.rela.sdata .rela.sdata.* .rela.gnu.linkonce.s.*)
 *(.rela.sbss .rela.sbss.* .rela.gnu.linkonce.sb.*)
 *(.rela.sdata2 .rela.sdata2.* .rela.gnu.linkonce.s2.*)
 *(.rela.sbss2 .rela.sbss2.* .rela.gnu.linkonce.sb2.*)
 *(.rela.bss .rela.bss.* .rela.gnu.linkonce.b.*)
                [!provide]                        PROVIDE (__rela_iplt_start = .)
 *(.rela.iplt)
                [!provide]                        PROVIDE (__rela_iplt_end = .)

.rela.plt
 *(.rela.plt)

.init
 *(SORT_NONE(.init))

.plt
 *(.plt)

.iplt
 *(.iplt)

.text           0x00000000000100b4    0x2c074
 *(.text.unlikely .text.*_unlikely .text.unlikely.*)
 *(.text.exit .text.exit.*)
 *(.text.startup .text.startup.*)
 .text.startup.main
                0x00000000000100b4       0x74 CMakeFiles/example.elf.dir/TestLeNet.cpp.obj
                0x00000000000100b4                main
 .text.startup.register_fini
                0x0000000000010128       0x18 /opt/riscv/lib/gcc/riscv32-unknown-elf/12.1.0/../../../../riscv32-unknown-elf/lib/libc.a(lib_a-__call_atexit.o)
 *(.text.hot .text.hot.*)
 *(SORT_BY_NAME(.text.sorted.*))
 *(.text .stub .text.* .gnu.linkonce.t.*)
 .text._Z12init_genrandm
                0x0000000000010140       0x48 CMakeFiles/example.elf.dir/mt19937ar.cpp.obj
                0x0000000000010140                init_genrand(unsigned long)
 .text._Z13genrand_int32v
                0x0000000000010188      0x1a8 CMakeFiles/example.elf.dir/mt19937ar.cpp.obj
                0x0000000000010188                genrand_int32()
 .text._Z13genrand_real1v
                0x0000000000010330       0x2c CMakeFiles/example.elf.dir/mt19937ar.cpp.obj
                0x0000000000010330                genrand_real1()
 .text.stbi__refill_buffer
                0x000000000001035c       0x74 CMakeFiles/example.elf.dir/stb_image_impl.cpp.obj
 .text.stbi__idct_block
                0x00000000000103d0      0x4b4 CMakeFiles/example.elf.dir/stb_image_impl.cpp.obj
 .text.resample_row_1
                0x0000000000010884        0x8 CMakeFiles/example.elf.dir/stb_image_impl.cpp.obj
 .text.stbi__resample_row_v_2
                0x000000000001088c       0x40 CMakeFiles/example.elf.dir/stb_image_impl.cpp.obj
 .text.stbi__resample_row_hv_2
                0x00000000000108cc       0xc0 CMakeFiles/example.elf.dir/stb_image_impl.cpp.obj
 .text.stbi__resample_row_generic
                0x000000000001098c      0x1ac CMakeFiles/example.elf.dir/stb_image_impl.cpp.obj
 .text.stbi__YCbCr_to_RGB_row
                0x0000000000010b38      0x148 CMakeFiles/example.elf.dir/stb_image_impl.cpp.obj
 .text.stbi__high_bit
                0x0000000000010c80       0x70 CMakeFiles/example.elf.dir/stb_image_impl.cpp.obj
 .text.stbi__out_gif_code
                0x0000000000010cf0      0x140 CMakeFiles/example.elf.dir/stb_image_impl.cpp.obj
 .text.stbi__stdio_eof
                0x0000000000010e30       0x48 CMakeFiles/example.elf.dir/stb_image_impl.cpp.obj
 .text.stbi__stdio_skip
                0x0000000000010e78       0x4c CMakeFiles/example.elf.dir/stb_image_impl.cpp.obj
 .text.stbi__stdio_read
                0x0000000000010ec4       0x10 CMakeFiles/example.elf.dir/stb_image_impl.cpp.obj
 .text.stbi__build_huffman
                0x0000000000010ed4      0x1c8 CMakeFiles/example.elf.dir/stb_image_impl.cpp.obj
 .text.stbi__getn
                0x000000000001109c       0xe8 CMakeFiles/example.elf.dir/stb_image_impl.cpp.obj
 .text.stbi__vertical_flip
                0x0000000000011184      0x100 CMakeFiles/example.elf.dir/stb_image_impl.cpp.obj
 .text.stbi__hdr_convert
                0x0000000000011284      0x148 CMakeFiles/example.elf.dir/stb_image_impl.cpp.obj
 .text.stbi__skip.part.0
                0x00000000000113cc       0x3c CMakeFiles/example.elf.dir/stb_image_impl.cpp.obj
 .text.stbi__resample_row_h_2
                0x0000000000011408       0xe0 CMakeFiles/example.elf.dir/stb_image_impl.cpp.obj
 .text.stbi__create_png_alpha_expand8
                0x00000000000114e8       0x8c CMakeFiles/example.elf.dir/stb_image_impl.cpp.obj
 .text.stbi__convert_format16.part.0
                0x0000000000011574      0x588 CMakeFiles/example.elf.dir/stb_image_impl.cpp.obj
 .text.stbi__free_jpeg_components.constprop.0
                0x0000000000011afc       0x94 CMakeFiles/example.elf.dir/stb_image_impl.cpp.obj
 .text.stbi__mad4sizes_valid.constprop.0
                0x0000000000011b90       0x8c CMakeFiles/example.elf.dir/stb_image_impl.cpp.obj
 .text.stbi__malloc_mad3
                0x0000000000011c1c       0x5c CMakeFiles/example.elf.dir/stb_image_impl.cpp.obj
 .text.stbi__zbuild_huffman
                0x0000000000011c78      0x54c CMakeFiles/example.elf.dir/stb_image_impl.cpp.obj
 .text.stbi__pnm_skip_whitespace
                0x00000000000121c4      0x270 CMakeFiles/example.elf.dir/stb_image_impl.cpp.obj
 .text.stbi__gif_parse_colortable
                0x0000000000012434      0x238 CMakeFiles/example.elf.dir/stb_image_impl.cpp.obj
 .text.stbi__convert_format.part.0
                0x000000000001266c      0x5a0 CMakeFiles/example.elf.dir/stb_image_impl.cpp.obj
 .text.stbi__pnm_getinteger
                0x0000000000012c0c      0x17c CMakeFiles/example.elf.dir/stb_image_impl.cpp.obj
 .text.stbi__create_png_image_raw
                0x0000000000012d88      0xb1c CMakeFiles/example.elf.dir/stb_image_impl.cpp.obj
 .text.stbi__hdr_test
                0x00000000000138a4      0x1c8 CMakeFiles/example.elf.dir/stb_image_impl.cpp.obj
 .text.stbi__get8
                0x0000000000013a6c       0xcc CMakeFiles/example.elf.dir/stb_image_impl.cpp.obj
 .text.stbi__readval
                0x0000000000013b38      0x148 CMakeFiles/example.elf.dir/stb_image_impl.cpp.obj
 .text.stbi__get16be
                0x0000000000013c80      0x150 CMakeFiles/example.elf.dir/stb_image_impl.cpp.obj
 .text.stbi__get16le
                0x0000000000013dd0      0x150 CMakeFiles/example.elf.dir/stb_image_impl.cpp.obj
 .text.stbi__get32le
                0x0000000000013f20      0x25c CMakeFiles/example.elf.dir/stb_image_impl.cpp.obj
 .text.stbi__hdr_gettoken
                0x000000000001417c      0x2cc CMakeFiles/example.elf.dir/stb_image_impl.cpp.obj
 .text.stbi__compute_huffman_codes
                0x0000000000014448      0xf3c CMakeFiles/example.elf.dir/stb_image_impl.cpp.obj
 .text.stbi__parse_zlib
                0x0000000000015384     0x18a8 CMakeFiles/example.elf.dir/stb_image_impl.cpp.obj
 .text.stbi__get_marker
                0x0000000000016c2c      0x1b0 CMakeFiles/example.elf.dir/stb_image_impl.cpp.obj
 .text.stbi__grow_buffer_unsafe
                0x0000000000016ddc      0x280 CMakeFiles/example.elf.dir/stb_image_impl.cpp.obj
 .text.stbi__jpeg_decode_block_prog_dc
                0x000000000001705c      0x408 CMakeFiles/example.elf.dir/stb_image_impl.cpp.obj
 .text.stbi__jpeg_decode_block
                0x0000000000017464      0x68c CMakeFiles/example.elf.dir/stb_image_impl.cpp.obj
 .text.stbi__process_marker
                0x0000000000017af0      0x8cc CMakeFiles/example.elf.dir/stb_image_impl.cpp.obj
 .text.stbi__bmp_parse_header.constprop.0
                0x00000000000183bc      0x4bc CMakeFiles/example.elf.dir/stb_image_impl.cpp.obj
 .text.stbi__get32be
                0x0000000000018878      0x294 CMakeFiles/example.elf.dir/stb_image_impl.cpp.obj
 .text.stbi__pnm_info
                0x0000000000018b0c      0x2d8 CMakeFiles/example.elf.dir/stb_image_impl.cpp.obj
 .text.stbi__hdr_load.constprop.0
                0x0000000000018de4      0x6f0 CMakeFiles/example.elf.dir/stb_image_impl.cpp.obj
 .text.stbi__bmp_load.constprop.0
                0x00000000000194d4     0x128c CMakeFiles/example.elf.dir/stb_image_impl.cpp.obj
 .text.stbi__parse_png_file
                0x000000000001a760     0x1768 CMakeFiles/example.elf.dir/stb_image_impl.cpp.obj
 .text.stbi__decode_jpeg_header
                0x000000000001bec8      0x9a0 CMakeFiles/example.elf.dir/stb_image_impl.cpp.obj
 .text.stbi__decode_jpeg_image
                0x000000000001c868     0x1b64 CMakeFiles/example.elf.dir/stb_image_impl.cpp.obj
 .text.stbi__gif_header
                0x000000000001e3cc      0x2bc CMakeFiles/example.elf.dir/stb_image_impl.cpp.obj
 .text.stbi__gif_load_next.constprop.0
                0x000000000001e688      0xc10 CMakeFiles/example.elf.dir/stb_image_impl.cpp.obj
 .text.stbi__gif_load.constprop.0
                0x000000000001f298      0x168 CMakeFiles/example.elf.dir/stb_image_impl.cpp.obj
 .text.stbi__load_main
                0x000000000001f400     0x3c64 CMakeFiles/example.elf.dir/stb_image_impl.cpp.obj
 .text.stbi__load_and_postprocess_8bit
                0x0000000000023064      0x130 CMakeFiles/example.elf.dir/stb_image_impl.cpp.obj
 .text.stbi_image_free
                0x0000000000023194        0x4 CMakeFiles/example.elf.dir/stb_image_impl.cpp.obj
                0x0000000000023194                stbi_image_free
 .text.stbi_load
                0x0000000000023198      0x144 CMakeFiles/example.elf.dir/stb_image_impl.cpp.obj
                0x0000000000023198                stbi_load
 .text._Z13release_layerP6_Layer
                0x00000000000232dc      0x194 CMakeFiles/example.elf.dir/TestLeNet.cpp.obj
                0x00000000000232dc                release_layer(_Layer*)
 .text._Z10load_modelPKc
                0x0000000000023470      0x2e0 CMakeFiles/example.elf.dir/TestLeNet.cpp.obj
                0x0000000000023470                load_model(char const*)
 .text._Z25load_and_preprocess_imagePKcPd
                0x0000000000023750      0x178 CMakeFiles/example.elf.dir/TestLeNet.cpp.obj
                0x0000000000023750                load_and_preprocess_image(char const*, double*)
 .text._Z20predict_single_imagePKc
                0x00000000000238c8      0x328 CMakeFiles/example.elf.dir/TestLeNet.cpp.obj
                0x00000000000238c8                predict_single_image(char const*)
 .text._Z17test_custom_imagePKcS0_
                0x0000000000023bf0      0x9e8 CMakeFiles/example.elf.dir/TestLeNet.cpp.obj
                0x0000000000023bf0                test_custom_image(char const*, char const*)
 .text._Z10conv_fpropP6_LayerS0_Pb
                0x00000000000245d8      0x4d0 CMakeFiles/example.elf.dir/hls.cpp.obj
                0x00000000000245d8                conv_fprop(_Layer*, _Layer*, bool*)
 .text._Z17max_pooling_fpropP6_LayerS0_
                0x0000000000024aa8      0x2c4 CMakeFiles/example.elf.dir/hls.cpp.obj
                0x0000000000024aa8                max_pooling_fprop(_Layer*, _Layer*)
 .text._Z21fully_connected_fpropP6_LayerS0_
                0x0000000000024d6c      0x1cc CMakeFiles/example.elf.dir/hls.cpp.obj
                0x0000000000024d6c                fully_connected_fprop(_Layer*, _Layer*)
 .text.calloc   0x0000000000024f38       0x14 /opt/riscv/lib/gcc/riscv32-unknown-elf/12.1.0/../../../../riscv32-unknown-elf/lib/libc.a(lib_a-calloc.o)
                0x0000000000024f38                calloc
 .text._calloc_r
                0x0000000000024f4c      0x1bc /opt/riscv/lib/gcc/riscv32-unknown-elf/12.1.0/../../../../riscv32-unknown-elf/lib/libc.a(lib_a-callocr.o)
                0x0000000000024f4c                _calloc_r
 .text.__errno  0x0000000000025108        0x8 /opt/riscv/lib/gcc/riscv32-unknown-elf/12.1.0/../../../../riscv32-unknown-elf/lib/libc.a(lib_a-errno.o)
                0x0000000000025108                __errno
 .text._fclose_r
                0x0000000000025110      0x110 /opt/riscv/lib/gcc/riscv32-unknown-elf/12.1.0/../../../../riscv32-unknown-elf/lib/libc.a(lib_a-fclose.o)
                0x0000000000025110                _fclose_r
 .text.fclose   0x0000000000025220        0xc /opt/riscv/lib/gcc/riscv32-unknown-elf/12.1.0/../../../../riscv32-unknown-elf/lib/libc.a(lib_a-fclose.o)
                0x0000000000025220                fclose
 .text.feof     0x000000000002522c       0x60 /opt/riscv/lib/gcc/riscv32-unknown-elf/12.1.0/../../../../riscv32-unknown-elf/lib/libc.a(lib_a-feof.o)
                0x000000000002522c                feof
 .text.ferror   0x000000000002528c       0x60 /opt/riscv/lib/gcc/riscv32-unknown-elf/12.1.0/../../../../riscv32-unknown-elf/lib/libc.a(lib_a-ferror.o)
                0x000000000002528c                ferror
 .text.__sflush_r
                0x00000000000252ec      0x24c /opt/riscv/lib/gcc/riscv32-unknown-elf/12.1.0/../../../../riscv32-unknown-elf/lib/libc.a(lib_a-fflush.o)
                0x00000000000252ec                __sflush_r
 .text._fflush_r
                0x0000000000025538       0x60 /opt/riscv/lib/gcc/riscv32-unknown-elf/12.1.0/../../../../riscv32-unknown-elf/lib/libc.a(lib_a-fflush.o)
                0x0000000000025538                _fflush_r
 .text.fflush   0x0000000000025598       0x7c /opt/riscv/lib/gcc/riscv32-unknown-elf/12.1.0/../../../../riscv32-unknown-elf/lib/libc.a(lib_a-fflush.o)
                0x0000000000025598                fflush
 .text.fgetc    0x0000000000025614       0x8c /opt/riscv/lib/gcc/riscv32-unknown-elf/12.1.0/../../../../riscv32-unknown-elf/lib/libc.a(lib_a-fgetc.o)
                0x0000000000025614                fgetc
 .text._cleanup_r
                0x00000000000256a0        0xc /opt/riscv/lib/gcc/riscv32-unknown-elf/12.1.0/../../../../riscv32-unknown-elf/lib/libc.a(lib_a-findfp.o)
                0x00000000000256a0                _cleanup_r
 .text.__sinit.part.0
                0x00000000000256ac      0x184 /opt/riscv/lib/gcc/riscv32-unknown-elf/12.1.0/../../../../riscv32-unknown-elf/lib/libc.a(lib_a-findfp.o)
 .text.__sfp    0x0000000000025830      0x12c /opt/riscv/lib/gcc/riscv32-unknown-elf/12.1.0/../../../../riscv32-unknown-elf/lib/libc.a(lib_a-findfp.o)
                0x0000000000025830                __sfp
 .text.__sinit  0x000000000002595c       0x10 /opt/riscv/lib/gcc/riscv32-unknown-elf/12.1.0/../../../../riscv32-unknown-elf/lib/libc.a(lib_a-findfp.o)
                0x000000000002595c                __sinit
 .text.__sfp_lock_acquire
                0x000000000002596c        0x4 /opt/riscv/lib/gcc/riscv32-unknown-elf/12.1.0/../../../../riscv32-unknown-elf/lib/libc.a(lib_a-findfp.o)
                0x000000000002596c                __sfp_lock_acquire
 .text.__sfp_lock_release
                0x0000000000025970        0x4 /opt/riscv/lib/gcc/riscv32-unknown-elf/12.1.0/../../../../riscv32-unknown-elf/lib/libc.a(lib_a-findfp.o)
                0x0000000000025970                __sfp_lock_release
 .text._fopen_r
                0x0000000000025974      0x118 /opt/riscv/lib/gcc/riscv32-unknown-elf/12.1.0/../../../../riscv32-unknown-elf/lib/libc.a(lib_a-fopen.o)
                0x0000000000025974                _fopen_r
 .text.fopen    0x0000000000025a8c       0x14 /opt/riscv/lib/gcc/riscv32-unknown-elf/12.1.0/../../../../riscv32-unknown-elf/lib/libc.a(lib_a-fopen.o)
                0x0000000000025a8c                fopen
 .text._fread_r
                0x0000000000025aa0      0x264 /opt/riscv/lib/gcc/riscv32-unknown-elf/12.1.0/../../../../riscv32-unknown-elf/lib/libc.a(lib_a-fread.o)
                0x0000000000025aa0                _fread_r
 .text.fread    0x0000000000025d04       0x1c /opt/riscv/lib/gcc/riscv32-unknown-elf/12.1.0/../../../../riscv32-unknown-elf/lib/libc.a(lib_a-fread.o)
                0x0000000000025d04                fread
 .text._malloc_trim_r
                0x0000000000025d20      0x13c /opt/riscv/lib/gcc/riscv32-unknown-elf/12.1.0/../../../../riscv32-unknown-elf/lib/libc.a(lib_a-freer.o)
                0x0000000000025d20                _malloc_trim_r
 .text._free_r  0x0000000000025e5c      0x304 /opt/riscv/lib/gcc/riscv32-unknown-elf/12.1.0/../../../../riscv32-unknown-elf/lib/libc.a(lib_a-freer.o)
                0x0000000000025e5c                _free_r
 .text._fseek_r
                0x0000000000026160        0x4 /opt/riscv/lib/gcc/riscv32-unknown-elf/12.1.0/../../../../riscv32-unknown-elf/lib/libc.a(lib_a-fseek.o)
                0x0000000000026160                _fseek_r
 .text.fseek    0x0000000000026164       0x18 /opt/riscv/lib/gcc/riscv32-unknown-elf/12.1.0/../../../../riscv32-unknown-elf/lib/libc.a(lib_a-fseek.o)
                0x0000000000026164                fseek
 .text._fseeko_r
                0x000000000002617c      0x45c /opt/riscv/lib/gcc/riscv32-unknown-elf/12.1.0/../../../../riscv32-unknown-elf/lib/libc.a(lib_a-fseeko.o)
                0x000000000002617c                _fseeko_r
 .text._fstat_r
                0x00000000000265d8       0x64 /opt/riscv/lib/gcc/riscv32-unknown-elf/12.1.0/../../../../riscv32-unknown-elf/lib/libc.a(lib_a-fstatr.o)
                0x00000000000265d8                _fstat_r
 .text._fwalk   0x000000000002663c       0xa4 /opt/riscv/lib/gcc/riscv32-unknown-elf/12.1.0/../../../../riscv32-unknown-elf/lib/libc.a(lib_a-fwalk.o)
                0x000000000002663c                _fwalk
 .text._fwalk_reent
                0x00000000000266e0       0xb4 /opt/riscv/lib/gcc/riscv32-unknown-elf/12.1.0/../../../../riscv32-unknown-elf/lib/libc.a(lib_a-fwalk.o)
                0x00000000000266e0                _fwalk_reent
 .text.__smakebuf_r
                0x0000000000026794      0x190 /opt/riscv/lib/gcc/riscv32-unknown-elf/12.1.0/../../../../riscv32-unknown-elf/lib/libc.a(lib_a-makebuf.o)
                0x0000000000026794                __smakebuf_r
 .text.malloc   0x0000000000026924        0xc /opt/riscv/lib/gcc/riscv32-unknown-elf/12.1.0/../../../../riscv32-unknown-elf/lib/libc.a(lib_a-malloc.o)
                0x0000000000026924                malloc
 .text.free     0x0000000000026930        0xc /opt/riscv/lib/gcc/riscv32-unknown-elf/12.1.0/../../../../riscv32-unknown-elf/lib/libc.a(lib_a-malloc.o)
                0x0000000000026930                free
 .text._malloc_r
                0x000000000002693c      0x788 /opt/riscv/lib/gcc/riscv32-unknown-elf/12.1.0/../../../../riscv32-unknown-elf/lib/libc.a(lib_a-mallocr.o)
                0x000000000002693c                _malloc_r
 .text.memcpy   0x00000000000270c4      0x1a4 /opt/riscv/lib/gcc/riscv32-unknown-elf/12.1.0/../../../../riscv32-unknown-elf/lib/libc.a(lib_a-memcpy.o)
                0x00000000000270c4                memcpy
 .text          0x0000000000027268       0xdc /opt/riscv/lib/gcc/riscv32-unknown-elf/12.1.0/../../../../riscv32-unknown-elf/lib/libc.a(lib_a-memset.o)
                0x0000000000027268                memset
 .text.__malloc_lock
                0x0000000000027344        0x4 /opt/riscv/lib/gcc/riscv32-unknown-elf/12.1.0/../../../../riscv32-unknown-elf/lib/libc.a(lib_a-mlock.o)
                0x0000000000027344                __malloc_lock
 .text.__malloc_unlock
                0x0000000000027348        0x4 /opt/riscv/lib/gcc/riscv32-unknown-elf/12.1.0/../../../../riscv32-unknown-elf/lib/libc.a(lib_a-mlock.o)
                0x0000000000027348                __malloc_unlock
 .text._open_r  0x000000000002734c       0x68 /opt/riscv/lib/gcc/riscv32-unknown-elf/12.1.0/../../../../riscv32-unknown-elf/lib/libc.a(lib_a-openr.o)
                0x000000000002734c                _open_r
 .text.printf   0x00000000000273b4       0x4c /opt/riscv/lib/gcc/riscv32-unknown-elf/12.1.0/../../../../riscv32-unknown-elf/lib/libc.a(lib_a-printf.o)
                0x00000000000273b4                printf
 .text._puts_r  0x0000000000027400       0xd0 /opt/riscv/lib/gcc/riscv32-unknown-elf/12.1.0/../../../../riscv32-unknown-elf/lib/libc.a(lib_a-puts.o)
                0x0000000000027400                _puts_r
 .text.puts     0x00000000000274d0        0xc /opt/riscv/lib/gcc/riscv32-unknown-elf/12.1.0/../../../../riscv32-unknown-elf/lib/libc.a(lib_a-puts.o)
                0x00000000000274d0                puts
 .text.realloc  0x00000000000274dc       0x14 /opt/riscv/lib/gcc/riscv32-unknown-elf/12.1.0/../../../../riscv32-unknown-elf/lib/libc.a(lib_a-realloc.o)
                0x00000000000274dc                realloc
 .text._realloc_r
                0x00000000000274f0      0x558 /opt/riscv/lib/gcc/riscv32-unknown-elf/12.1.0/../../../../riscv32-unknown-elf/lib/libc.a(lib_a-reallocr.o)
                0x00000000000274f0                _realloc_r
 .text.lflush   0x0000000000027a48       0x1c /opt/riscv/lib/gcc/riscv32-unknown-elf/12.1.0/../../../../riscv32-unknown-elf/lib/libc.a(lib_a-refill.o)
 .text.__srefill_r
                0x0000000000027a64      0x1c8 /opt/riscv/lib/gcc/riscv32-unknown-elf/12.1.0/../../../../riscv32-unknown-elf/lib/libc.a(lib_a-refill.o)
                0x0000000000027a64                __srefill_r
 .text.__srget_r
                0x0000000000027c2c       0x74 /opt/riscv/lib/gcc/riscv32-unknown-elf/12.1.0/../../../../riscv32-unknown-elf/lib/libc.a(lib_a-rget.o)
                0x0000000000027c2c                __srget_r
 .text._sbrk_r  0x0000000000027ca0       0x5c /opt/riscv/lib/gcc/riscv32-unknown-elf/12.1.0/../../../../riscv32-unknown-elf/lib/libc.a(lib_a-sbrkr.o)
                0x0000000000027ca0                _sbrk_r
 .text.ldexpf   0x0000000000027cfc       0x94 /opt/riscv/lib/gcc/riscv32-unknown-elf/12.1.0/../../../../riscv32-unknown-elf/lib/libc.a(lib_a-sf_ldexp.o)
                0x0000000000027cfc                ldexpf
 .text.scalbnf  0x0000000000027d90      0x128 /opt/riscv/lib/gcc/riscv32-unknown-elf/12.1.0/../../../../riscv32-unknown-elf/lib/libc.a(lib_a-sf_scalbn.o)
                0x0000000000027d90                scalbnf
 .text.__sread  0x0000000000027eb8       0x5c /opt/riscv/lib/gcc/riscv32-unknown-elf/12.1.0/../../../../riscv32-unknown-elf/lib/libc.a(lib_a-stdio.o)
                0x0000000000027eb8                __sread
 .text.__swrite
                0x0000000000027f14       0x88 /opt/riscv/lib/gcc/riscv32-unknown-elf/12.1.0/../../../../riscv32-unknown-elf/lib/libc.a(lib_a-stdio.o)
                0x0000000000027f14                __swrite
 .text.__sseek  0x0000000000027f9c       0x78 /opt/riscv/lib/gcc/riscv32-unknown-elf/12.1.0/../../../../riscv32-unknown-elf/lib/libc.a(lib_a-stdio.o)
                0x0000000000027f9c                __sseek
 .text.__sclose
                0x0000000000028014        0x8 /opt/riscv/lib/gcc/riscv32-unknown-elf/12.1.0/../../../../riscv32-unknown-elf/lib/libc.a(lib_a-stdio.o)
                0x0000000000028014                __sclose
 .text          0x000000000002801c      0x17c /opt/riscv/lib/gcc/riscv32-unknown-elf/12.1.0/../../../../riscv32-unknown-elf/lib/libc.a(lib_a-strcmp.o)
                0x000000000002801c                strcmp
 .text.strlen   0x0000000000028198       0x8c /opt/riscv/lib/gcc/riscv32-unknown-elf/12.1.0/../../../../riscv32-unknown-elf/lib/libc.a(lib_a-strlen.o)
                0x0000000000028198                strlen
 .text._strtol_l.constprop.0
                0x0000000000028224      0x270 /opt/riscv/lib/gcc/riscv32-unknown-elf/12.1.0/../../../../riscv32-unknown-elf/lib/libc.a(lib_a-strtol.o)
 .text.strtol   0x0000000000028494       0x18 /opt/riscv/lib/gcc/riscv32-unknown-elf/12.1.0/../../../../riscv32-unknown-elf/lib/libc.a(lib_a-strtol.o)
                0x0000000000028494                strtol
 .text.system   0x00000000000284ac       0x30 /opt/riscv/lib/gcc/riscv32-unknown-elf/12.1.0/../../../../riscv32-unknown-elf/lib/libc.a(lib_a-system.o)
                0x00000000000284ac                system
 .text.time     0x00000000000284dc       0x5c /opt/riscv/lib/gcc/riscv32-unknown-elf/12.1.0/../../../../riscv32-unknown-elf/lib/libc.a(lib_a-time.o)
                0x00000000000284dc                time
 .text.__submore
                0x0000000000028538       0xcc /opt/riscv/lib/gcc/riscv32-unknown-elf/12.1.0/../../../../riscv32-unknown-elf/lib/libc.a(lib_a-ungetc.o)
                0x0000000000028538                __submore
 .text._ungetc_r
                0x0000000000028604      0x18c /opt/riscv/lib/gcc/riscv32-unknown-elf/12.1.0/../../../../riscv32-unknown-elf/lib/libc.a(lib_a-ungetc.o)
                0x0000000000028604                _ungetc_r
 .text.ungetc   0x0000000000028790       0x14 /opt/riscv/lib/gcc/riscv32-unknown-elf/12.1.0/../../../../riscv32-unknown-elf/lib/libc.a(lib_a-ungetc.o)
                0x0000000000028790                ungetc
 .text._vfprintf_r
                0x00000000000287a4     0x28e4 /opt/riscv/lib/gcc/riscv32-unknown-elf/12.1.0/../../../../riscv32-unknown-elf/lib/libc.a(lib_a-vfprintf.o)
                0x00000000000287a4                _vfprintf_r
 .text.__sbprintf
                0x000000000002b088       0xcc /opt/riscv/lib/gcc/riscv32-unknown-elf/12.1.0/../../../../riscv32-unknown-elf/lib/libc.a(lib_a-vfprintf.o)
 .text._write_r
                0x000000000002b154       0x68 /opt/riscv/lib/gcc/riscv32-unknown-elf/12.1.0/../../../../riscv32-unknown-elf/lib/libc.a(lib_a-writer.o)
                0x000000000002b154                _write_r
 .text.__swsetup_r
                0x000000000002b1bc      0x140 /opt/riscv/lib/gcc/riscv32-unknown-elf/12.1.0/../../../../riscv32-unknown-elf/lib/libc.a(lib_a-wsetup.o)
                0x000000000002b1bc                __swsetup_r
 .text.atexit   0x000000000002b2fc       0x14 /opt/riscv/lib/gcc/riscv32-unknown-elf/12.1.0/../../../../riscv32-unknown-elf/lib/libc.a(lib_a-atexit.o)
                0x000000000002b2fc                atexit
 .text._close_r
                0x000000000002b310       0x5c /opt/riscv/lib/gcc/riscv32-unknown-elf/12.1.0/../../../../riscv32-unknown-elf/lib/libc.a(lib_a-closer.o)
                0x000000000002b310                _close_r
 .text.__libc_fini_array
                0x000000000002b36c       0x5c /opt/riscv/lib/gcc/riscv32-unknown-elf/12.1.0/../../../../riscv32-unknown-elf/lib/libc.a(lib_a-fini.o)
                0x000000000002b36c                __libc_fini_array
 .text.__sflags
                0x000000000002b3c8       0xac /opt/riscv/lib/gcc/riscv32-unknown-elf/12.1.0/../../../../riscv32-unknown-elf/lib/libc.a(lib_a-flags.o)
                0x000000000002b3c8                __sflags
 .text.__sfvwrite_r
                0x000000000002b474      0x4a0 /opt/riscv/lib/gcc/riscv32-unknown-elf/12.1.0/../../../../riscv32-unknown-elf/lib/libc.a(lib_a-fvwrite.o)
                0x000000000002b474                __sfvwrite_r
 .text._gettimeofday_r
                0x000000000002b914       0x64 /opt/riscv/lib/gcc/riscv32-unknown-elf/12.1.0/../../../../riscv32-unknown-elf/lib/libc.a(lib_a-gettimeofdayr.o)
                0x000000000002b914                _gettimeofday_r
 .text._isatty_r
                0x000000000002b978       0x5c /opt/riscv/lib/gcc/riscv32-unknown-elf/12.1.0/../../../../riscv32-unknown-elf/lib/libc.a(lib_a-isattyr.o)
                0x000000000002b978                _isatty_r
 .text.eshdn1   0x000000000002b9d4       0x54 /opt/riscv/lib/gcc/riscv32-unknown-elf/12.1.0/../../../../riscv32-unknown-elf/lib/libc.a(lib_a-ldtoa.o)
 .text.eshup1   0x000000000002ba28       0x54 /opt/riscv/lib/gcc/riscv32-unknown-elf/12.1.0/../../../../riscv32-unknown-elf/lib/libc.a(lib_a-ldtoa.o)
 .text.m16m     0x000000000002ba7c       0xd0 /opt/riscv/lib/gcc/riscv32-unknown-elf/12.1.0/../../../../riscv32-unknown-elf/lib/libc.a(lib_a-ldtoa.o)
 .text.emovo.constprop.0
                0x000000000002bb4c       0xbc /opt/riscv/lib/gcc/riscv32-unknown-elf/12.1.0/../../../../riscv32-unknown-elf/lib/libc.a(lib_a-ldtoa.o)
 .text.enormlz  0x000000000002bc08      0x174 /opt/riscv/lib/gcc/riscv32-unknown-elf/12.1.0/../../../../riscv32-unknown-elf/lib/libc.a(lib_a-ldtoa.o)
 .text.eshift.part.0
                0x000000000002bd7c      0x1bc /opt/riscv/lib/gcc/riscv32-unknown-elf/12.1.0/../../../../riscv32-unknown-elf/lib/libc.a(lib_a-ldtoa.o)
 .text.emovi    0x000000000002bf38       0xb4 /opt/riscv/lib/gcc/riscv32-unknown-elf/12.1.0/../../../../riscv32-unknown-elf/lib/libc.a(lib_a-ldtoa.o)
 .text.ecmp     0x000000000002bfec      0x14c /opt/riscv/lib/gcc/riscv32-unknown-elf/12.1.0/../../../../riscv32-unknown-elf/lib/libc.a(lib_a-ldtoa.o)
 .text.emdnorm  0x000000000002c138      0x49c /opt/riscv/lib/gcc/riscv32-unknown-elf/12.1.0/../../../../riscv32-unknown-elf/lib/libc.a(lib_a-ldtoa.o)
 .text.eiremain
                0x000000000002c5d4      0x164 /opt/riscv/lib/gcc/riscv32-unknown-elf/12.1.0/../../../../riscv32-unknown-elf/lib/libc.a(lib_a-ldtoa.o)
 .text.e113toe.isra.0
                0x000000000002c738      0x154 /opt/riscv/lib/gcc/riscv32-unknown-elf/12.1.0/../../../../riscv32-unknown-elf/lib/libc.a(lib_a-ldtoa.o)
 .text.ediv     0x000000000002c88c      0x594 /opt/riscv/lib/gcc/riscv32-unknown-elf/12.1.0/../../../../riscv32-unknown-elf/lib/libc.a(lib_a-ldtoa.o)
 .text.emul     0x000000000002ce20      0x4d0 /opt/riscv/lib/gcc/riscv32-unknown-elf/12.1.0/../../../../riscv32-unknown-elf/lib/libc.a(lib_a-ldtoa.o)
 .text._ldtoa_r
                0x000000000002d2f0     0x1328 /opt/riscv/lib/gcc/riscv32-unknown-elf/12.1.0/../../../../riscv32-unknown-elf/lib/libc.a(lib_a-ldtoa.o)
                0x000000000002d2f0                _ldtoa_r
 .text._ldcheck
                0x000000000002e618       0x78 /opt/riscv/lib/gcc/riscv32-unknown-elf/12.1.0/../../../../riscv32-unknown-elf/lib/libc.a(lib_a-ldtoa.o)
                0x000000000002e618                _ldcheck
 .text._localeconv_r
                0x000000000002e690        0xc /opt/riscv/lib/gcc/riscv32-unknown-elf/12.1.0/../../../../riscv32-unknown-elf/lib/libc.a(lib_a-localeconv.o)
                0x000000000002e690                _localeconv_r
 .text._lseek_r
                0x000000000002e69c       0x68 /opt/riscv/lib/gcc/riscv32-unknown-elf/12.1.0/../../../../riscv32-unknown-elf/lib/libc.a(lib_a-lseekr.o)
                0x000000000002e69c                _lseek_r
 .text.memchr   0x000000000002e704       0xc4 /opt/riscv/lib/gcc/riscv32-unknown-elf/12.1.0/../../../../riscv32-unknown-elf/lib/libc.a(lib_a-memchr.o)
                0x000000000002e704                memchr
 .text.memmove  0x000000000002e7c8      0x11c /opt/riscv/lib/gcc/riscv32-unknown-elf/12.1.0/../../../../riscv32-unknown-elf/lib/libc.a(lib_a-memmove-stub.o)
                0x000000000002e7c8                memmove
 .text._Balloc  0x000000000002e8e4       0xa8 /opt/riscv/lib/gcc/riscv32-unknown-elf/12.1.0/../../../../riscv32-unknown-elf/lib/libc.a(lib_a-mprec.o)
                0x000000000002e8e4                _Balloc
 .text._Bfree   0x000000000002e98c       0x24 /opt/riscv/lib/gcc/riscv32-unknown-elf/12.1.0/../../../../riscv32-unknown-elf/lib/libc.a(lib_a-mprec.o)
                0x000000000002e98c                _Bfree
 .text._read_r  0x000000000002e9b0       0x68 /opt/riscv/lib/gcc/riscv32-unknown-elf/12.1.0/../../../../riscv32-unknown-elf/lib/libc.a(lib_a-readr.o)
                0x000000000002e9b0                _read_r
 .text.frexp    0x000000000002ea18       0xa8 /opt/riscv/lib/gcc/riscv32-unknown-elf/12.1.0/../../../../riscv32-unknown-elf/lib/libc.a(lib_a-s_frexp.o)
                0x000000000002ea18                frexp
 .text.finitef  0x000000000002eac0       0x14 /opt/riscv/lib/gcc/riscv32-unknown-elf/12.1.0/../../../../riscv32-unknown-elf/lib/libc.a(lib_a-sf_finite.o)
                0x000000000002eac0                finitef
 .text.sprintf  0x000000000002ead4       0x78 /opt/riscv/lib/gcc/riscv32-unknown-elf/12.1.0/../../../../riscv32-unknown-elf/lib/libc.a(lib_a-sprintf.o)
                0x000000000002ead4                sprintf
 .text.strcpy   0x000000000002eb4c       0xb0 /opt/riscv/lib/gcc/riscv32-unknown-elf/12.1.0/../../../../riscv32-unknown-elf/lib/libc.a(lib_a-strcpy.o)
                0x000000000002eb4c                strcpy
 .text.strncpy  0x000000000002ebfc       0xac /opt/riscv/lib/gcc/riscv32-unknown-elf/12.1.0/../../../../riscv32-unknown-elf/lib/libc.a(lib_a-strncpy.o)
                0x000000000002ebfc                strncpy
 .text._svfprintf_r
                0x000000000002eca8     0x288c /opt/riscv/lib/gcc/riscv32-unknown-elf/12.1.0/../../../../riscv32-unknown-elf/lib/libc.a(lib_a-svfprintf.o)
                0x000000000002eca8                _svfprintf_r
 .text.__sprint_r.part.0
                0x0000000000031534       0xf4 /opt/riscv/lib/gcc/riscv32-unknown-elf/12.1.0/../../../../riscv32-unknown-elf/lib/libc.a(lib_a-vfiprintf.o)
 .text.__sprint_r
                0x0000000000031628       0x18 /opt/riscv/lib/gcc/riscv32-unknown-elf/12.1.0/../../../../riscv32-unknown-elf/lib/libc.a(lib_a-vfiprintf.o)
                0x0000000000031628                __sprint_r
 .text._vfiprintf_r
                0x0000000000031640     0x132c /opt/riscv/lib/gcc/riscv32-unknown-elf/12.1.0/../../../../riscv32-unknown-elf/lib/libc.a(lib_a-vfiprintf.o)
                0x0000000000031640                _vfiprintf_r
 .text.__sbprintf
                0x000000000003296c       0xcc /opt/riscv/lib/gcc/riscv32-unknown-elf/12.1.0/../../../../riscv32-unknown-elf/lib/libc.a(lib_a-vfiprintf.o)
 .text.__register_exitproc
                0x0000000000032a38       0x98 /opt/riscv/lib/gcc/riscv32-unknown-elf/12.1.0/../../../../riscv32-unknown-elf/lib/libc.a(lib_a-__atexit.o)
                0x0000000000032a38                __register_exitproc
 .text.__assert_func
                0x0000000000032ad0       0x54 /opt/riscv/lib/gcc/riscv32-unknown-elf/12.1.0/../../../../riscv32-unknown-elf/lib/libc.a(lib_a-assert.o)
                0x0000000000032ad0                __assert_func
 .text.fiprintf
                0x0000000000032b24       0x4c /opt/riscv/lib/gcc/riscv32-unknown-elf/12.1.0/../../../../riscv32-unknown-elf/lib/libc.a(lib_a-fiprintf.o)
                0x0000000000032b24                fiprintf
 .text.__fputwc
                0x0000000000032b70       0xf4 /opt/riscv/lib/gcc/riscv32-unknown-elf/12.1.0/../../../../riscv32-unknown-elf/lib/libc.a(lib_a-fputwc.o)
                0x0000000000032b70                __fputwc
 .text._fputwc_r
                0x0000000000032c64       0x2c /opt/riscv/lib/gcc/riscv32-unknown-elf/12.1.0/../../../../riscv32-unknown-elf/lib/libc.a(lib_a-fputwc.o)
                0x0000000000032c64                _fputwc_r
 .text.__locale_mb_cur_max
                0x0000000000032c90        0xc /opt/riscv/lib/gcc/riscv32-unknown-elf/12.1.0/../../../../riscv32-unknown-elf/lib/libc.a(lib_a-locale.o)
                0x0000000000032c90                __locale_mb_cur_max
 .text.__ascii_mbtowc
                0x0000000000032c9c       0x68 /opt/riscv/lib/gcc/riscv32-unknown-elf/12.1.0/../../../../riscv32-unknown-elf/lib/libc.a(lib_a-mbtowc_r.o)
                0x0000000000032c9c                __ascii_mbtowc
 .text.__ssprint_r
                0x0000000000032d04      0x1c8 /opt/riscv/lib/gcc/riscv32-unknown-elf/12.1.0/../../../../riscv32-unknown-elf/lib/libc.a(lib_a-svfiprintf.o)
                0x0000000000032d04                __ssprint_r
 .text.__swbuf_r
                0x0000000000032ecc      0x174 /opt/riscv/lib/gcc/riscv32-unknown-elf/12.1.0/../../../../riscv32-unknown-elf/lib/libc.a(lib_a-wbuf.o)
                0x0000000000032ecc                __swbuf_r
 .text._wcrtomb_r
                0x0000000000033040       0x78 /opt/riscv/lib/gcc/riscv32-unknown-elf/12.1.0/../../../../riscv32-unknown-elf/lib/libc.a(lib_a-wcrtomb.o)
                0x0000000000033040                _wcrtomb_r
 .text.__ascii_wctomb
                0x00000000000330b8       0x30 /opt/riscv/lib/gcc/riscv32-unknown-elf/12.1.0/../../../../riscv32-unknown-elf/lib/libc.a(lib_a-wctomb_r.o)
                0x00000000000330b8                __ascii_wctomb
 .text.abort    0x00000000000330e8       0x18 /opt/riscv/lib/gcc/riscv32-unknown-elf/12.1.0/../../../../riscv32-unknown-elf/lib/libc.a(lib_a-abort.o)
                0x00000000000330e8                abort
 .text.raise    0x0000000000033100       0xc0 /opt/riscv/lib/gcc/riscv32-unknown-elf/12.1.0/../../../../riscv32-unknown-elf/lib/libc.a(lib_a-signal.o)
                0x0000000000033100                raise
 .text._kill_r  0x00000000000331c0       0x64 /opt/riscv/lib/gcc/riscv32-unknown-elf/12.1.0/../../../../riscv32-unknown-elf/lib/libc.a(lib_a-signalr.o)
                0x00000000000331c0                _kill_r
 .text._getpid_r
                0x0000000000033224        0x4 /opt/riscv/lib/gcc/riscv32-unknown-elf/12.1.0/../../../../riscv32-unknown-elf/lib/libc.a(lib_a-signalr.o)
                0x0000000000033224                _getpid_r
 .text          0x0000000000033228       0x48 ../../source/riscv/libcrt_tr.a(crt0_tr.o)
                0x0000000000033228                _start
 .text          0x0000000000033270       0x30 ../../source/riscv/libcrt_tr.a(sys_close.o)
                0x0000000000033270                _close
 .text          0x00000000000332a0       0x24 ../../source/riscv/libcrt_tr.a(sys_exit.o)
                0x00000000000332a0                _exit
 .text          0x00000000000332c4       0x24 ../../source/riscv/libcrt_tr.a(sys_fstat.o)
                0x00000000000332c4                _fstat
 .text          0x00000000000332e8        0x8 ../../source/riscv/libcrt_tr.a(sys_getpid.o)
                0x00000000000332e8                _getpid
 .text          0x00000000000332f0        0x8 ../../source/riscv/libcrt_tr.a(sys_gettimeofday.o)
                0x00000000000332f0                _gettimeofday
 .text          0x00000000000332f8       0x40 ../../source/riscv/libcrt_tr.a(sys_isatty.o)
                0x00000000000332f8                _isatty
 .text          0x0000000000033338        0x8 ../../source/riscv/libcrt_tr.a(sys_kill.o)
                0x0000000000033338                _kill
 .text          0x0000000000033340       0x40 ../../source/riscv/libcrt_tr.a(sys_lseek.o)
                0x0000000000033340                _lseek
 .text          0x0000000000033380       0x74 ../../source/riscv/libcrt_tr.a(sys_open.o)
                0x0000000000033380                _open
                0x00000000000333c0                posix_memalign
 .text          0x00000000000333f4       0x40 ../../source/riscv/libcrt_tr.a(sys_read.o)
                0x00000000000333f4                _read
 .text          0x0000000000033434       0x48 ../../source/riscv/libcrt_tr.a(sys_sbrk.o)
                0x0000000000033434                _sbrk
 .text          0x000000000003347c       0x8c ../../source/riscv/libcrt_tr.a(sys_write.o)
                0x000000000003347c                _write
 .text          0x0000000000033508       0xa4 ../../source/riscv/libcrt_tr.a(sys_conv_stat.o)
                0x0000000000033508                _conv_stat
 .text          0x00000000000335ac      0x5c4 /opt/riscv/lib/gcc/riscv32-unknown-elf/12.1.0/libgcc.a(_udivdi3.o)
                0x00000000000335ac                __udivdi3
 .text          0x0000000000033b70      0x4d0 /opt/riscv/lib/gcc/riscv32-unknown-elf/12.1.0/libgcc.a(_umoddi3.o)
                0x0000000000033b70                __umoddi3
 .text          0x0000000000034040      0x7ec /opt/riscv/lib/gcc/riscv32-unknown-elf/12.1.0/libgcc.a(adddf3.o)
                0x0000000000034040                __adddf3
 .text          0x000000000003482c      0x7cc /opt/riscv/lib/gcc/riscv32-unknown-elf/12.1.0/libgcc.a(divdf3.o)
                0x000000000003482c                __divdf3
 .text          0x0000000000034ff8      0x110 /opt/riscv/lib/gcc/riscv32-unknown-elf/12.1.0/libgcc.a(gedf2.o)
                0x0000000000034ff8                __gtdf2
                0x0000000000034ff8                __gedf2
 .text          0x0000000000035108      0x110 /opt/riscv/lib/gcc/riscv32-unknown-elf/12.1.0/libgcc.a(ledf2.o)
                0x0000000000035108                __ltdf2
                0x0000000000035108                __ledf2
 .text          0x0000000000035218      0x6bc /opt/riscv/lib/gcc/riscv32-unknown-elf/12.1.0/libgcc.a(muldf3.o)
                0x0000000000035218                __muldf3
 .text          0x00000000000358d4      0x854 /opt/riscv/lib/gcc/riscv32-unknown-elf/12.1.0/libgcc.a(subdf3.o)
                0x00000000000358d4                __subdf3
 .text          0x0000000000036128       0xa8 /opt/riscv/lib/gcc/riscv32-unknown-elf/12.1.0/libgcc.a(floatsidf.o)
                0x0000000000036128                __floatsidf
 .text          0x00000000000361d0       0x80 /opt/riscv/lib/gcc/riscv32-unknown-elf/12.1.0/libgcc.a(floatunsidf.o)
                0x00000000000361d0                __floatunsidf
 .text          0x0000000000036250       0xd4 /opt/riscv/lib/gcc/riscv32-unknown-elf/12.1.0/libgcc.a(eqtf2.o)
                0x0000000000036250                __eqtf2
                0x0000000000036250                __netf2
 .text          0x0000000000036324      0x164 /opt/riscv/lib/gcc/riscv32-unknown-elf/12.1.0/libgcc.a(getf2.o)
                0x0000000000036324                __getf2
                0x0000000000036324                __gttf2
 .text          0x0000000000036488      0x164 /opt/riscv/lib/gcc/riscv32-unknown-elf/12.1.0/libgcc.a(letf2.o)
                0x0000000000036488                __letf2
                0x0000000000036488                __lttf2
 .text          0x00000000000365ec     0x142c /opt/riscv/lib/gcc/riscv32-unknown-elf/12.1.0/libgcc.a(multf3.o)
                0x00000000000365ec                __multf3
 .text          0x0000000000037a18     0x14f4 /opt/riscv/lib/gcc/riscv32-unknown-elf/12.1.0/libgcc.a(subtf3.o)
                0x0000000000037a18                __subtf3
 .text          0x0000000000038f0c       0xf4 /opt/riscv/lib/gcc/riscv32-unknown-elf/12.1.0/libgcc.a(fixtfsi.o)
                0x0000000000038f0c                __fixtfsi
 .text          0x0000000000039000      0x154 /opt/riscv/lib/gcc/riscv32-unknown-elf/12.1.0/libgcc.a(floatsitf.o)
                0x0000000000039000                __floatsitf
 .text          0x0000000000039154      0x470 /opt/riscv/lib/gcc/riscv32-unknown-elf/12.1.0/libgcc.a(addsf3.o)
                0x0000000000039154                __addsf3
 .text          0x00000000000395c4      0x388 /opt/riscv/lib/gcc/riscv32-unknown-elf/12.1.0/libgcc.a(divsf3.o)
                0x00000000000395c4                __divsf3
 .text          0x000000000003994c       0x74 /opt/riscv/lib/gcc/riscv32-unknown-elf/12.1.0/libgcc.a(eqsf2.o)
                0x000000000003994c                __nesf2
                0x000000000003994c                __eqsf2
 .text          0x00000000000399c0       0xdc /opt/riscv/lib/gcc/riscv32-unknown-elf/12.1.0/libgcc.a(gesf2.o)
                0x00000000000399c0                __gtsf2
                0x00000000000399c0                __gesf2
 .text          0x0000000000039a9c       0xdc /opt/riscv/lib/gcc/riscv32-unknown-elf/12.1.0/libgcc.a(lesf2.o)
                0x0000000000039a9c                __lesf2
                0x0000000000039a9c                __ltsf2
 .text          0x0000000000039b78      0x364 /opt/riscv/lib/gcc/riscv32-unknown-elf/12.1.0/libgcc.a(mulsf3.o)
                0x0000000000039b78                __mulsf3
 .text          0x0000000000039edc      0x4bc /opt/riscv/lib/gcc/riscv32-unknown-elf/12.1.0/libgcc.a(subsf3.o)
                0x0000000000039edc                __subsf3
 .text          0x000000000003a398       0x70 /opt/riscv/lib/gcc/riscv32-unknown-elf/12.1.0/libgcc.a(fixsfsi.o)
                0x000000000003a398                __fixsfsi
 .text          0x000000000003a408       0x60 /opt/riscv/lib/gcc/riscv32-unknown-elf/12.1.0/libgcc.a(fixunssfsi.o)
                0x000000000003a408                __fixunssfsi
 .text          0x000000000003a468      0x114 /opt/riscv/lib/gcc/riscv32-unknown-elf/12.1.0/libgcc.a(floatsisf.o)
                0x000000000003a468                __floatsisf
 .text          0x000000000003a57c      0x208 /opt/riscv/lib/gcc/riscv32-unknown-elf/12.1.0/libgcc.a(extenddftf2.o)
                0x000000000003a57c                __extenddftf2
 .text          0x000000000003a784      0x354 /opt/riscv/lib/gcc/riscv32-unknown-elf/12.1.0/libgcc.a(trunctfdf2.o)
                0x000000000003a784                __trunctfdf2
 .text          0x000000000003aad8       0x24 /opt/riscv/lib/gcc/riscv32-unknown-elf/12.1.0/libgcc.a(muldi3.o)
                0x000000000003aad8                __mulsi3
 .text          0x000000000003aafc       0xb4 /opt/riscv/lib/gcc/riscv32-unknown-elf/12.1.0/libgcc.a(div.o)
                0x000000000003aafc                __divsi3
                0x000000000003ab04                __hidden___udivsi3
                0x000000000003ab04                __udivsi3
                0x000000000003ab4c                __umodsi3
                0x000000000003ab80                __modsi3
 .text          0x000000000003abb0       0x4c /opt/riscv/lib/gcc/riscv32-unknown-elf/12.1.0/libgcc.a(_clzsi2.o)
                0x000000000003abb0                __clzsi2
 .text.exp      0x000000000003abfc       0xc0 /opt/riscv/lib/gcc/riscv32-unknown-elf/12.1.0/../../../../riscv32-unknown-elf/lib/libm.a(lib_a-w_exp.o)
                0x000000000003abfc                exp
 .text.powf     0x000000000003acbc      0x114 /opt/riscv/lib/gcc/riscv32-unknown-elf/12.1.0/../../../../riscv32-unknown-elf/lib/libm.a(lib_a-wf_pow.o)
                0x000000000003acbc                powf
 .text.__ieee754_exp
                0x000000000003add0      0x524 /opt/riscv/lib/gcc/riscv32-unknown-elf/12.1.0/../../../../riscv32-unknown-elf/lib/libm.a(lib_a-e_exp.o)
                0x000000000003add0                __ieee754_exp
 .text.__ieee754_powf
                0x000000000003b2f4      0xac0 /opt/riscv/lib/gcc/riscv32-unknown-elf/12.1.0/../../../../riscv32-unknown-elf/lib/libm.a(lib_a-ef_pow.o)
                0x000000000003b2f4                __ieee754_powf
 .text.__ieee754_sqrtf
                0x000000000003bdb4      0x150 /opt/riscv/lib/gcc/riscv32-unknown-elf/12.1.0/../../../../riscv32-unknown-elf/lib/libm.a(lib_a-ef_sqrt.o)
                0x000000000003bdb4                __ieee754_sqrtf
 .text.with_errno
                0x000000000003bf04       0x48 /opt/riscv/lib/gcc/riscv32-unknown-elf/12.1.0/../../../../riscv32-unknown-elf/lib/libm.a(lib_a-math_err.o)
 .text.xflow    0x000000000003bf4c       0x54 /opt/riscv/lib/gcc/riscv32-unknown-elf/12.1.0/../../../../riscv32-unknown-elf/lib/libm.a(lib_a-math_err.o)
 .text.__math_uflow
                0x000000000003bfa0        0xc /opt/riscv/lib/gcc/riscv32-unknown-elf/12.1.0/../../../../riscv32-unknown-elf/lib/libm.a(lib_a-math_err.o)
                0x000000000003bfa0                __math_uflow
 .text.__math_oflow
                0x000000000003bfac        0xc /opt/riscv/lib/gcc/riscv32-unknown-elf/12.1.0/../../../../riscv32-unknown-elf/lib/libm.a(lib_a-math_err.o)
                0x000000000003bfac                __math_oflow
 .text.with_errnof
                0x000000000003bfb8       0x38 /opt/riscv/lib/gcc/riscv32-unknown-elf/12.1.0/../../../../riscv32-unknown-elf/lib/libm.a(lib_a-math_errf.o)
 .text.xflowf   0x000000000003bff0       0x40 /opt/riscv/lib/gcc/riscv32-unknown-elf/12.1.0/../../../../riscv32-unknown-elf/lib/libm.a(lib_a-math_errf.o)
 .text.__math_uflowf
                0x000000000003c030        0x8 /opt/riscv/lib/gcc/riscv32-unknown-elf/12.1.0/../../../../riscv32-unknown-elf/lib/libm.a(lib_a-math_errf.o)
                0x000000000003c030                __math_uflowf
 .text.__math_oflowf
                0x000000000003c038        0x8 /opt/riscv/lib/gcc/riscv32-unknown-elf/12.1.0/../../../../riscv32-unknown-elf/lib/libm.a(lib_a-math_errf.o)
                0x000000000003c038                __math_oflowf
 .text.finite   0x000000000003c040       0x18 /opt/riscv/lib/gcc/riscv32-unknown-elf/12.1.0/../../../../riscv32-unknown-elf/lib/libm.a(lib_a-s_finite.o)
                0x000000000003c040                finite
 .text.fabsf    0x000000000003c058        0xc /opt/riscv/lib/gcc/riscv32-unknown-elf/12.1.0/../../../../riscv32-unknown-elf/lib/libm.a(lib_a-sf_fabs.o)
                0x000000000003c058                fabsf
 .text          0x000000000003c064       0x80 /opt/riscv/lib/gcc/riscv32-unknown-elf/12.1.0/libgcc.a(fixdfsi.o)
                0x000000000003c064                __fixdfsi
 .text          0x000000000003c0e4       0x44 /opt/riscv/lib/gcc/riscv32-unknown-elf/12.1.0/libgcc.a(unordsf2.o)
                0x000000000003c0e4                __unordsf2
 *(.gnu.warning)

.cmdr_wrp
                0x000000000003c128                _cmdr_inst_start = .

.cmdr_inst
                0x000000000003c128                _cmdr_inst_end = .

.fini
 *(SORT_NONE(.fini))
                [!provide]                        PROVIDE (__etext = .)
                [!provide]                        PROVIDE (_etext = .)
                [!provide]                        PROVIDE (etext = .)

.rodata         0x000000000003c128     0x19b8
 *(.rodata .rodata.* .gnu.linkonce.r.*)
 .rodata.stbi__load_gif_main_outofmem.str1.4
                0x000000000003c128        0x9 CMakeFiles/example.elf.dir/stb_image_impl.cpp.obj
 *fill*         0x000000000003c131        0x3 
 .rodata.stbi__build_huffman.str1.4
                0x000000000003c134       0x22 CMakeFiles/example.elf.dir/stb_image_impl.cpp.obj
 *fill*         0x000000000003c156        0x2 
 .rodata.stbi__convert_format16.part.0.str1.4
                0x000000000003c158        0xc CMakeFiles/example.elf.dir/stb_image_impl.cpp.obj
 .rodata.stbi__convert_format16.part.0
                0x000000000003c164       0x68 CMakeFiles/example.elf.dir/stb_image_impl.cpp.obj
 .rodata.stbi__zbuild_huffman.str1.4
                0x000000000003c1cc       0x1a CMakeFiles/example.elf.dir/stb_image_impl.cpp.obj
 *fill*         0x000000000003c1e6        0x2 
 .rodata.stbi__convert_format.part.0
                0x000000000003c1e8       0x68 CMakeFiles/example.elf.dir/stb_image_impl.cpp.obj
 .rodata.stbi__pnm_getinteger.str1.4
                0x000000000003c250       0x17 CMakeFiles/example.elf.dir/stb_image_impl.cpp.obj
 *fill*         0x000000000003c267        0x1 
 .rodata.stbi__create_png_image_raw.str1.4
                0x000000000003c268       0x2f CMakeFiles/example.elf.dir/stb_image_impl.cpp.obj
 *fill*         0x000000000003c297        0x1 
 .rodata.stbi__create_png_image_raw
                0x000000000003c298       0x18 CMakeFiles/example.elf.dir/stb_image_impl.cpp.obj
 .rodata.stbi__hdr_test.str1.4
                0x000000000003c2b0       0x14 CMakeFiles/example.elf.dir/stb_image_impl.cpp.obj
 .rodata.stbi__readval.str1.4
                0x000000000003c2c4        0x9 CMakeFiles/example.elf.dir/stb_image_impl.cpp.obj
 *fill*         0x000000000003c2cd        0x3 
 .rodata.stbi__hdr_info.str1.4
                0x000000000003c2d0       0x17 CMakeFiles/example.elf.dir/stb_image_impl.cpp.obj
 *fill*         0x000000000003c2e7        0x1 
 .rodata.stbi__parse_zlib.str1.4
                0x000000000003c2e8       0x95 CMakeFiles/example.elf.dir/stb_image_impl.cpp.obj
 *fill*         0x000000000003c37d        0x3 
 .rodata.stbi__jpeg_decode_block_prog_dc.str1.4
                0x000000000003c380       0x22 CMakeFiles/example.elf.dir/stb_image_impl.cpp.obj
 *fill*         0x000000000003c3a2        0x2 
 .rodata.stbi__process_marker.str1.4
                0x000000000003c3a4       0x73 CMakeFiles/example.elf.dir/stb_image_impl.cpp.obj
 *fill*         0x000000000003c417        0x1 
 .rodata.stbi__bmp_parse_header.constprop.0.str1.4
                0x000000000003c418       0x34 CMakeFiles/example.elf.dir/stb_image_impl.cpp.obj
 .rodata.stbi__pnm_info.str1.4
                0x000000000003c44c       0x22 CMakeFiles/example.elf.dir/stb_image_impl.cpp.obj
 *fill*         0x000000000003c46e        0x2 
 .rodata.stbi__hdr_load.constprop.0.str1.4
                0x000000000003c470       0x6f CMakeFiles/example.elf.dir/stb_image_impl.cpp.obj
 *fill*         0x000000000003c4df        0x1 
 .rodata.stbi__bmp_load.constprop.0.str1.4
                0x000000000003c4e0       0x32 CMakeFiles/example.elf.dir/stb_image_impl.cpp.obj
 *fill*         0x000000000003c512        0x2 
 .rodata.stbi__parse_png_file.str1.4
                0x000000000003c514      0x128 CMakeFiles/example.elf.dir/stb_image_impl.cpp.obj
 .rodata.stbi__decode_jpeg_header.str1.4
                0x000000000003c63c       0x6f CMakeFiles/example.elf.dir/stb_image_impl.cpp.obj
 *fill*         0x000000000003c6ab        0x1 
 .rodata.stbi__decode_jpeg_image.str1.4
                0x000000000003c6ac       0x5f CMakeFiles/example.elf.dir/stb_image_impl.cpp.obj
 *fill*         0x000000000003c70b        0x1 
 .rodata.stbi__gif_header.str1.4
                0x000000000003c70c        0x8 CMakeFiles/example.elf.dir/stb_image_impl.cpp.obj
                                          0x9 (size before relaxing)
 .rodata.stbi__info_main.str1.4
                0x000000000003c714       0x13 CMakeFiles/example.elf.dir/stb_image_impl.cpp.obj
 *fill*         0x000000000003c727        0x1 
 .rodata.stbi__gif_load_next.constprop.0.str1.4
                0x000000000003c728       0x71 CMakeFiles/example.elf.dir/stb_image_impl.cpp.obj
 *fill*         0x000000000003c799        0x3 
 .rodata.stbi__load_main.str1.4
                0x000000000003c79c       0xa0 CMakeFiles/example.elf.dir/stb_image_impl.cpp.obj
 .rodata.stbi__load_main
                0x000000000003c83c       0x64 CMakeFiles/example.elf.dir/stb_image_impl.cpp.obj
 .rodata.stbi_load.str1.4
                0x000000000003c8a0       0x10 CMakeFiles/example.elf.dir/stb_image_impl.cpp.obj
 .rodata._ZZ17stbi__shiftsignedE11shift_table
                0x000000000003c8b0       0x24 CMakeFiles/example.elf.dir/stb_image_impl.cpp.obj
 .rodata._ZZ17stbi__shiftsignedE9mul_table
                0x000000000003c8d4       0x24 CMakeFiles/example.elf.dir/stb_image_impl.cpp.obj
 .rodata._ZL23stbi__depth_scale_table
                0x000000000003c8f8        0x9 CMakeFiles/example.elf.dir/stb_image_impl.cpp.obj
 *fill*         0x000000000003c901        0x3 
 .rodata._ZL23stbi__zdefault_distance
                0x000000000003c904       0x20 CMakeFiles/example.elf.dir/stb_image_impl.cpp.obj
 .rodata._ZL21stbi__zdefault_length
                0x000000000003c924      0x120 CMakeFiles/example.elf.dir/stb_image_impl.cpp.obj
 .rodata._ZZ27stbi__compute_huffman_codesE15length_dezigzag
                0x000000000003ca44       0x13 CMakeFiles/example.elf.dir/stb_image_impl.cpp.obj
 *fill*         0x000000000003ca57        0x1 
 .rodata._ZL17stbi__zdist_extra
                0x000000000003ca58       0x80 CMakeFiles/example.elf.dir/stb_image_impl.cpp.obj
 .rodata._ZL16stbi__zdist_base
                0x000000000003cad8       0x80 CMakeFiles/example.elf.dir/stb_image_impl.cpp.obj
 .rodata._ZL19stbi__zlength_extra
                0x000000000003cb58       0x7c CMakeFiles/example.elf.dir/stb_image_impl.cpp.obj
 .rodata._ZL18stbi__zlength_base
                0x000000000003cbd4       0x7c CMakeFiles/example.elf.dir/stb_image_impl.cpp.obj
 .rodata._ZL19stbi__jpeg_dezigzag
                0x000000000003cc50       0x4f CMakeFiles/example.elf.dir/stb_image_impl.cpp.obj
 *fill*         0x000000000003cc9f        0x1 
 .rodata._ZL11stbi__jbias
                0x000000000003cca0       0x40 CMakeFiles/example.elf.dir/stb_image_impl.cpp.obj
 .rodata._ZL11stbi__bmask
                0x000000000003cce0       0x44 CMakeFiles/example.elf.dir/stb_image_impl.cpp.obj
 .rodata._ZL21stbi__stdio_callbacks
                0x000000000003cd24        0xc CMakeFiles/example.elf.dir/stb_image_impl.cpp.obj
 .rodata        0x000000000003cd30       0x70 CMakeFiles/example.elf.dir/stb_image_impl.cpp.obj
 .rodata._Z10load_modelPKc.str1.4
                0x000000000003cda0       0xd7 CMakeFiles/example.elf.dir/TestLeNet.cpp.obj
                                         0xdb (size before relaxing)
 *fill*         0x000000000003ce77        0x1 
 .rodata._Z25load_and_preprocess_imagePKcPd.str1.4
                0x000000000003ce78       0x20 CMakeFiles/example.elf.dir/TestLeNet.cpp.obj
 .rodata._Z17test_custom_imagePKcS0_.str1.4
                0x000000000003ce98       0x15 CMakeFiles/example.elf.dir/TestLeNet.cpp.obj
 *fill*         0x000000000003cead        0x3 
 .rodata.main.str1.4
                0x000000000003ceb0       0x2a CMakeFiles/example.elf.dir/TestLeNet.cpp.obj
 *fill*         0x000000000003ceda        0x2 
 .rodata        0x000000000003cedc       0x18 CMakeFiles/example.elf.dir/TestLeNet.cpp.obj
 .rodata._puts_r.str1.4
                0x000000000003cef4        0x2 /opt/riscv/lib/gcc/riscv32-unknown-elf/12.1.0/../../../../riscv32-unknown-elf/lib/libc.a(lib_a-puts.o)
 *fill*         0x000000000003cef6        0x2 
 .rodata._vfprintf_r.str1.4
                0x000000000003cef8       0x42 /opt/riscv/lib/gcc/riscv32-unknown-elf/12.1.0/../../../../riscv32-unknown-elf/lib/libc.a(lib_a-vfprintf.o)
 *fill*         0x000000000003cf3a        0x2 
 .rodata._vfprintf_r
                0x000000000003cf3c      0x204 /opt/riscv/lib/gcc/riscv32-unknown-elf/12.1.0/../../../../riscv32-unknown-elf/lib/libc.a(lib_a-vfprintf.o)
 .rodata.zeroes.0
                0x000000000003d140       0x10 /opt/riscv/lib/gcc/riscv32-unknown-elf/12.1.0/../../../../riscv32-unknown-elf/lib/libc.a(lib_a-vfprintf.o)
 .rodata.blanks.1
                0x000000000003d150       0x10 /opt/riscv/lib/gcc/riscv32-unknown-elf/12.1.0/../../../../riscv32-unknown-elf/lib/libc.a(lib_a-vfprintf.o)
 .rodata._ctype_
                0x000000000003d160      0x101 /opt/riscv/lib/gcc/riscv32-unknown-elf/12.1.0/../../../../riscv32-unknown-elf/lib/libc.a(lib_a-ctype_.o)
                0x000000000003d160                _ctype_
 *fill*         0x000000000003d261        0x3 
 .rodata._ldtoa_r.str1.4
                0x000000000003d264       0x7e /opt/riscv/lib/gcc/riscv32-unknown-elf/12.1.0/../../../../riscv32-unknown-elf/lib/libc.a(lib_a-ldtoa.o)
 *fill*         0x000000000003d2e2        0x2 
 .rodata.bmask  0x000000000003d2e4       0x22 /opt/riscv/lib/gcc/riscv32-unknown-elf/12.1.0/../../../../riscv32-unknown-elf/lib/libc.a(lib_a-ldtoa.o)
 *fill*         0x000000000003d306        0x2 
 .rodata.emtens
                0x000000000003d308      0x104 /opt/riscv/lib/gcc/riscv32-unknown-elf/12.1.0/../../../../riscv32-unknown-elf/lib/libc.a(lib_a-ldtoa.o)
 .rodata.etens  0x000000000003d40c      0x104 /opt/riscv/lib/gcc/riscv32-unknown-elf/12.1.0/../../../../riscv32-unknown-elf/lib/libc.a(lib_a-ldtoa.o)
 .rodata.eone   0x000000000003d510       0x14 /opt/riscv/lib/gcc/riscv32-unknown-elf/12.1.0/../../../../riscv32-unknown-elf/lib/libc.a(lib_a-ldtoa.o)
 .rodata.ezero  0x000000000003d524       0x14 /opt/riscv/lib/gcc/riscv32-unknown-elf/12.1.0/../../../../riscv32-unknown-elf/lib/libc.a(lib_a-ldtoa.o)
 .rodata._svfprintf_r.str1.4
                0x000000000003d538       0x42 /opt/riscv/lib/gcc/riscv32-unknown-elf/12.1.0/../../../../riscv32-unknown-elf/lib/libc.a(lib_a-svfprintf.o)
 .rodata._svfprintf_r
                0x000000000003d538      0x204 /opt/riscv/lib/gcc/riscv32-unknown-elf/12.1.0/../../../../riscv32-unknown-elf/lib/libc.a(lib_a-svfprintf.o)
 .rodata.zeroes.0
                0x000000000003d73c       0x10 /opt/riscv/lib/gcc/riscv32-unknown-elf/12.1.0/../../../../riscv32-unknown-elf/lib/libc.a(lib_a-svfprintf.o)
 .rodata.blanks.1
                0x000000000003d74c       0x10 /opt/riscv/lib/gcc/riscv32-unknown-elf/12.1.0/../../../../riscv32-unknown-elf/lib/libc.a(lib_a-svfprintf.o)
 .rodata._vfiprintf_r.str1.4
                0x000000000003d75c       0x2f /opt/riscv/lib/gcc/riscv32-unknown-elf/12.1.0/../../../../riscv32-unknown-elf/lib/libc.a(lib_a-vfiprintf.o)
 .rodata._vfiprintf_r
                0x000000000003d75c      0x16c /opt/riscv/lib/gcc/riscv32-unknown-elf/12.1.0/../../../../riscv32-unknown-elf/lib/libc.a(lib_a-vfiprintf.o)
 .rodata.zeroes.0
                0x000000000003d8c8       0x10 /opt/riscv/lib/gcc/riscv32-unknown-elf/12.1.0/../../../../riscv32-unknown-elf/lib/libc.a(lib_a-vfiprintf.o)
 .rodata.blanks.1
                0x000000000003d8d8       0x10 /opt/riscv/lib/gcc/riscv32-unknown-elf/12.1.0/../../../../riscv32-unknown-elf/lib/libc.a(lib_a-vfiprintf.o)
 .rodata.__assert_func.str1.4
                0x000000000003d8e8       0x3f /opt/riscv/lib/gcc/riscv32-unknown-elf/12.1.0/../../../../riscv32-unknown-elf/lib/libc.a(lib_a-assert.o)
                                         0x43 (size before relaxing)
 *fill*         0x000000000003d927        0x1 
 .rodata._setlocale_r.str1.4
                0x000000000003d928        0xa /opt/riscv/lib/gcc/riscv32-unknown-elf/12.1.0/../../../../riscv32-unknown-elf/lib/libc.a(lib_a-locale.o)
                                          0xd (size before relaxing)
 *fill*         0x000000000003d932        0x2 
 .rodata.str1.4
                0x000000000003d934        0x2 /opt/riscv/lib/gcc/riscv32-unknown-elf/12.1.0/../../../../riscv32-unknown-elf/lib/libc.a(lib_a-locale.o)
 *fill*         0x000000000003d936        0x2 
 .rodata        0x000000000003d938       0x3c /opt/riscv/lib/gcc/riscv32-unknown-elf/12.1.0/libgcc.a(divdf3.o)
 .rodata        0x000000000003d974       0x3c /opt/riscv/lib/gcc/riscv32-unknown-elf/12.1.0/libgcc.a(divsf3.o)
 .rodata        0x000000000003d9b0      0x100 /opt/riscv/lib/gcc/riscv32-unknown-elf/12.1.0/libgcc.a(_clz.o)
                0x000000000003d9b0                __clz_tab
 .rodata.ln2LO  0x000000000003dab0       0x10 /opt/riscv/lib/gcc/riscv32-unknown-elf/12.1.0/../../../../riscv32-unknown-elf/lib/libm.a(lib_a-e_exp.o)
 .rodata.ln2HI  0x000000000003dac0       0x10 /opt/riscv/lib/gcc/riscv32-unknown-elf/12.1.0/../../../../riscv32-unknown-elf/lib/libm.a(lib_a-e_exp.o)
 .rodata.halF   0x000000000003dad0       0x10 /opt/riscv/lib/gcc/riscv32-unknown-elf/12.1.0/../../../../riscv32-unknown-elf/lib/libm.a(lib_a-e_exp.o)

.rodata1
 *(.rodata1)

.sdata2
 *(.sdata2 .sdata2.* .gnu.linkonce.s2.*)

.sbss2
 *(.sbss2 .sbss2.* .gnu.linkonce.sb2.*)

.eh_frame_hdr
 *(.eh_frame_hdr)
 *(.eh_frame_entry .eh_frame_entry.*)

.eh_frame       0x000000000003dae0     0x1158
 *(.eh_frame)
 .eh_frame      0x000000000003dae0       0x58 CMakeFiles/example.elf.dir/mt19937ar.cpp.obj
                                         0xe8 (size before relaxing)
 .eh_frame      0x000000000003db38      0xda4 CMakeFiles/example.elf.dir/stb_image_impl.cpp.obj
                                       0x15d8 (size before relaxing)
 .eh_frame      0x000000000003e8dc      0x1cc CMakeFiles/example.elf.dir/TestLeNet.cpp.obj
                                        0x3cc (size before relaxing)
 .eh_frame      0x000000000003eaa8       0xf4 CMakeFiles/example.elf.dir/hls.cpp.obj
                                        0x15c (size before relaxing)
 .eh_frame      0x000000000003eb9c        0x0 CMakeFiles/example.elf.dir/riscv/riscv_sys.cpp.obj
                                        0x170 (size before relaxing)
 .eh_frame      0x000000000003eb9c        0x0 /opt/riscv/lib/gcc/riscv32-unknown-elf/12.1.0/../../../../riscv32-unknown-elf/lib/libstdc++.a(new_handler.o)
                                         0x3c (size before relaxing)
 .eh_frame      0x000000000003eb9c        0x0 /opt/riscv/lib/gcc/riscv32-unknown-elf/12.1.0/libgcc.a(_divdi3.o)
                                         0x68 (size before relaxing)
 .eh_frame      0x000000000003eb9c        0x0 /opt/riscv/lib/gcc/riscv32-unknown-elf/12.1.0/libgcc.a(_moddi3.o)
                                         0x68 (size before relaxing)
 .eh_frame      0x000000000003eb9c       0x4c /opt/riscv/lib/gcc/riscv32-unknown-elf/12.1.0/libgcc.a(_udivdi3.o)
                                         0x60 (size before relaxing)
 .eh_frame      0x000000000003ebe8       0x50 /opt/riscv/lib/gcc/riscv32-unknown-elf/12.1.0/libgcc.a(_umoddi3.o)
                                         0x64 (size before relaxing)
 *(.eh_frame.*)

.gcc_except_table
 *(.gcc_except_table .gcc_except_table.*)

.gnu_extab
 *(.gnu_extab*)

.exception_ranges
 *(.exception_ranges*)
                0x000000000003fc38                . = DATA_SEGMENT_ALIGN (CONSTANT (MAXPAGESIZE), CONSTANT (COMMONPAGESIZE))

.eh_frame
 *(.eh_frame)
 *(.eh_frame.*)

.gnu_extab
 *(.gnu_extab)

.gcc_except_table
 *(.gcc_except_table .gcc_except_table.*)

.exception_ranges
 *(.exception_ranges*)

.tdata          0x000000000003fc38        0x0
                [!provide]                        PROVIDE (__tdata_start = .)
 *(.tdata .tdata.* .gnu.linkonce.td.*)

.tbss           0x000000000003fc38       0x1c
 *(.tbss .tbss.* .gnu.linkonce.tb.*)
 .tbss._ZL24stbi__de_iphone_flag_set
                0x000000000003fc38        0x4 CMakeFiles/example.elf.dir/stb_image_impl.cpp.obj
 .tbss._ZL26stbi__de_iphone_flag_local
                0x000000000003fc3c        0x4 CMakeFiles/example.elf.dir/stb_image_impl.cpp.obj
 .tbss._ZL31stbi__unpremultiply_on_load_set
                0x000000000003fc40        0x4 CMakeFiles/example.elf.dir/stb_image_impl.cpp.obj
 .tbss._ZL33stbi__unpremultiply_on_load_local
                0x000000000003fc44        0x4 CMakeFiles/example.elf.dir/stb_image_impl.cpp.obj
 .tbss._ZL33stbi__vertically_flip_on_load_set
                0x000000000003fc48        0x4 CMakeFiles/example.elf.dir/stb_image_impl.cpp.obj
 .tbss._ZL35stbi__vertically_flip_on_load_local
                0x000000000003fc4c        0x4 CMakeFiles/example.elf.dir/stb_image_impl.cpp.obj
 .tbss._ZL22stbi__g_failure_reason
                0x000000000003fc50        0x4 CMakeFiles/example.elf.dir/stb_image_impl.cpp.obj
 *(.tcommon)

.preinit_array  0x000000000003fc38        0x0
                [!provide]                        PROVIDE (__preinit_array_start = .)
 *(.preinit_array)
                [!provide]                        PROVIDE (__preinit_array_end = .)

.init_array     0x000000000003fc38        0x4
                0x000000000003fc38                PROVIDE (__init_array_start = .)
 *(SORT_BY_INIT_PRIORITY(.init_array.*) SORT_BY_INIT_PRIORITY(.ctors.*))
 .init_array.00000
                0x000000000003fc38        0x4 /opt/riscv/lib/gcc/riscv32-unknown-elf/12.1.0/../../../../riscv32-unknown-elf/lib/libc.a(lib_a-__call_atexit.o)
 *(.init_array EXCLUDE_FILE(*crtend?.o *crtend.o *crtbegin?.o *crtbegin.o) .ctors)
                0x000000000003fc3c                PROVIDE (__init_array_end = .)

.fini_array     0x000000000003fc3c        0x0
                0x000000000003fc3c                PROVIDE (__fini_array_start = .)
 *(SORT_BY_INIT_PRIORITY(.fini_array.*) SORT_BY_INIT_PRIORITY(.dtors.*))
 *(.fini_array EXCLUDE_FILE(*crtend?.o *crtend.o *crtbegin?.o *crtbegin.o) .dtors)
                0x000000000003fc3c                PROVIDE (__fini_array_end = .)

.ctors
 *crtbegin.o(.ctors)
 *crtbegin?.o(.ctors)
 *(EXCLUDE_FILE(*crtend?.o *crtend.o) .ctors)
 *(SORT_BY_NAME(.ctors.*))
 *(.ctors)

.dtors
 *crtbegin.o(.dtors)
 *crtbegin?.o(.dtors)
 *(EXCLUDE_FILE(*crtend?.o *crtend.o) .dtors)
 *(SORT_BY_NAME(.dtors.*))
 *(.dtors)

.jcr
 *(.jcr)

.data.rel.ro
 *(.data.rel.ro.local* .gnu.linkonce.d.rel.ro.local.*)
 *(.data.rel.ro .data.rel.ro.* .gnu.linkonce.d.rel.ro.*)

.dynamic
 *(.dynamic)
                0x000000000003fc3c                . = DATA_SEGMENT_RELRO_END (., 0x0)

.data           0x000000000003fc40      0xa1c
                0x000000000003fc40                __DATA_BEGIN__ = .
 *(.data .data.* .gnu.linkonce.d.*)
 .data._ZZ20stbi__parse_png_fileE13invalid_chunk
                0x000000000003fc40       0x19 CMakeFiles/example.elf.dir/stb_image_impl.cpp.obj
 *fill*         0x000000000003fc59        0x3 
 .data.connection_table
                0x000000000003fc5c       0x60 CMakeFiles/example.elf.dir/hls.cpp.obj
                0x000000000003fc5c                connection_table
 *fill*         0x000000000003fcbc        0x4 
 .data.impure_data
                0x000000000003fcc0      0x428 /opt/riscv/lib/gcc/riscv32-unknown-elf/12.1.0/../../../../riscv32-unknown-elf/lib/libc.a(lib_a-impure.o)
 .data.__malloc_av_
                0x00000000000400e8      0x408 /opt/riscv/lib/gcc/riscv32-unknown-elf/12.1.0/../../../../riscv32-unknown-elf/lib/libc.a(lib_a-mallocr.o)
                0x00000000000400e8                __malloc_av_
 .data.__global_locale
                0x00000000000404f0      0x16c /opt/riscv/lib/gcc/riscv32-unknown-elf/12.1.0/../../../../riscv32-unknown-elf/lib/libc.a(lib_a-locale.o)
                0x00000000000404f0                __global_locale

.data1
 *(.data1)

.got
 *(.got.plt)
 *(.igot.plt)
 *(.got)
 *(.igot)

.sdata          0x0000000000040660      0x1f4
                0x0000000000040660                __SDATA_BEGIN__ = .
 *(.srodata.cst16)
 *(.srodata.cst8)
 .srodata.cst8  0x0000000000040660       0x28 CMakeFiles/example.elf.dir/mt19937ar.cpp.obj
 .srodata.cst8  0x0000000000040688       0x50 CMakeFiles/example.elf.dir/TestLeNet.cpp.obj
                                         0x58 (size before relaxing)
 .srodata.cst8  0x00000000000406d8        0x8 /opt/riscv/lib/gcc/riscv32-unknown-elf/12.1.0/../../../../riscv32-unknown-elf/lib/libc.a(lib_a-s_frexp.o)
 .srodata.cst8  0x00000000000406e0       0x18 /opt/riscv/lib/gcc/riscv32-unknown-elf/12.1.0/../../../../riscv32-unknown-elf/lib/libm.a(lib_a-w_exp.o)
 .srodata.cst8  0x00000000000406f8       0x58 /opt/riscv/lib/gcc/riscv32-unknown-elf/12.1.0/../../../../riscv32-unknown-elf/lib/libm.a(lib_a-e_exp.o)
                                         0x70 (size before relaxing)
 .srodata.cst8  0x0000000000040750       0x20 /opt/riscv/lib/gcc/riscv32-unknown-elf/12.1.0/../../../../riscv32-unknown-elf/lib/libm.a(lib_a-math_err.o)
                                         0x30 (size before relaxing)
 *(.srodata.cst4)
 .srodata.cst4  0x0000000000040770       0x14 CMakeFiles/example.elf.dir/stb_image_impl.cpp.obj
 .srodata.cst4  0x0000000000040784       0x18 /opt/riscv/lib/gcc/riscv32-unknown-elf/12.1.0/../../../../riscv32-unknown-elf/lib/libc.a(lib_a-sf_scalbn.o)
 .srodata.cst4  0x000000000004079c        0x4 /opt/riscv/lib/gcc/riscv32-unknown-elf/12.1.0/../../../../riscv32-unknown-elf/lib/libm.a(lib_a-wf_pow.o)
 .srodata.cst4  0x000000000004079c       0x70 /opt/riscv/lib/gcc/riscv32-unknown-elf/12.1.0/../../../../riscv32-unknown-elf/lib/libm.a(lib_a-ef_pow.o)
                                         0x7c (size before relaxing)
 .srodata.cst4  0x000000000004080c        0x8 /opt/riscv/lib/gcc/riscv32-unknown-elf/12.1.0/../../../../riscv32-unknown-elf/lib/libm.a(lib_a-math_errf.o)
                                         0x10 (size before relaxing)
 *(.srodata.cst2)
 *(.srodata .srodata.*)
 .srodata._ZZ13genrand_int32vE5mag01
                0x0000000000040814        0x8 CMakeFiles/example.elf.dir/mt19937ar.cpp.obj
 .srodata._ZL16first_row_filter
                0x000000000004081c        0x5 CMakeFiles/example.elf.dir/stb_image_impl.cpp.obj
 *fill*         0x0000000000040821        0x3 
 .srodata._ZZ26stbi__process_frame_headerE3rgb
                0x0000000000040824        0x3 CMakeFiles/example.elf.dir/stb_image_impl.cpp.obj
 *fill*         0x0000000000040827        0x1 
 .srodata._ZZ20stbi__process_markerE3tag_0
                0x0000000000040828        0x6 CMakeFiles/example.elf.dir/stb_image_impl.cpp.obj
 *fill*         0x000000000004082e        0x2 
 .srodata._ZZ20stbi__process_markerE3tag
                0x0000000000040830        0x5 CMakeFiles/example.elf.dir/stb_image_impl.cpp.obj
 *fill*         0x0000000000040835        0x3 
 .srodata._global_impure_ptr
                0x0000000000040838        0x4 /opt/riscv/lib/gcc/riscv32-unknown-elf/12.1.0/../../../../riscv32-unknown-elf/lib/libc.a(lib_a-impure.o)
                0x0000000000040838                _global_impure_ptr
 *(.sdata .sdata.* .gnu.linkonce.s.*)
 .sdata._ZL3mti
                0x000000000004083c        0x4 CMakeFiles/example.elf.dir/mt19937ar.cpp.obj
 .sdata._ZL17stbi__h2l_scale_i
                0x0000000000040840        0x4 CMakeFiles/example.elf.dir/stb_image_impl.cpp.obj
 .sdata._ZL17stbi__h2l_gamma_i
                0x0000000000040844        0x4 CMakeFiles/example.elf.dir/stb_image_impl.cpp.obj
 .sdata._impure_ptr
                0x0000000000040848        0x4 /opt/riscv/lib/gcc/riscv32-unknown-elf/12.1.0/../../../../riscv32-unknown-elf/lib/libc.a(lib_a-impure.o)
                0x0000000000040848                _impure_ptr
 .sdata.__malloc_sbrk_base
                0x000000000004084c        0x4 /opt/riscv/lib/gcc/riscv32-unknown-elf/12.1.0/../../../../riscv32-unknown-elf/lib/libc.a(lib_a-mallocr.o)
                0x000000000004084c                __malloc_sbrk_base
 .sdata.__malloc_trim_threshold
                0x0000000000040850        0x4 /opt/riscv/lib/gcc/riscv32-unknown-elf/12.1.0/../../../../riscv32-unknown-elf/lib/libc.a(lib_a-mallocr.o)
                0x0000000000040850                __malloc_trim_threshold
                0x0000000000040860                . = ALIGN (0x10)
                0x0000000000040860                _edata = .
                [!provide]                        PROVIDE (edata = .)
                0x0000000000040860                . = .
                0x0000000000040860                . = ALIGN (0x10)
                0x0000000000040860                __bss_start = .

.sbss           0x0000000000040860       0x20
 *(.dynsbss)
 *(.sbss .sbss.* .gnu.linkonce.sb.*)
 .sbss._ZL27stbi__de_iphone_flag_global
                0x0000000000040860        0x4 CMakeFiles/example.elf.dir/stb_image_impl.cpp.obj
 .sbss._ZL34stbi__unpremultiply_on_load_global
                0x0000000000040864        0x4 CMakeFiles/example.elf.dir/stb_image_impl.cpp.obj
 .sbss._ZL36stbi__vertically_flip_on_load_global
                0x0000000000040868        0x4 CMakeFiles/example.elf.dir/stb_image_impl.cpp.obj
 .sbss.__malloc_max_total_mem
                0x000000000004086c        0x4 /opt/riscv/lib/gcc/riscv32-unknown-elf/12.1.0/../../../../riscv32-unknown-elf/lib/libc.a(lib_a-mallocr.o)
                0x000000000004086c                __malloc_max_total_mem
 .sbss.__malloc_max_sbrked_mem
                0x0000000000040870        0x4 /opt/riscv/lib/gcc/riscv32-unknown-elf/12.1.0/../../../../riscv32-unknown-elf/lib/libc.a(lib_a-mallocr.o)
                0x0000000000040870                __malloc_max_sbrked_mem
 .sbss.__malloc_top_pad
                0x0000000000040874        0x4 /opt/riscv/lib/gcc/riscv32-unknown-elf/12.1.0/../../../../riscv32-unknown-elf/lib/libc.a(lib_a-mallocr.o)
                0x0000000000040874                __malloc_top_pad
 .sbss.errno    0x0000000000040878        0x4 /opt/riscv/lib/gcc/riscv32-unknown-elf/12.1.0/../../../../riscv32-unknown-elf/lib/libc.a(lib_a-reent.o)
                0x0000000000040878                errno
 .sbss          0x000000000004087c        0x4 ../../source/riscv/libcrt_tr.a(sys_sbrk.o)
                0x000000000004087c                heap_ptr
 *(.scommon)

.bss            0x0000000000040880  0x1252748
 *(.dynbss)
 *(.bss .bss.* .gnu.linkonce.b.*)
 .bss._ZL2mt    0x0000000000040880      0x9c0 CMakeFiles/example.elf.dir/mt19937ar.cpp.obj
 .bss.s4_pooling_layer
                0x0000000000041240   0x29dfa0 CMakeFiles/example.elf.dir/TestLeNet.cpp.obj
                0x0000000000041240                s4_pooling_layer
 .bss.s2_pooling_layer
                0x00000000002df1e0   0x29dfa0 CMakeFiles/example.elf.dir/TestLeNet.cpp.obj
                0x00000000002df1e0                s2_pooling_layer
 .bss.c5_conv_layer
                0x000000000057d180   0x29dfa0 CMakeFiles/example.elf.dir/TestLeNet.cpp.obj
                0x000000000057d180                c5_conv_layer
 .bss.c3_conv_layer
                0x000000000081b120   0x29dfa0 CMakeFiles/example.elf.dir/TestLeNet.cpp.obj
                0x000000000081b120                c3_conv_layer
 .bss.c1_conv_layer
                0x0000000000ab90c0   0x29dfa0 CMakeFiles/example.elf.dir/TestLeNet.cpp.obj
                0x0000000000ab90c0                c1_conv_layer
 .bss.output_layer
                0x0000000000d57060   0x29dfa0 CMakeFiles/example.elf.dir/TestLeNet.cpp.obj
                0x0000000000d57060                output_layer
 .bss.input_layer
                0x0000000000ff5000   0x29dfa0 CMakeFiles/example.elf.dir/TestLeNet.cpp.obj
                0x0000000000ff5000                input_layer
 .bss.__malloc_current_mallinfo
                0x0000000001292fa0       0x28 /opt/riscv/lib/gcc/riscv32-unknown-elf/12.1.0/../../../../riscv32-unknown-elf/lib/libc.a(lib_a-mallocr.o)
                0x0000000001292fa0                __malloc_current_mallinfo
 *(COMMON)
                0x0000000001292fc8                . = ALIGN ((. != 0x0)?0x4:0x1)
                0x0000000001292fc8                . = ALIGN (0x4)
                0x0000000001292fc8                . = SEGMENT_START ("ldata-segment", .)
                0x0000000001292fc8                . = ALIGN (0x4)
                0x0000000001292fc8                __BSS_END__ = .
                0x0000000000040e60                __global_pointer$ = MIN ((__SDATA_BEGIN__ + 0x800), MAX ((__DATA_BEGIN__ + 0x800), (__BSS_END__ - 0x800)))
                0x0000000001292fd0                . = ALIGN (0x10)

.stack          0x0000000001292fd0  0x2000000
                0x0000000001292fd0                _fstack_end = .
                0x0000000003292fd0                _fstack = 0x2000000
                0x0000000003292fd0                . = _fstack
 *fill*         0x0000000001292fd0  0x2000000 
                0x0000000003292fd0                . = ALIGN (0x10)
                0x0000000003292fd0                _heap_start = .
                0x0000000003292fd0                . = ALIGN (0x10)

.heap           0x0000000003292fd0  0x816d030
                0x000000000b400000                _heap = (0xb400000 - _heap_start)
                0x000000000b400000                . = _heap
 *fill*         0x0000000003292fd0  0x816d030 
                0x000000000b400000                _end = .
                [!provide]                        PROVIDE (end = .)
                0x000000000b400000                . = ALIGN (0x40)
                0x000000000b400000                _mcache_start = .

.mcache         0x000000000b400000  0x2000000
                0x000000000d400000                _mcache = 0x2000000
                0x000000000d400000                . = _mcache
 *fill*         0x000000000b400000  0x2000000 
                0x000000000d400000                . = ALIGN (0x80)
                0x000000000d400000                _riscv_frame_buffer_start = .

.riscv_frame_buffer
                0x000000000d400000  0x2000000
                0x000000000f400000                _riscv_frame_buffer = 0x2000000
                0x000000000f400000                . = _riscv_frame_buffer
 *fill*         0x000000000d400000  0x2000000 
                0x000000000f400000                . = ALIGN (0x40)
                0x000000000f400000                _rgmii_lvl2fifo_start = .

.rgmii_lvl2fifo
                0x000000000f400000   0x100000
                0x000000000f500000                _rgmii_lvl2fifo = 0x100000
                0x000000000f500000                . = _rgmii_lvl2fifo
 *fill*         0x000000000f400000   0x100000 
                0x000000000f500000                . = DATA_SEGMENT_END (.)

.stab
 *(.stab)

.stabstr
 *(.stabstr)

.stab.excl
 *(.stab.excl)

.stab.exclstr
 *(.stab.exclstr)

.stab.index
 *(.stab.index)

.stab.indexstr
 *(.stab.indexstr)

.comment        0x0000000000000000       0x3f
 *(.comment)
 .comment       0x0000000000000000       0x1b CMakeFiles/example.elf.dir/mt19937ar.cpp.obj
                                         0x1c (size before relaxing)
 .comment       0x000000000000001b       0x1c CMakeFiles/example.elf.dir/stb_image_impl.cpp.obj
 .comment       0x000000000000001b       0x1c CMakeFiles/example.elf.dir/TestLeNet.cpp.obj
 .comment       0x000000000000001b       0x1c CMakeFiles/example.elf.dir/hls.cpp.obj
 .comment       0x000000000000001b       0x1c CMakeFiles/example.elf.dir/riscv/riscv_sys.cpp.obj
 .comment       0x000000000000001b       0x1c /opt/riscv/lib/gcc/riscv32-unknown-elf/12.1.0/../../../../riscv32-unknown-elf/lib/libstdc++.a(new_handler.o)
 .comment       0x000000000000001b       0x12 /opt/riscv/lib/gcc/riscv32-unknown-elf/12.1.0/../../../../riscv32-unknown-elf/lib/libc.a(lib_a-calloc.o)
                                         0x13 (size before relaxing)
 .comment       0x000000000000002d       0x13 /opt/riscv/lib/gcc/riscv32-unknown-elf/12.1.0/../../../../riscv32-unknown-elf/lib/libc.a(lib_a-callocr.o)
 .comment       0x000000000000002d       0x13 /opt/riscv/lib/gcc/riscv32-unknown-elf/12.1.0/../../../../riscv32-unknown-elf/lib/libc.a(lib_a-errno.o)
 .comment       0x000000000000002d       0x13 /opt/riscv/lib/gcc/riscv32-unknown-elf/12.1.0/../../../../riscv32-unknown-elf/lib/libc.a(lib_a-fclose.o)
 .comment       0x000000000000002d       0x13 /opt/riscv/lib/gcc/riscv32-unknown-elf/12.1.0/../../../../riscv32-unknown-elf/lib/libc.a(lib_a-feof.o)
 .comment       0x000000000000002d       0x13 /opt/riscv/lib/gcc/riscv32-unknown-elf/12.1.0/../../../../riscv32-unknown-elf/lib/libc.a(lib_a-ferror.o)
 .comment       0x000000000000002d       0x13 /opt/riscv/lib/gcc/riscv32-unknown-elf/12.1.0/../../../../riscv32-unknown-elf/lib/libc.a(lib_a-fflush.o)
 .comment       0x000000000000002d       0x13 /opt/riscv/lib/gcc/riscv32-unknown-elf/12.1.0/../../../../riscv32-unknown-elf/lib/libc.a(lib_a-fgetc.o)
 .comment       0x000000000000002d       0x13 /opt/riscv/lib/gcc/riscv32-unknown-elf/12.1.0/../../../../riscv32-unknown-elf/lib/libc.a(lib_a-findfp.o)
 .comment       0x000000000000002d       0x13 /opt/riscv/lib/gcc/riscv32-unknown-elf/12.1.0/../../../../riscv32-unknown-elf/lib/libc.a(lib_a-fopen.o)
 .comment       0x000000000000002d       0x13 /opt/riscv/lib/gcc/riscv32-unknown-elf/12.1.0/../../../../riscv32-unknown-elf/lib/libc.a(lib_a-fread.o)
 .comment       0x000000000000002d       0x13 /opt/riscv/lib/gcc/riscv32-unknown-elf/12.1.0/../../../../riscv32-unknown-elf/lib/libc.a(lib_a-freer.o)
 .comment       0x000000000000002d       0x13 /opt/riscv/lib/gcc/riscv32-unknown-elf/12.1.0/../../../../riscv32-unknown-elf/lib/libc.a(lib_a-fseek.o)
 .comment       0x000000000000002d       0x13 /opt/riscv/lib/gcc/riscv32-unknown-elf/12.1.0/../../../../riscv32-unknown-elf/lib/libc.a(lib_a-fseeko.o)
 .comment       0x000000000000002d       0x13 /opt/riscv/lib/gcc/riscv32-unknown-elf/12.1.0/../../../../riscv32-unknown-elf/lib/libc.a(lib_a-fstatr.o)
 .comment       0x000000000000002d       0x13 /opt/riscv/lib/gcc/riscv32-unknown-elf/12.1.0/../../../../riscv32-unknown-elf/lib/libc.a(lib_a-fwalk.o)
 .comment       0x000000000000002d       0x13 /opt/riscv/lib/gcc/riscv32-unknown-elf/12.1.0/../../../../riscv32-unknown-elf/lib/libc.a(lib_a-impure.o)
 .comment       0x000000000000002d       0x13 /opt/riscv/lib/gcc/riscv32-unknown-elf/12.1.0/../../../../riscv32-unknown-elf/lib/libc.a(lib_a-makebuf.o)
 .comment       0x000000000000002d       0x13 /opt/riscv/lib/gcc/riscv32-unknown-elf/12.1.0/../../../../riscv32-unknown-elf/lib/libc.a(lib_a-malloc.o)
 .comment       0x000000000000002d       0x13 /opt/riscv/lib/gcc/riscv32-unknown-elf/12.1.0/../../../../riscv32-unknown-elf/lib/libc.a(lib_a-mallocr.o)
 .comment       0x000000000000002d       0x13 /opt/riscv/lib/gcc/riscv32-unknown-elf/12.1.0/../../../../riscv32-unknown-elf/lib/libc.a(lib_a-memcpy.o)
 .comment       0x000000000000002d       0x13 /opt/riscv/lib/gcc/riscv32-unknown-elf/12.1.0/../../../../riscv32-unknown-elf/lib/libc.a(lib_a-mlock.o)
 .comment       0x000000000000002d       0x13 /opt/riscv/lib/gcc/riscv32-unknown-elf/12.1.0/../../../../riscv32-unknown-elf/lib/libc.a(lib_a-openr.o)
 .comment       0x000000000000002d       0x13 /opt/riscv/lib/gcc/riscv32-unknown-elf/12.1.0/../../../../riscv32-unknown-elf/lib/libc.a(lib_a-printf.o)
 .comment       0x000000000000002d       0x13 /opt/riscv/lib/gcc/riscv32-unknown-elf/12.1.0/../../../../riscv32-unknown-elf/lib/libc.a(lib_a-puts.o)
 .comment       0x000000000000002d       0x13 /opt/riscv/lib/gcc/riscv32-unknown-elf/12.1.0/../../../../riscv32-unknown-elf/lib/libc.a(lib_a-realloc.o)
 .comment       0x000000000000002d       0x13 /opt/riscv/lib/gcc/riscv32-unknown-elf/12.1.0/../../../../riscv32-unknown-elf/lib/libc.a(lib_a-reallocr.o)
 .comment       0x000000000000002d       0x13 /opt/riscv/lib/gcc/riscv32-unknown-elf/12.1.0/../../../../riscv32-unknown-elf/lib/libc.a(lib_a-reent.o)
 .comment       0x000000000000002d       0x13 /opt/riscv/lib/gcc/riscv32-unknown-elf/12.1.0/../../../../riscv32-unknown-elf/lib/libc.a(lib_a-refill.o)
 .comment       0x000000000000002d       0x13 /opt/riscv/lib/gcc/riscv32-unknown-elf/12.1.0/../../../../riscv32-unknown-elf/lib/libc.a(lib_a-rget.o)
 .comment       0x000000000000002d       0x13 /opt/riscv/lib/gcc/riscv32-unknown-elf/12.1.0/../../../../riscv32-unknown-elf/lib/libc.a(lib_a-sbrkr.o)
 .comment       0x000000000000002d       0x13 /opt/riscv/lib/gcc/riscv32-unknown-elf/12.1.0/../../../../riscv32-unknown-elf/lib/libc.a(lib_a-sf_ldexp.o)
 .comment       0x000000000000002d       0x13 /opt/riscv/lib/gcc/riscv32-unknown-elf/12.1.0/../../../../riscv32-unknown-elf/lib/libc.a(lib_a-sf_scalbn.o)
 .comment       0x000000000000002d       0x13 /opt/riscv/lib/gcc/riscv32-unknown-elf/12.1.0/../../../../riscv32-unknown-elf/lib/libc.a(lib_a-stdio.o)
 .comment       0x000000000000002d       0x13 /opt/riscv/lib/gcc/riscv32-unknown-elf/12.1.0/../../../../riscv32-unknown-elf/lib/libc.a(lib_a-strlen.o)
 .comment       0x000000000000002d       0x13 /opt/riscv/lib/gcc/riscv32-unknown-elf/12.1.0/../../../../riscv32-unknown-elf/lib/libc.a(lib_a-strtol.o)
 .comment       0x000000000000002d       0x13 /opt/riscv/lib/gcc/riscv32-unknown-elf/12.1.0/../../../../riscv32-unknown-elf/lib/libc.a(lib_a-system.o)
 .comment       0x000000000000002d       0x13 /opt/riscv/lib/gcc/riscv32-unknown-elf/12.1.0/../../../../riscv32-unknown-elf/lib/libc.a(lib_a-time.o)
 .comment       0x000000000000002d       0x13 /opt/riscv/lib/gcc/riscv32-unknown-elf/12.1.0/../../../../riscv32-unknown-elf/lib/libc.a(lib_a-ungetc.o)
 .comment       0x000000000000002d       0x13 /opt/riscv/lib/gcc/riscv32-unknown-elf/12.1.0/../../../../riscv32-unknown-elf/lib/libc.a(lib_a-vfprintf.o)
 .comment       0x000000000000002d       0x13 /opt/riscv/lib/gcc/riscv32-unknown-elf/12.1.0/../../../../riscv32-unknown-elf/lib/libc.a(lib_a-writer.o)
 .comment       0x000000000000002d       0x13 /opt/riscv/lib/gcc/riscv32-unknown-elf/12.1.0/../../../../riscv32-unknown-elf/lib/libc.a(lib_a-wsetup.o)
 .comment       0x000000000000002d       0x13 /opt/riscv/lib/gcc/riscv32-unknown-elf/12.1.0/../../../../riscv32-unknown-elf/lib/libc.a(lib_a-__call_atexit.o)
 .comment       0x000000000000002d       0x13 /opt/riscv/lib/gcc/riscv32-unknown-elf/12.1.0/../../../../riscv32-unknown-elf/lib/libc.a(lib_a-atexit.o)
 .comment       0x000000000000002d       0x13 /opt/riscv/lib/gcc/riscv32-unknown-elf/12.1.0/../../../../riscv32-unknown-elf/lib/libc.a(lib_a-closer.o)
 .comment       0x000000000000002d       0x13 /opt/riscv/lib/gcc/riscv32-unknown-elf/12.1.0/../../../../riscv32-unknown-elf/lib/libc.a(lib_a-ctype_.o)
 .comment       0x000000000000002d       0x13 /opt/riscv/lib/gcc/riscv32-unknown-elf/12.1.0/../../../../riscv32-unknown-elf/lib/libc.a(lib_a-fini.o)
 .comment       0x000000000000002d       0x13 /opt/riscv/lib/gcc/riscv32-unknown-elf/12.1.0/../../../../riscv32-unknown-elf/lib/libc.a(lib_a-flags.o)
 .comment       0x000000000000002d       0x13 /opt/riscv/lib/gcc/riscv32-unknown-elf/12.1.0/../../../../riscv32-unknown-elf/lib/libc.a(lib_a-fvwrite.o)
 .comment       0x000000000000002d       0x13 /opt/riscv/lib/gcc/riscv32-unknown-elf/12.1.0/../../../../riscv32-unknown-elf/lib/libc.a(lib_a-gettimeofdayr.o)
 .comment       0x000000000000002d       0x13 /opt/riscv/lib/gcc/riscv32-unknown-elf/12.1.0/../../../../riscv32-unknown-elf/lib/libc.a(lib_a-isattyr.o)
 .comment       0x000000000000002d       0x13 /opt/riscv/lib/gcc/riscv32-unknown-elf/12.1.0/../../../../riscv32-unknown-elf/lib/libc.a(lib_a-ldtoa.o)
 .comment       0x000000000000002d       0x13 /opt/riscv/lib/gcc/riscv32-unknown-elf/12.1.0/../../../../riscv32-unknown-elf/lib/libc.a(lib_a-localeconv.o)
 .comment       0x000000000000002d       0x13 /opt/riscv/lib/gcc/riscv32-unknown-elf/12.1.0/../../../../riscv32-unknown-elf/lib/libc.a(lib_a-lseekr.o)
 .comment       0x000000000000002d       0x13 /opt/riscv/lib/gcc/riscv32-unknown-elf/12.1.0/../../../../riscv32-unknown-elf/lib/libc.a(lib_a-memchr.o)
 .comment       0x000000000000002d       0x13 /opt/riscv/lib/gcc/riscv32-unknown-elf/12.1.0/../../../../riscv32-unknown-elf/lib/libc.a(lib_a-memmove-stub.o)
 .comment       0x000000000000002d       0x13 /opt/riscv/lib/gcc/riscv32-unknown-elf/12.1.0/../../../../riscv32-unknown-elf/lib/libc.a(lib_a-mprec.o)
 .comment       0x000000000000002d       0x13 /opt/riscv/lib/gcc/riscv32-unknown-elf/12.1.0/../../../../riscv32-unknown-elf/lib/libc.a(lib_a-readr.o)
 .comment       0x000000000000002d       0x13 /opt/riscv/lib/gcc/riscv32-unknown-elf/12.1.0/../../../../riscv32-unknown-elf/lib/libc.a(lib_a-s_frexp.o)
 .comment       0x000000000000002d       0x13 /opt/riscv/lib/gcc/riscv32-unknown-elf/12.1.0/../../../../riscv32-unknown-elf/lib/libc.a(lib_a-sf_finite.o)
 .comment       0x000000000000002d       0x13 /opt/riscv/lib/gcc/riscv32-unknown-elf/12.1.0/../../../../riscv32-unknown-elf/lib/libc.a(lib_a-sprintf.o)
 .comment       0x000000000000002d       0x13 /opt/riscv/lib/gcc/riscv32-unknown-elf/12.1.0/../../../../riscv32-unknown-elf/lib/libc.a(lib_a-strcpy.o)
 .comment       0x000000000000002d       0x13 /opt/riscv/lib/gcc/riscv32-unknown-elf/12.1.0/../../../../riscv32-unknown-elf/lib/libc.a(lib_a-strncpy.o)
 .comment       0x000000000000002d       0x13 /opt/riscv/lib/gcc/riscv32-unknown-elf/12.1.0/../../../../riscv32-unknown-elf/lib/libc.a(lib_a-svfprintf.o)
 .comment       0x000000000000002d       0x13 /opt/riscv/lib/gcc/riscv32-unknown-elf/12.1.0/../../../../riscv32-unknown-elf/lib/libc.a(lib_a-vfiprintf.o)
 .comment       0x000000000000002d       0x13 /opt/riscv/lib/gcc/riscv32-unknown-elf/12.1.0/../../../../riscv32-unknown-elf/lib/libc.a(lib_a-__atexit.o)
 .comment       0x000000000000002d       0x13 /opt/riscv/lib/gcc/riscv32-unknown-elf/12.1.0/../../../../riscv32-unknown-elf/lib/libc.a(lib_a-assert.o)
 .comment       0x000000000000002d       0x13 /opt/riscv/lib/gcc/riscv32-unknown-elf/12.1.0/../../../../riscv32-unknown-elf/lib/libc.a(lib_a-fiprintf.o)
 .comment       0x000000000000002d       0x13 /opt/riscv/lib/gcc/riscv32-unknown-elf/12.1.0/../../../../riscv32-unknown-elf/lib/libc.a(lib_a-fputwc.o)
 .comment       0x000000000000002d       0x13 /opt/riscv/lib/gcc/riscv32-unknown-elf/12.1.0/../../../../riscv32-unknown-elf/lib/libc.a(lib_a-locale.o)
 .comment       0x000000000000002d       0x13 /opt/riscv/lib/gcc/riscv32-unknown-elf/12.1.0/../../../../riscv32-unknown-elf/lib/libc.a(lib_a-mbtowc_r.o)
 .comment       0x000000000000002d       0x13 /opt/riscv/lib/gcc/riscv32-unknown-elf/12.1.0/../../../../riscv32-unknown-elf/lib/libc.a(lib_a-svfiprintf.o)
 .comment       0x000000000000002d       0x13 /opt/riscv/lib/gcc/riscv32-unknown-elf/12.1.0/../../../../riscv32-unknown-elf/lib/libc.a(lib_a-wbuf.o)
 .comment       0x000000000000002d       0x13 /opt/riscv/lib/gcc/riscv32-unknown-elf/12.1.0/../../../../riscv32-unknown-elf/lib/libc.a(lib_a-wcrtomb.o)
 .comment       0x000000000000002d       0x13 /opt/riscv/lib/gcc/riscv32-unknown-elf/12.1.0/../../../../riscv32-unknown-elf/lib/libc.a(lib_a-wctomb_r.o)
 .comment       0x000000000000002d       0x13 /opt/riscv/lib/gcc/riscv32-unknown-elf/12.1.0/../../../../riscv32-unknown-elf/lib/libc.a(lib_a-abort.o)
 .comment       0x000000000000002d       0x13 /opt/riscv/lib/gcc/riscv32-unknown-elf/12.1.0/../../../../riscv32-unknown-elf/lib/libc.a(lib_a-signal.o)
 .comment       0x000000000000002d       0x13 /opt/riscv/lib/gcc/riscv32-unknown-elf/12.1.0/../../../../riscv32-unknown-elf/lib/libc.a(lib_a-signalr.o)
 .comment       0x000000000000002d       0x12 ../../source/riscv/libcrt_tr.a(sys_close.o)
                                         0x13 (size before relaxing)
 .comment       0x000000000000003f       0x13 ../../source/riscv/libcrt_tr.a(sys_exit.o)
 .comment       0x000000000000003f       0x13 ../../source/riscv/libcrt_tr.a(sys_fstat.o)
 .comment       0x000000000000003f       0x13 ../../source/riscv/libcrt_tr.a(sys_getpid.o)
 .comment       0x000000000000003f       0x13 ../../source/riscv/libcrt_tr.a(sys_gettimeofday.o)
 .comment       0x000000000000003f       0x13 ../../source/riscv/libcrt_tr.a(sys_isatty.o)
 .comment       0x000000000000003f       0x13 ../../source/riscv/libcrt_tr.a(sys_kill.o)
 .comment       0x000000000000003f       0x13 ../../source/riscv/libcrt_tr.a(sys_lseek.o)
 .comment       0x000000000000003f       0x13 ../../source/riscv/libcrt_tr.a(sys_open.o)
 .comment       0x000000000000003f       0x13 ../../source/riscv/libcrt_tr.a(sys_read.o)
 .comment       0x000000000000003f       0x13 ../../source/riscv/libcrt_tr.a(sys_sbrk.o)
 .comment       0x000000000000003f       0x13 ../../source/riscv/libcrt_tr.a(sys_write.o)