Archive member included to satisfy reference by file (symbol)

/opt/riscv/lib/gcc/riscv32-unknown-elf/12.1.0/../../../../riscv32-unknown-elf/lib/libstdc++.a(new_handler.o)
                              CMakeFiles/example.elf.dir/riscv/riscv_sys.cpp.obj (std::set_new_handler(void (*)()))
/opt/riscv/lib/gcc/riscv32-unknown-elf/12.1.0/../../../../riscv32-unknown-elf/lib/libc.a(lib_a-calloc.o)
                              CMakeFiles/example.elf.dir/stb_image_impl.cpp.obj (calloc)
/opt/riscv/lib/gcc/riscv32-unknown-elf/12.1.0/../../../../riscv32-unknown-elf/lib/libc.a(lib_a-callocr.o)
                              /opt/riscv/lib/gcc/riscv32-unknown-elf/12.1.0/../../../../riscv32-unknown-elf/lib/libc.a(lib_a-calloc.o) (_calloc_r)
/opt/riscv/lib/gcc/riscv32-unknown-elf/12.1.0/../../../../riscv32-unknown-elf/lib/libc.a(lib_a-clock.o)
                              CMakeFiles/example.elf.dir/TestLeNet.cpp.obj (clock)
/opt/riscv/lib/gcc/riscv32-unknown-elf/12.1.0/../../../../riscv32-unknown-elf/lib/libc.a(lib_a-errno.o)
                              /opt/riscv/lib/gcc/riscv32-unknown-elf/12.1.0/../../../../riscv32-unknown-elf/lib/libc.a(lib_a-callocr.o) (__errno)
/opt/riscv/lib/gcc/riscv32-unknown-elf/12.1.0/../../../../riscv32-unknown-elf/lib/libc.a(lib_a-exit.o)
                              CMakeFiles/example.elf.dir/riscv/riscv_sys.cpp.obj (exit)
/opt/riscv/lib/gcc/riscv32-unknown-elf/12.1.0/../../../../riscv32-unknown-elf/lib/libc.a(lib_a-fclose.o)
                              CMakeFiles/example.elf.dir/stb_image_impl.cpp.obj (fclose)
/opt/riscv/lib/gcc/riscv32-unknown-elf/12.1.0/../../../../riscv32-unknown-elf/lib/libc.a(lib_a-feof.o)
                              CMakeFiles/example.elf.dir/stb_image_impl.cpp.obj (feof)
/opt/riscv/lib/gcc/riscv32-unknown-elf/12.1.0/../../../../riscv32-unknown-elf/lib/libc.a(lib_a-ferror.o)
                              CMakeFiles/example.elf.dir/stb_image_impl.cpp.obj (ferror)
/opt/riscv/lib/gcc/riscv32-unknown-elf/12.1.0/../../../../riscv32-unknown-elf/lib/libc.a(lib_a-fflush.o)
                              /opt/riscv/lib/gcc/riscv32-unknown-elf/12.1.0/../../../../riscv32-unknown-elf/lib/libc.a(lib_a-fclose.o) (__sflush_r)
/opt/riscv/lib/gcc/riscv32-unknown-elf/12.1.0/../../../../riscv32-unknown-elf/lib/libc.a(lib_a-fgetc.o)
                              CMakeFiles/example.elf.dir/stb_image_impl.cpp.obj (fgetc)
/opt/riscv/lib/gcc/riscv32-unknown-elf/12.1.0/../../../../riscv32-unknown-elf/lib/libc.a(lib_a-findfp.o)
                              /opt/riscv/lib/gcc/riscv32-unknown-elf/12.1.0/../../../../riscv32-unknown-elf/lib/libc.a(lib_a-fclose.o) (__sinit)
/opt/riscv/lib/gcc/riscv32-unknown-elf/12.1.0/../../../../riscv32-unknown-elf/lib/libc.a(lib_a-fopen.o)
                              CMakeFiles/example.elf.dir/stb_image_impl.cpp.obj (fopen)
/opt/riscv/lib/gcc/riscv32-unknown-elf/12.1.0/../../../../riscv32-unknown-elf/lib/libc.a(lib_a-fread.o)
                              CMakeFiles/example.elf.dir/stb_image_impl.cpp.obj (fread)
/opt/riscv/lib/gcc/riscv32-unknown-elf/12.1.0/../../../../riscv32-unknown-elf/lib/libc.a(lib_a-freer.o)
                              /opt/riscv/lib/gcc/riscv32-unknown-elf/12.1.0/../../../../riscv32-unknown-elf/lib/libc.a(lib_a-fclose.o) (_free_r)
/opt/riscv/lib/gcc/riscv32-unknown-elf/12.1.0/../../../../riscv32-unknown-elf/lib/libc.a(lib_a-fseek.o)
                              /opt/riscv/lib/gcc/riscv32-unknown-elf/12.1.0/../../../../riscv32-unknown-elf/lib/libc.a(lib_a-fopen.o) (_fseek_r)
/opt/riscv/lib/gcc/riscv32-unknown-elf/12.1.0/../../../../riscv32-unknown-elf/lib/libc.a(lib_a-fseeko.o)
                              /opt/riscv/lib/gcc/riscv32-unknown-elf/12.1.0/../../../../riscv32-unknown-elf/lib/libc.a(lib_a-fseek.o) (_fseeko_r)
/opt/riscv/lib/gcc/riscv32-unknown-elf/12.1.0/../../../../riscv32-unknown-elf/lib/libc.a(lib_a-fstatr.o)
                              /opt/riscv/lib/gcc/riscv32-unknown-elf/12.1.0/../../../../riscv32-unknown-elf/lib/libc.a(lib_a-fseeko.o) (_fstat_r)
/opt/riscv/lib/gcc/riscv32-unknown-elf/12.1.0/../../../../riscv32-unknown-elf/lib/libc.a(lib_a-ftell.o)
                              CMakeFiles/example.elf.dir/stb_image_impl.cpp.obj (ftell)
/opt/riscv/lib/gcc/riscv32-unknown-elf/12.1.0/../../../../riscv32-unknown-elf/lib/libc.a(lib_a-ftello.o)
                              /opt/riscv/lib/gcc/riscv32-unknown-elf/12.1.0/../../../../riscv32-unknown-elf/lib/libc.a(lib_a-ftell.o) (_ftello_r)
/opt/riscv/lib/gcc/riscv32-unknown-elf/12.1.0/../../../../riscv32-unknown-elf/lib/libc.a(lib_a-fwalk.o)
                              /opt/riscv/lib/gcc/riscv32-unknown-elf/12.1.0/../../../../riscv32-unknown-elf/lib/libc.a(lib_a-findfp.o) (_fwalk)
/opt/riscv/lib/gcc/riscv32-unknown-elf/12.1.0/../../../../riscv32-unknown-elf/lib/libc.a(lib_a-fwrite.o)
                              CMakeFiles/example.elf.dir/TestLeNet.cpp.obj (fwrite)
[...]
Memory Configuration

Name             Origin             Length             Attributes
*default*        0x0000000000000000 0xffffffffffffffff

Linker script and memory map

LOAD CMakeFiles/example.elf.dir/mt19937ar.cpp.obj
LOAD CMakeFiles/example.elf.dir/stb_image_impl.cpp.obj
LOAD CMakeFiles/example.elf.dir/stdafx.cpp.obj
LOAD CMakeFiles/example.elf.dir/TestLeNet.cpp.obj
LOAD CMakeFiles/example.elf.dir/riscv/riscv_sys.cpp.obj
START GROUP
LOAD /opt/riscv/lib/gcc/riscv32-unknown-elf/12.1.0/../../../../riscv32-unknown-elf/lib/libstdc++.a
LOAD /opt/riscv/lib/gcc/riscv32-unknown-elf/12.1.0/../../../../riscv32-unknown-elf/lib/libc.a
LOAD ../../source/riscv/libcrt_tr.a
LOAD /opt/riscv/lib/gcc/riscv32-unknown-elf/12.1.0/libgcc.a
LOAD /opt/riscv/lib/gcc/riscv32-unknown-elf/12.1.0/../../../../riscv32-unknown-elf/lib/libm.a
END GROUP
LOAD /opt/riscv/lib/gcc/riscv32-unknown-elf/12.1.0/libgcc.a
START GROUP
LOAD /opt/riscv/lib/gcc/riscv32-unknown-elf/12.1.0/../../../../riscv32-unknown-elf/lib/libc.a
LOAD /opt/riscv/lib/gcc/riscv32-unknown-elf/12.1.0/../../../../riscv32-unknown-elf/lib/libgloss.a
END GROUP
LOAD /opt/riscv/lib/gcc/riscv32-unknown-elf/12.1.0/libgcc.a
                [!provide]                        PROVIDE (__executable_start = SEGMENT_START ("text-segment", 0x10000))
                0x00000000000100b4                . = (SEGMENT_START ("text-segment", 0x10000) + SIZEOF_HEADERS)

.interp
 *(.interp)

.note.gnu.build-id
 *(.note.gnu.build-id)

.hash
 *(.hash)

.gnu.hash
 *(.gnu.hash)

.dynsym
 *(.dynsym)

.dynstr
 *(.dynstr)

.gnu.version
 *(.gnu.version)

.gnu.version_d
 *(.gnu.version_d)

.gnu.version_r
 *(.gnu.version_r)

.rela.dyn       0x00000000000100b4        0x0
 *(.rela.init)
 *(.rela.text .rela.text.* .rela.gnu.linkonce.t.*)
 .rela.text.startup.register_fini
                0x00000000000100b4        0x0 CMakeFiles/example.elf.dir/mt19937ar.cpp.obj
 .rela.text.__libc_fini_array
                0x00000000000100b4        0x0 CMakeFiles/example.elf.dir/mt19937ar.cpp.obj
 .rela.text     0x00000000000100b4        0x0 CMakeFiles/example.elf.dir/mt19937ar.cpp.obj
 *(.rela.fini)
 *(.rela.rodata .rela.rodata.* .rela.gnu.linkonce.r.*)
 *(.rela.data .rela.data.* .rela.gnu.linkonce.d.*)
 *(.rela.tdata .rela.tdata.* .rela.gnu.linkonce.td.*)
 *(.rela.tbss .rela.tbss.* .rela.gnu.linkonce.tb.*)
 *(.rela.ctors)
 *(.rela.dtors)
 *(.rela.got)
 *(.rela.sdata .rela.sdata.* .rela.gnu.linkonce.s.*)
 *(.rela.sbss .rela.sbss.* .rela.gnu.linkonce.sb.*)
 *(.rela.sdata2 .rela.sdata2.* .rela.gnu.linkonce.s2.*)
 *(.rela.sbss2 .rela.sbss2.* .rela.gnu.linkonce.sb2.*)
 *(.rela.bss .rela.bss.* .rela.gnu.linkonce.b.*)
                [!provide]                        PROVIDE (__rela_iplt_start = .)
 *(.rela.iplt)
                [!provide]                        PROVIDE (__rela_iplt_end = .)

.rela.plt
 *(.rela.plt)

.init
 *(SORT_NONE(.init))

.plt
 *(.plt)

.iplt
 *(.iplt)

.text           0x00000000000100b4    0x2fb98
 *(.text.unlikely .text.*_unlikely .text.unlikely.*)
 *(.text.exit .text.exit.*)
 *(.text.startup .text.startup.*)
 .text.startup.main
                0x00000000000100b4      0x3d4 CMakeFiles/example.elf.dir/TestLeNet.cpp.obj
                0x00000000000100b4                main
 .text.startup.register_fini
                0x0000000000010488       0x18 /opt/riscv/lib/gcc/riscv32-unknown-elf/12.1.0/../../../../riscv32-unknown-elf/lib/libc.a(lib_a-__call_atexit.o)
 *(.text.hot .text.hot.*)
 *(SORT_BY_NAME(.text.sorted.*))
 *(.text .stub .text.* .gnu.linkonce.t.*)
 .text._Z12init_genrandm
                0x00000000000104a0       0x48 CMakeFiles/example.elf.dir/mt19937ar.cpp.obj
                0x00000000000104a0                init_genrand(unsigned long)
 .text._Z13genrand_int32v
                0x00000000000104e8      0x1a8 CMakeFiles/example.elf.dir/mt19937ar.cpp.obj
                0x00000000000104e8                genrand_int32()
 .text._Z13genrand_int31v
                0x0000000000010690       0x1c CMakeFiles/example.elf.dir/mt19937ar.cpp.obj
                0x0000000000010690                genrand_int31()
 .text._Z13genrand_real1v
                0x00000000000106ac       0x28 CMakeFiles/example.elf.dir/mt19937ar.cpp.obj
                0x00000000000106ac                genrand_real1()
 .text.stbi__refill_buffer
                0x00000000000106d4       0x74 CMakeFiles/example.elf.dir/stb_image_impl.cpp.obj
 .text.stbi__idct_block
                0x0000000000010748      0x4b4 CMakeFiles/example.elf.dir/stb_image_impl.cpp.obj
 .text.resample_row_1
                0x0000000000010bfc        0x8 CMakeFiles/example.elf.dir/stb_image_impl.cpp.obj
 .text.stbi__resample_row_v_2
                0x0000000000010c04       0x40 CMakeFiles/example.elf.dir/stb_image_impl.cpp.obj
 .text.stbi__resample_row_hv_2
                0x0000000000010c44       0xc0 CMakeFiles/example.elf.dir/stb_image_impl.cpp.obj
 .text.stbi__resample_row_generic
                0x0000000000010d04      0x1ac CMakeFiles/example.elf.dir/stb_image_impl.cpp.obj
 .text.stbi__YCbCr_to_RGB_row
                0x0000000000010eb0      0x148 CMakeFiles/example.elf.dir/stb_image_impl.cpp.obj
 .text.stbi__high_bit
                0x0000000000010ff8       0x70 CMakeFiles/example.elf.dir/stb_image_impl.cpp.obj
 .text.stbi__out_gif_code
                0x0000000000011068      0x140 CMakeFiles/example.elf.dir/stb_image_impl.cpp.obj
 .text.stbi__stdio_eof
                0x00000000000111a8       0x48 CMakeFiles/example.elf.dir/stb_image_impl.cpp.obj
 .text.stbi__stdio_skip
                0x00000000000111f0       0x4c CMakeFiles/example.elf.dir/stb_image_impl.cpp.obj
 .text.stbi__stdio_read
                0x000000000001123c       0x10 CMakeFiles/example.elf.dir/stb_image_impl.cpp.obj
 .text.stbi__build_huffman
                0x000000000001124c      0x1c8 CMakeFiles/example.elf.dir/stb_image_impl.cpp.obj
 .text.stbi__getn
                0x0000000000011414       0xe8 CMakeFiles/example.elf.dir/stb_image_impl.cpp.obj
 .text.stbi__vertical_flip
                0x00000000000114fc      0x100 CMakeFiles/example.elf.dir/stb_image_impl.cpp.obj
 .text.stbi__hdr_convert
                0x00000000000115fc      0x148 CMakeFiles/example.elf.dir/stb_image_impl.cpp.obj
 .text.stbi__skip.part.0
                0x0000000000011744       0x3c CMakeFiles/example.elf.dir/stb_image_impl.cpp.obj
 .text.stbi__resample_row_h_2
                0x0000000000011780       0xe0 CMakeFiles/example.elf.dir/stb_image_impl.cpp.obj
 .text.stbi__create_png_alpha_expand8
                0x0000000000011860       0x8c CMakeFiles/example.elf.dir/stb_image_impl.cpp.obj
 .text.stbi__convert_format16.part.0
                0x00000000000118ec      0x588 CMakeFiles/example.elf.dir/stb_image_impl.cpp.obj
 .text.stbi__free_jpeg_components.constprop.0
                0x0000000000011e74       0x94 CMakeFiles/example.elf.dir/stb_image_impl.cpp.obj
 .text.stbi__mad4sizes_valid.constprop.0
                0x0000000000011f08       0x8c CMakeFiles/example.elf.dir/stb_image_impl.cpp.obj
 .text.stbi__malloc_mad3
                0x0000000000011f94       0x5c CMakeFiles/example.elf.dir/stb_image_impl.cpp.obj
 .text.stbi__zbuild_huffman
                0x0000000000011ff0      0x54c CMakeFiles/example.elf.dir/stb_image_impl.cpp.obj
 .text.stbi__pnm_skip_whitespace
                0x000000000001253c      0x270 CMakeFiles/example.elf.dir/stb_image_impl.cpp.obj
 .text.stbi__gif_parse_colortable
                0x00000000000127ac      0x238 CMakeFiles/example.elf.dir/stb_image_impl.cpp.obj
 .text.stbi__convert_format.part.0
                0x00000000000129e4      0x5a0 CMakeFiles/example.elf.dir/stb_image_impl.cpp.obj
 .text.stbi__pnm_getinteger
                0x0000000000012f84      0x17c CMakeFiles/example.elf.dir/stb_image_impl.cpp.obj
 .text.stbi__create_png_image_raw
                0x0000000000013100      0xb1c CMakeFiles/example.elf.dir/stb_image_impl.cpp.obj
 .text.stbi__hdr_test
                0x0000000000013c1c      0x1c8 CMakeFiles/example.elf.dir/stb_image_impl.cpp.obj
 .text.stbi__get8
                0x0000000000013de4       0xcc CMakeFiles/example.elf.dir/stb_image_impl.cpp.obj
 .text.stbi__readval
                0x0000000000013eb0      0x148 CMakeFiles/example.elf.dir/stb_image_impl.cpp.obj
 .text.stbi__get16be
                0x0000000000013ff8      0x150 CMakeFiles/example.elf.dir/stb_image_impl.cpp.obj
 .text.stbi__get16le
                0x0000000000014148      0x150 CMakeFiles/example.elf.dir/stb_image_impl.cpp.obj
 .text.stbi__get32le
                0x0000000000014298      0x25c CMakeFiles/example.elf.dir/stb_image_impl.cpp.obj
 .text.stbi__hdr_gettoken
                0x00000000000144f4      0x2cc CMakeFiles/example.elf.dir/stb_image_impl.cpp.obj
 .text.stbi__compute_huffman_codes
                0x00000000000147c0      0xf3c CMakeFiles/example.elf.dir/stb_image_impl.cpp.obj
 .text.stbi__parse_zlib
                0x00000000000156fc     0x18a8 CMakeFiles/example.elf.dir/stb_image_impl.cpp.obj
 .text.stbi__get_marker
                0x0000000000016fa4      0x1b0 CMakeFiles/example.elf.dir/stb_image_impl.cpp.obj
 .text.stbi__grow_buffer_unsafe
                0x0000000000017154      0x280 CMakeFiles/example.elf.dir/stb_image_impl.cpp.obj
 .text.stbi__jpeg_decode_block_prog_dc
                0x00000000000173d4      0x408 CMakeFiles/example.elf.dir/stb_image_impl.cpp.obj
 .text.stbi__jpeg_decode_block
                0x00000000000177dc      0x68c CMakeFiles/example.elf.dir/stb_image_impl.cpp.obj
 .text.stbi__process_marker
                0x0000000000017e68      0x8cc CMakeFiles/example.elf.dir/stb_image_impl.cpp.obj
 .text.stbi__bmp_parse_header.constprop.0
                0x0000000000018734      0x4bc CMakeFiles/example.elf.dir/stb_image_impl.cpp.obj
 .text.stbi__get32be
                0x0000000000018bf0      0x294 CMakeFiles/example.elf.dir/stb_image_impl.cpp.obj
 .text.stbi__pnm_info
                0x0000000000018e84      0x2d8 CMakeFiles/example.elf.dir/stb_image_impl.cpp.obj
 .text.stbi__hdr_load.constprop.0
                0x000000000001915c      0x6f0 CMakeFiles/example.elf.dir/stb_image_impl.cpp.obj
 .text.stbi__bmp_load.constprop.0
                0x000000000001984c     0x128c CMakeFiles/example.elf.dir/stb_image_impl.cpp.obj
 .text.stbi__parse_png_file
                0x000000000001aad8     0x1768 CMakeFiles/example.elf.dir/stb_image_impl.cpp.obj
 .text.stbi__decode_jpeg_header
                0x000000000001c240      0x9a0 CMakeFiles/example.elf.dir/stb_image_impl.cpp.obj
 .text.stbi__decode_jpeg_image
                0x000000000001cbe0     0x1b64 CMakeFiles/example.elf.dir/stb_image_impl.cpp.obj
 .text.stbi__gif_header
                0x000000000001e744      0x2bc CMakeFiles/example.elf.dir/stb_image_impl.cpp.obj
 .text.stbi__gif_load_next.constprop.0
                0x000000000001ea00      0xc10 CMakeFiles/example.elf.dir/stb_image_impl.cpp.obj
 .text.stbi__gif_load.constprop.0
                0x000000000001f610      0x168 CMakeFiles/example.elf.dir/stb_image_impl.cpp.obj
 .text.stbi__load_main
                0x000000000001f778     0x3c64 CMakeFiles/example.elf.dir/stb_image_impl.cpp.obj
 .text.stbi__load_and_postprocess_8bit
                0x00000000000233dc      0x130 CMakeFiles/example.elf.dir/stb_image_impl.cpp.obj
 .text.stbi_image_free
                0x000000000002350c        0x4 CMakeFiles/example.elf.dir/stb_image_impl.cpp.obj
                0x000000000002350c                stbi_image_free
 .text.stbi_load
                0x0000000000023510      0x144 CMakeFiles/example.elf.dir/stb_image_impl.cpp.obj
                0x0000000000023510                stbi_load
 .text._Z10init_layerP6_Layeriiiiiib.constprop.0
                0x0000000000023654      0x21c CMakeFiles/example.elf.dir/TestLeNet.cpp.obj
 .text._Z10init_layerP6_Layeriiiiiib.constprop.4
                0x0000000000023870       0xb0 CMakeFiles/example.elf.dir/TestLeNet.cpp.obj
 .text._Z10init_layerP6_Layeriiiiiib.constprop.3
                0x0000000000023920      0x220 CMakeFiles/example.elf.dir/TestLeNet.cpp.obj
 .text._Z10init_layerP6_Layeriiiiiib.constprop.1
                0x0000000000023b40      0x228 CMakeFiles/example.elf.dir/TestLeNet.cpp.obj
 .text._Z10init_layerP6_Layeriiiiiib.constprop.2
                0x0000000000023d68      0x318 CMakeFiles/example.elf.dir/TestLeNet.cpp.obj
 .text._Z10conv_fpropP6_LayerS0_Pb.constprop.0
                0x0000000000024080      0x424 CMakeFiles/example.elf.dir/TestLeNet.cpp.obj
 .text._Z10conv_bpropP6_LayerS0_Pb.constprop.0
                0x00000000000244a4      0x6d8 CMakeFiles/example.elf.dir/TestLeNet.cpp.obj
 .text._Z13release_layerP6_Layer
                0x0000000000024b7c       0xec CMakeFiles/example.elf.dir/TestLeNet.cpp.obj
                0x0000000000024b7c                release_layer(_Layer*)
 .text._Z15read_mnist_dataP7_SamplePKc
                0x0000000000024c68      0x2bc CMakeFiles/example.elf.dir/TestLeNet.cpp.obj
                0x0000000000024c68                read_mnist_data(_Sample*, char const*)
 .text._Z16read_mnist_labelP7_SamplePKc
                0x0000000000024f24      0x1c0 CMakeFiles/example.elf.dir/TestLeNet.cpp.obj
                0x0000000000024f24                read_mnist_label(_Sample*, char const*)
 .text._Z17max_pooling_fpropP6_LayerS0_
                0x00000000000250e4      0x2b8 CMakeFiles/example.elf.dir/TestLeNet.cpp.obj
                0x00000000000250e4                max_pooling_fprop(_Layer*, _Layer*)
 .text._Z21fully_connected_fpropP6_LayerS0_
                0x000000000002539c      0x1cc CMakeFiles/example.elf.dir/TestLeNet.cpp.obj
                0x000000000002539c                fully_connected_fprop(_Layer*, _Layer*)
 .text._Z19forward_propagationv
                0x0000000000025568      0x4e0 CMakeFiles/example.elf.dir/TestLeNet.cpp.obj
                0x0000000000025568                forward_propagation()
 .text._Z17max_pooling_bpropP6_LayerS0_
                0x0000000000025a48      0x320 CMakeFiles/example.elf.dir/TestLeNet.cpp.obj
                0x0000000000025a48                max_pooling_bprop(_Layer*, _Layer*)
 .text._Z21fully_connected_bpropP6_LayerS0_
                0x0000000000025d68      0x26c CMakeFiles/example.elf.dir/TestLeNet.cpp.obj
                0x0000000000025d68                fully_connected_bprop(_Layer*, _Layer*)
 .text._Z20backward_propagationPd
                0x0000000000025fd4      0x884 CMakeFiles/example.elf.dir/TestLeNet.cpp.obj
                0x0000000000025fd4                backward_propagation(double*)
 .text._Z13update_paramsP6_Layerd
                0x0000000000026858      0x204 CMakeFiles/example.elf.dir/TestLeNet.cpp.obj
                0x0000000000026858                update_params(_Layer*, double)
 .text._Z5trainP7_Sampled
                0x0000000000026a5c      0x538 CMakeFiles/example.elf.dir/TestLeNet.cpp.obj
                0x0000000000026a5c                train(_Sample*, double)
 .text._Z7predictP7_Sample
                0x0000000000026f94      0x418 CMakeFiles/example.elf.dir/TestLeNet.cpp.obj
                0x0000000000026f94                predict(_Sample*)
 .text._Z10save_modelPKc
                0x00000000000273ac      0x244 CMakeFiles/example.elf.dir/TestLeNet.cpp.obj
                0x00000000000273ac                save_model(char const*)
 .text._Z10load_modelPKc
                0x00000000000275f0      0x2c4 CMakeFiles/example.elf.dir/TestLeNet.cpp.obj
                0x00000000000275f0                load_model(char const*)
 .text._Z25load_and_preprocess_imagePKcPd
                0x00000000000278b4      0x2ec CMakeFiles/example.elf.dir/TestLeNet.cpp.obj
                0x00000000000278b4                load_and_preprocess_image(char const*, double*)
 .text._Z20predict_single_imagePKc
                0x0000000000027ba0      0x2bc CMakeFiles/example.elf.dir/TestLeNet.cpp.obj
                0x0000000000027ba0                predict_single_image(char const*)
 .text._Z17test_custom_imagePKcS0_
                0x0000000000027e5c      0x608 CMakeFiles/example.elf.dir/TestLeNet.cpp.obj
                0x0000000000027e5c                test_custom_image(char const*, char const*)
 .text.calloc   0x0000000000028464       0x14 /opt/riscv/lib/gcc/riscv32-unknown-elf/12.1.0/../../../../riscv32-unknown-elf/lib/libc.a(lib_a-calloc.o)
                0x0000000000028464                calloc
 .text._calloc_r
                0x0000000000028478      0x1bc /opt/riscv/lib/gcc/riscv32-unknown-elf/12.1.0/../../../../riscv32-unknown-elf/lib/libc.a(lib_a-callocr.o)
                0x0000000000028478                _calloc_r
 .text.clock    0x0000000000028634       0x44 /opt/riscv/lib/gcc/riscv32-unknown-elf/12.1.0/../../../../riscv32-unknown-elf/lib/libc.a(lib_a-clock.o)
                0x0000000000028634                clock
 .text.__errno  0x0000000000028678        0x8 /opt/riscv/lib/gcc/riscv32-unknown-elf/12.1.0/../../../../riscv32-unknown-elf/lib/libc.a(lib_a-errno.o)
                0x0000000000028678                __errno
 .text._fclose_r
                0x0000000000028680      0x110 /opt/riscv/lib/gcc/riscv32-unknown-elf/12.1.0/../../../../riscv32-unknown-elf/lib/libc.a(lib_a-fclose.o)
                0x0000000000028680                _fclose_r
 .text.fclose   0x0000000000028790        0xc /opt/riscv/lib/gcc/riscv32-unknown-elf/12.1.0/../../../../riscv32-unknown-elf/lib/libc.a(lib_a-fclose.o)
                0x0000000000028790                fclose
 .text.feof     0x000000000002879c       0x60 /opt/riscv/lib/gcc/riscv32-unknown-elf/12.1.0/../../../../riscv32-unknown-elf/lib/libc.a(lib_a-feof.o)
                0x000000000002879c                feof
 .text.ferror   0x00000000000287fc       0x60 /opt/riscv/lib/gcc/riscv32-unknown-elf/12.1.0/../../../../riscv32-unknown-elf/lib/libc.a(lib_a-ferror.o)
                0x00000000000287fc                ferror
 .text.__sflush_r
                0x000000000002885c      0x24c /opt/riscv/lib/gcc/riscv32-unknown-elf/12.1.0/../../../../riscv32-unknown-elf/lib/libc.a(lib_a-fflush.o)
                0x000000000002885c                __sflush_r
 .text._fflush_r
                0x0000000000028aa8       0x60 /opt/riscv/lib/gcc/riscv32-unknown-elf/12.1.0/../../../../riscv32-unknown-elf/lib/libc.a(lib_a-fflush.o)
                0x0000000000028aa8                _fflush_r
 .text.fflush   0x0000000000028b08       0x7c /opt/riscv/lib/gcc/riscv32-unknown-elf/12.1.0/../../../../riscv32-unknown-elf/lib/libc.a(lib_a-fflush.o)
                0x0000000000028b08                fflush
 .text.fgetc    0x0000000000028b84       0x8c /opt/riscv/lib/gcc/riscv32-unknown-elf/12.1.0/../../../../riscv32-unknown-elf/lib/libc.a(lib_a-fgetc.o)
                0x0000000000028b84                fgetc
 .text._cleanup_r
                0x0000000000028c10        0xc /opt/riscv/lib/gcc/riscv32-unknown-elf/12.1.0/../../../../riscv32-unknown-elf/lib/libc.a(lib_a-findfp.o)
                0x0000000000028c10                _cleanup_r
 .text.__sinit.part.0
                0x0000000000028c1c      0x184 /opt/riscv/lib/gcc/riscv32-unknown-elf/12.1.0/../../../../riscv32-unknown-elf/lib/libc.a(lib_a-findfp.o)
 .text.__sfp    0x0000000000028da0      0x12c /opt/riscv/lib/gcc/riscv32-unknown-elf/12.1.0/../../../../riscv32-unknown-elf/lib/libc.a(lib_a-findfp.o)
                0x0000000000028da0                __sfp
 .text.__sinit  0x0000000000028ecc       0x10 /opt/riscv/lib/gcc/riscv32-unknown-elf/12.1.0/../../../../riscv32-unknown-elf/lib/libc.a(lib_a-findfp.o)
                0x0000000000028ecc                __sinit
 .text.__sfp_lock_acquire
                0x0000000000028edc        0x4 /opt/riscv/lib/gcc/riscv32-unknown-elf/12.1.0/../../../../riscv32-unknown-elf/lib/libc.a(lib_a-findfp.o)
                0x0000000000028edc                __sfp_lock_acquire
 .text.__sfp_lock_release
                0x0000000000028ee0        0x4 /opt/riscv/lib/gcc/riscv32-unknown-elf/12.1.0/../../../../riscv32-unknown-elf/lib/libc.a(lib_a-findfp.o)
                0x0000000000028ee0                __sfp_lock_release
 .text._fopen_r
                0x0000000000028ee4      0x118 /opt/riscv/lib/gcc/riscv32-unknown-elf/12.1.0/../../../../riscv32-unknown-elf/lib/libc.a(lib_a-fopen.o)
                0x0000000000028ee4                _fopen_r
 .text.fopen    0x0000000000028ffc       0x14 /opt/riscv/lib/gcc/riscv32-unknown-elf/12.1.0/../../../../riscv32-unknown-elf/lib/libc.a(lib_a-fopen.o)
                0x0000000000028ffc                fopen
 .text._fread_r
                0x0000000000029010      0x264 /opt/riscv/lib/gcc/riscv32-unknown-elf/12.1.0/../../../../riscv32-unknown-elf/lib/libc.a(lib_a-fread.o)
                0x0000000000029010                _fread_r
 .text.fread    0x0000000000029274       0x1c /opt/riscv/lib/gcc/riscv32-unknown-elf/12.1.0/../../../../riscv32-unknown-elf/lib/libc.a(lib_a-fread.o)
                0x0000000000029274                fread
 .text._malloc_trim_r
                0x0000000000029290      0x134 /opt/riscv/lib/gcc/riscv32-unknown-elf/12.1.0/../../../../riscv32-unknown-elf/lib/libc.a(lib_a-freer.o)
                0x0000000000029290                _malloc_trim_r
 .text._free_r  0x00000000000293c4      0x304 /opt/riscv/lib/gcc/riscv32-unknown-elf/12.1.0/../../../../riscv32-unknown-elf/lib/libc.a(lib_a-freer.o)
                0x00000000000293c4                _free_r
 .text._fseek_r
                0x00000000000296c8        0x4 /opt/riscv/lib/gcc/riscv32-unknown-elf/12.1.0/../../../../riscv32-unknown-elf/lib/libc.a(lib_a-fseek.o)
                0x00000000000296c8                _fseek_r
 .text.fseek    0x00000000000296cc       0x18 /opt/riscv/lib/gcc/riscv32-unknown-elf/12.1.0/../../../../riscv32-unknown-elf/lib/libc.a(lib_a-fseek.o)
                0x00000000000296cc                fseek
 .text._fseeko_r
                0x00000000000296e4      0x45c /opt/riscv/lib/gcc/riscv32-unknown-elf/12.1.0/../../../../riscv32-unknown-elf/lib/libc.a(lib_a-fseeko.o)
                0x00000000000296e4                _fseeko_r
 .text._fstat_r
                0x0000000000029b40       0x64 /opt/riscv/lib/gcc/riscv32-unknown-elf/12.1.0/../../../../riscv32-unknown-elf/lib/libc.a(lib_a-fstatr.o)
                0x0000000000029b40                _fstat_r
 .text._fwalk   0x0000000000029ba4       0xa4 /opt/riscv/lib/gcc/riscv32-unknown-elf/12.1.0/../../../../riscv32-unknown-elf/lib/libc.a(lib_a-fwalk.o)
                0x0000000000029ba4                _fwalk
 .text._fwalk_reent
                0x0000000000029c48       0xb4 /opt/riscv/lib/gcc/riscv32-unknown-elf/12.1.0/../../../../riscv32-unknown-elf/lib/libc.a(lib_a-fwalk.o)
                0x0000000000029c48                _fwalk_reent
 .text.fwrite   0x0000000000029cfc       0xec /opt/riscv/lib/gcc/riscv32-unknown-elf/12.1.0/../../../../riscv32-unknown-elf/lib/libc.a(lib_a-fwrite.o)
                0x0000000000029cfc                fwrite
 .text.__smakebuf_r
                0x0000000000029de8      0x190 /opt/riscv/lib/gcc/riscv32-unknown-elf/12.1.0/../../../../riscv32-unknown-elf/lib/libc.a(lib_a-makebuf.o)
                0x0000000000029de8                __smakebuf_r
 .text.malloc   0x0000000000029f78        0xc /opt/riscv/lib/gcc/riscv32-unknown-elf/12.1.0/../../../../riscv32-unknown-elf/lib/libc.a(lib_a-malloc.o)
                0x0000000000029f78                malloc
 .text.free     0x0000000000029f84        0xc /opt/riscv/lib/gcc/riscv32-unknown-elf/12.1.0/../../../../riscv32-unknown-elf/lib/libc.a(lib_a-malloc.o)
                0x0000000000029f84                free
 .text._malloc_r
                0x0000000000029f90      0x780 /opt/riscv/lib/gcc/riscv32-unknown-elf/12.1.0/../../../../riscv32-unknown-elf/lib/libc.a(lib_a-mallocr.o)
                0x0000000000029f90                _malloc_r
 .text.memcpy   0x000000000002a710      0x1a4 /opt/riscv/lib/gcc/riscv32-unknown-elf/12.1.0/../../../../riscv32-unknown-elf/lib/libc.a(lib_a-memcpy.o)
                0x000000000002a710                memcpy
 .text          0x000000000002a8b4       0xdc /opt/riscv/lib/gcc/riscv32-unknown-elf/12.1.0/../../../../riscv32-unknown-elf/lib/libc.a(lib_a-memset.o)
                0x000000000002a8b4                memset
 .text.__malloc_lock
                0x000000000002a990        0x4 /opt/riscv/lib/gcc/riscv32-unknown-elf/12.1.0/../../../../riscv32-unknown-elf/lib/libc.a(lib_a-mlock.o)
                0x000000000002a990                __malloc_lock
 .text.__malloc_unlock
                0x000000000002a994        0x4 /opt/riscv/lib/gcc/riscv32-unknown-elf/12.1.0/../../../../riscv32-unknown-elf/lib/libc.a(lib_a-mlock.o)
                0x000000000002a994                __malloc_unlock
 .text._open_r  0x000000000002a998       0x68 /opt/riscv/lib/gcc/riscv32-unknown-elf/12.1.0/../../../../riscv32-unknown-elf/lib/libc.a(lib_a-openr.o)
                0x000000000002a998                _open_r
 .text.printf   0x000000000002aa00       0x4c /opt/riscv/lib/gcc/riscv32-unknown-elf/12.1.0/../../../../riscv32-unknown-elf/lib/libc.a(lib_a-printf.o)
                0x000000000002aa00                printf
 .text.putchar  0x000000000002aa4c       0x14 /opt/riscv/lib/gcc/riscv32-unknown-elf/12.1.0/../../../../riscv32-unknown-elf/lib/libc.a(lib_a-putchar.o)
                0x000000000002aa4c                putchar
 .text._puts_r  0x000000000002aa60       0xd0 /opt/riscv/lib/gcc/riscv32-unknown-elf/12.1.0/../../../../riscv32-unknown-elf/lib/libc.a(lib_a-puts.o)
                0x000000000002aa60                _puts_r
 .text.puts     0x000000000002ab30        0xc /opt/riscv/lib/gcc/riscv32-unknown-elf/12.1.0/../../../../riscv32-unknown-elf/lib/libc.a(lib_a-puts.o)
                0x000000000002ab30                puts
 .text.realloc  0x000000000002ab3c       0x14 /opt/riscv/lib/gcc/riscv32-unknown-elf/12.1.0/../../../../riscv32-unknown-elf/lib/libc.a(lib_a-realloc.o)
                0x000000000002ab3c                realloc
 .text._realloc_r
                0x000000000002ab50      0x558 /opt/riscv/lib/gcc/riscv32-unknown-elf/12.1.0/../../../../riscv32-unknown-elf/lib/libc.a(lib_a-reallocr.o)
                0x000000000002ab50                _realloc_r
 .text.lflush   0x000000000002b0a8       0x1c /opt/riscv/lib/gcc/riscv32-unknown-elf/12.1.0/../../../../riscv32-unknown-elf/lib/libc.a(lib_a-refill.o)
 .text.__srefill_r
                0x000000000002b0c4      0x1c8 /opt/riscv/lib/gcc/riscv32-unknown-elf/12.1.0/../../../../riscv32-unknown-elf/lib/libc.a(lib_a-refill.o)
                0x000000000002b0c4                __srefill_r
 .text.__srget_r
                0x000000000002b28c       0x74 /opt/riscv/lib/gcc/riscv32-unknown-elf/12.1.0/../../../../riscv32-unknown-elf/lib/libc.a(lib_a-rget.o)
                0x000000000002b28c                __srget_r
 .text._sbrk_r  0x000000000002b300       0x5c /opt/riscv/lib/gcc/riscv32-unknown-elf/12.1.0/../../../../riscv32-unknown-elf/lib/libc.a(lib_a-sbrkr.o)
                0x000000000002b300                _sbrk_r
 .text.ldexpf   0x000000000002b35c       0x94 /opt/riscv/lib/gcc/riscv32-unknown-elf/12.1.0/../../../../riscv32-unknown-elf/lib/libc.a(lib_a-sf_ldexp.o)
                0x000000000002b35c                ldexpf
 .text.scalbnf  0x000000000002b3f0      0x128 /opt/riscv/lib/gcc/riscv32-unknown-elf/12.1.0/../../../../riscv32-unknown-elf/lib/libc.a(lib_a-sf_scalbn.o)
                0x000000000002b3f0                scalbnf
 .text.__sread  0x000000000002b518       0x5c /opt/riscv/lib/gcc/riscv32-unknown-elf/12.1.0/../../../../riscv32-unknown-elf/lib/libc.a(lib_a-stdio.o)
                0x000000000002b518                __sread
 .text.__swrite
                0x000000000002b574       0x88 /opt/riscv/lib/gcc/riscv32-unknown-elf/12.1.0/../../../../riscv32-unknown-elf/lib/libc.a(lib_a-stdio.o)
                0x000000000002b574                __swrite
 .text.__sseek  0x000000000002b5fc       0x78 /opt/riscv/lib/gcc/riscv32-unknown-elf/12.1.0/../../../../riscv32-unknown-elf/lib/libc.a(lib_a-stdio.o)
                0x000000000002b5fc                __sseek
 .text.__sclose
                0x000000000002b674        0x8 /opt/riscv/lib/gcc/riscv32-unknown-elf/12.1.0/../../../../riscv32-unknown-elf/lib/libc.a(lib_a-stdio.o)
                0x000000000002b674                __sclose
 .text          0x000000000002b67c      0x17c /opt/riscv/lib/gcc/riscv32-unknown-elf/12.1.0/../../../../riscv32-unknown-elf/lib/libc.a(lib_a-strcmp.o)
                0x000000000002b67c                strcmp
 .text.strlen   0x000000000002b7f8       0x8c /opt/riscv/lib/gcc/riscv32-unknown-elf/12.1.0/../../../../riscv32-unknown-elf/lib/libc.a(lib_a-strlen.o)
                0x000000000002b7f8                strlen
 .text._strtol_l.constprop.0
                0x000000000002b884      0x270 /opt/riscv/lib/gcc/riscv32-unknown-elf/12.1.0/../../../../riscv32-unknown-elf/lib/libc.a(lib_a-strtol.o)
 .text.strtol   0x000000000002baf4       0x18 /opt/riscv/lib/gcc/riscv32-unknown-elf/12.1.0/../../../../riscv32-unknown-elf/lib/libc.a(lib_a-strtol.o)
                0x000000000002baf4                strtol
 .text.system   0x000000000002bb0c       0x30 /opt/riscv/lib/gcc/riscv32-unknown-elf/12.1.0/../../../../riscv32-unknown-elf/lib/libc.a(lib_a-system.o)
                0x000000000002bb0c                system
 .text.time     0x000000000002bb3c       0x5c /opt/riscv/lib/gcc/riscv32-unknown-elf/12.1.0/../../../../riscv32-unknown-elf/lib/libc.a(lib_a-time.o)
                0x000000000002bb3c                time
 .text._times_r
                0x000000000002bb98        0x8 /opt/riscv/lib/gcc/riscv32-unknown-elf/12.1.0/../../../../riscv32-unknown-elf/lib/libc.a(lib_a-timesr.o)
                0x000000000002bb98                _times_r
 .text.__submore
                0x000000000002bba0       0xcc /opt/riscv/lib/gcc/riscv32-unknown-elf/12.1.0/../../../../riscv32-unknown-elf/lib/libc.a(lib_a-ungetc.o)
                0x000000000002bba0                __submore
 .text._ungetc_r
                0x000000000002bc6c      0x18c /opt/riscv/lib/gcc/riscv32-unknown-elf/12.1.0/../../../../riscv32-unknown-elf/lib/libc.a(lib_a-ungetc.o)
                0x000000000002bc6c                _ungetc_r
 .text.ungetc   0x000000000002bdf8       0x14 /opt/riscv/lib/gcc/riscv32-unknown-elf/12.1.0/../../../../riscv32-unknown-elf/lib/libc.a(lib_a-ungetc.o)
                0x000000000002bdf8                ungetc
 .text._vfprintf_r
                0x000000000002be0c     0x28e4 /opt/riscv/lib/gcc/riscv32-unknown-elf/12.1.0/../../../../riscv32-unknown-elf/lib/libc.a(lib_a-vfprintf.o)
                0x000000000002be0c                _vfprintf_r
 .text.__sbprintf
                0x000000000002e6f0       0xcc /opt/riscv/lib/gcc/riscv32-unknown-elf/12.1.0/../../../../riscv32-unknown-elf/lib/libc.a(lib_a-vfprintf.o)
 .text._write_r
                0x000000000002e7bc       0x68 /opt/riscv/lib/gcc/riscv32-unknown-elf/12.1.0/../../../../riscv32-unknown-elf/lib/libc.a(lib_a-writer.o)
                0x000000000002e7bc                _write_r
 .text.__swsetup_r
                0x000000000002e824      0x140 /opt/riscv/lib/gcc/riscv32-unknown-elf/12.1.0/../../../../riscv32-unknown-elf/lib/libc.a(lib_a-wsetup.o)
                0x000000000002e824                __swsetup_r
 .text.atexit   0x000000000002e964       0x14 /opt/riscv/lib/gcc/riscv32-unknown-elf/12.1.0/../../../../riscv32-unknown-elf/lib/libc.a(lib_a-atexit.o)
                0x000000000002e964                atexit
 .text._close_r
                0x000000000002e978       0x5c /opt/riscv/lib/gcc/riscv32-unknown-elf/12.1.0/../../../../riscv32-unknown-elf/lib/libc.a(lib_a-closer.o)
                0x000000000002e978                _close_r
 .text.__libc_fini_array
                0x000000000002e9d4       0x5c /opt/riscv/lib/gcc/riscv32-unknown-elf/12.1.0/../../../../riscv32-unknown-elf/lib/libc.a(lib_a-fini.o)
                0x000000000002e9d4                __libc_fini_array
 .text.__sflags
                0x000000000002ea30       0xac /opt/riscv/lib/gcc/riscv32-unknown-elf/12.1.0/../../../../riscv32-unknown-elf/lib/libc.a(lib_a-flags.o)
                0x000000000002ea30                __sflags
 .text.__sfvwrite_r
                0x000000000002eadc      0x4a0 /opt/riscv/lib/gcc/riscv32-unknown-elf/12.1.0/../../../../riscv32-unknown-elf/lib/libc.a(lib_a-fvwrite.o)
                0x000000000002eadc                __sfvwrite_r
 .text._gettimeofday_r
                0x000000000002ef7c       0x64 /opt/riscv/lib/gcc/riscv32-unknown-elf/12.1.0/../../../../riscv32-unknown-elf/lib/libc.a(lib_a-gettimeofdayr.o)
                0x000000000002ef7c                _gettimeofday_r
 .text._isatty_r
                0x000000000002efe0       0x5c /opt/riscv/lib/gcc/riscv32-unknown-elf/12.1.0/../../../../riscv32-unknown-elf/lib/libc.a(lib_a-isattyr.o)
                0x000000000002efe0                _isatty_r
 .text.eshdn1   0x000000000002f03c       0x54 /opt/riscv/lib/gcc/riscv32-unknown-elf/12.1.0/../../../../riscv32-unknown-elf/lib/libc.a(lib_a-ldtoa.o)
 .text.eshup1   0x000000000002f090       0x54 /opt/riscv/lib/gcc/riscv32-unknown-elf/12.1.0/../../../../riscv32-unknown-elf/lib/libc.a(lib_a-ldtoa.o)
 .text.m16m     0x000000000002f0e4       0xd0 /opt/riscv/lib/gcc/riscv32-unknown-elf/12.1.0/../../../../riscv32-unknown-elf/lib/libc.a(lib_a-ldtoa.o)
 .text.emovo.constprop.0
                0x000000000002f1b4       0xbc /opt/riscv/lib/gcc/riscv32-unknown-elf/12.1.0/../../../../riscv32-unknown-elf/lib/libc.a(lib_a-ldtoa.o)
 .text.enormlz  0x000000000002f270      0x174 /opt/riscv/lib/gcc/riscv32-unknown-elf/12.1.0/../../../../riscv32-unknown-elf/lib/libc.a(lib_a-ldtoa.o)
 .text.eshift.part.0
                0x000000000002f3e4      0x1bc /opt/riscv/lib/gcc/riscv32-unknown-elf/12.1.0/../../../../riscv32-unknown-elf/lib/libc.a(lib_a-ldtoa.o)
 .text.emovi    0x000000000002f5a0       0xb4 /opt/riscv/lib/gcc/riscv32-unknown-elf/12.1.0/../../../../riscv32-unknown-elf/lib/libc.a(lib_a-ldtoa.o)
 .text.ecmp     0x000000000002f654      0x14c /opt/riscv/lib/gcc/riscv32-unknown-elf/12.1.0/../../../../riscv32-unknown-elf/lib/libc.a(lib_a-ldtoa.o)
 .text.emdnorm  0x000000000002f7a0      0x49c /opt/riscv/lib/gcc/riscv32-unknown-elf/12.1.0/../../../../riscv32-unknown-elf/lib/libc.a(lib_a-ldtoa.o)
 .text.eiremain
                0x000000000002fc3c      0x164 /opt/riscv/lib/gcc/riscv32-unknown-elf/12.1.0/../../../../riscv32-unknown-elf/lib/libc.a(lib_a-ldtoa.o)
 .text.e113toe.isra.0
                0x000000000002fda0      0x154 /opt/riscv/lib/gcc/riscv32-unknown-elf/12.1.0/../../../../riscv32-unknown-elf/lib/libc.a(lib_a-ldtoa.o)
 .text.ediv     0x000000000002fef4      0x594 /opt/riscv/lib/gcc/riscv32-unknown-elf/12.1.0/../../../../riscv32-unknown-elf/lib/libc.a(lib_a-ldtoa.o)
 .text.emul     0x0000000000030488      0x4d0 /opt/riscv/lib/gcc/riscv32-unknown-elf/12.1.0/../../../../riscv32-unknown-elf/lib/libc.a(lib_a-ldtoa.o)
 .text._ldtoa_r
                0x0000000000030958     0x1328 /opt/riscv/lib/gcc/riscv32-unknown-elf/12.1.0/../../../../riscv32-unknown-elf/lib/libc.a(lib_a-ldtoa.o)
                0x0000000000030958                _ldtoa_r
 .text._ldcheck
                0x0000000000031c80       0x78 /opt/riscv/lib/gcc/riscv32-unknown-elf/12.1.0/../../../../riscv32-unknown-elf/lib/libc.a(lib_a-ldtoa.o)
                0x0000000000031c80                _ldcheck
 .text._localeconv_r
                0x0000000000031cf8        0x8 /opt/riscv/lib/gcc/riscv32-unknown-elf/12.1.0/../../../../riscv32-unknown-elf/lib/libc.a(lib_a-localeconv.o)
                0x0000000000031cf8                _localeconv_r
 .text._lseek_r
                0x0000000000031d00       0x68 /opt/riscv/lib/gcc/riscv32-unknown-elf/12.1.0/../../../../riscv32-unknown-elf/lib/libc.a(lib_a-lseekr.o)
                0x0000000000031d00                _lseek_r
 .text.memchr   0x0000000000031d68       0xc4 /opt/riscv/lib/gcc/riscv32-unknown-elf/12.1.0/../../../../riscv32-unknown-elf/lib/libc.a(lib_a-memchr.o)
                0x0000000000031d68                memchr
 .text.memmove  0x0000000000031e2c      0x11c /opt/riscv/lib/gcc/riscv32-unknown-elf/12.1.0/../../../../riscv32-unknown-elf/lib/libc.a(lib_a-memmove-stub.o)
                0x0000000000031e2c                memmove
 .text._Balloc  0x0000000000031f48       0xa8 /opt/riscv/lib/gcc/riscv32-unknown-elf/12.1.0/../../../../riscv32-unknown-elf/lib/libc.a(lib_a-mprec.o)
                0x0000000000031f48                _Balloc
 .text._Bfree   0x0000000000031ff0       0x24 /opt/riscv/lib/gcc/riscv32-unknown-elf/12.1.0/../../../../riscv32-unknown-elf/lib/libc.a(lib_a-mprec.o)
                0x0000000000031ff0                _Bfree
 .text._putc_r  0x0000000000032014       0x90 /opt/riscv/lib/gcc/riscv32-unknown-elf/12.1.0/../../../../riscv32-unknown-elf/lib/libc.a(lib_a-putc.o)
                0x0000000000032014                _putc_r
 .text._read_r  0x00000000000320a4       0x68 /opt/riscv/lib/gcc/riscv32-unknown-elf/12.1.0/../../../../riscv32-unknown-elf/lib/libc.a(lib_a-readr.o)
                0x00000000000320a4                _read_r
 .text.frexp    0x000000000003210c       0xa8 /opt/riscv/lib/gcc/riscv32-unknown-elf/12.1.0/../../../../riscv32-unknown-elf/lib/libc.a(lib_a-s_frexp.o)
                0x000000000003210c                frexp
 .text.finitef  0x00000000000321b4       0x14 /opt/riscv/lib/gcc/riscv32-unknown-elf/12.1.0/../../../../riscv32-unknown-elf/lib/libc.a(lib_a-sf_finite.o)
                0x00000000000321b4                finitef
 .text.sprintf  0x00000000000321c8       0x78 /opt/riscv/lib/gcc/riscv32-unknown-elf/12.1.0/../../../../riscv32-unknown-elf/lib/libc.a(lib_a-sprintf.o)
                0x00000000000321c8                sprintf
 .text.strcpy   0x0000000000032240       0xb0 /opt/riscv/lib/gcc/riscv32-unknown-elf/12.1.0/../../../../riscv32-unknown-elf/lib/libc.a(lib_a-strcpy.o)
                0x0000000000032240                strcpy
 .text.strncpy  0x00000000000322f0       0xac /opt/riscv/lib/gcc/riscv32-unknown-elf/12.1.0/../../../../riscv32-unknown-elf/lib/libc.a(lib_a-strncpy.o)
                0x00000000000322f0                strncpy
 .text._svfprintf_r
                0x000000000003239c     0x288c /opt/riscv/lib/gcc/riscv32-unknown-elf/12.1.0/../../../../riscv32-unknown-elf/lib/libc.a(lib_a-svfprintf.o)
                0x000000000003239c                _svfprintf_r
 .text.__sprint_r.part.0
                0x0000000000034c28       0xf4 /opt/riscv/lib/gcc/riscv32-unknown-elf/12.1.0/../../../../riscv32-unknown-elf/lib/libc.a(lib_a-vfiprintf.o)
 .text.__sprint_r
                0x0000000000034d1c       0x18 /opt/riscv/lib/gcc/riscv32-unknown-elf/12.1.0/../../../../riscv32-unknown-elf/lib/libc.a(lib_a-vfiprintf.o)
                0x0000000000034d1c                __sprint_r
 .text._vfiprintf_r
                0x0000000000034d34     0x132c /opt/riscv/lib/gcc/riscv32-unknown-elf/12.1.0/../../../../riscv32-unknown-elf/lib/libc.a(lib_a-vfiprintf.o)
                0x0000000000034d34                _vfiprintf_r
 .text.__sbprintf
                0x0000000000036060       0xcc /opt/riscv/lib/gcc/riscv32-unknown-elf/12.1.0/../../../../riscv32-unknown-elf/lib/libc.a(lib_a-vfiprintf.o)
 .text.__swbuf_r
                0x000000000003612c      0x174 /opt/riscv/lib/gcc/riscv32-unknown-elf/12.1.0/../../../../riscv32-unknown-elf/lib/libc.a(lib_a-wbuf.o)
                0x000000000003612c                __swbuf_r
 .text.__register_exitproc
                0x00000000000362a0       0x98 /opt/riscv/lib/gcc/riscv32-unknown-elf/12.1.0/../../../../riscv32-unknown-elf/lib/libc.a(lib_a-__atexit.o)
                0x00000000000362a0                __register_exitproc
 .text.__assert_func
                0x0000000000036338       0x54 /opt/riscv/lib/gcc/riscv32-unknown-elf/12.1.0/../../../../riscv32-unknown-elf/lib/libc.a(lib_a-assert.o)
                0x0000000000036338                __assert_func
 .text.fiprintf
                0x000000000003638c       0x4c /opt/riscv/lib/gcc/riscv32-unknown-elf/12.1.0/../../../../riscv32-unknown-elf/lib/libc.a(lib_a-fiprintf.o)
                0x000000000003638c                fiprintf
 .text.__fputwc
                0x00000000000363d8       0xf4 /opt/riscv/lib/gcc/riscv32-unknown-elf/12.1.0/../../../../riscv32-unknown-elf/lib/libc.a(lib_a-fputwc.o)
                0x00000000000363d8                __fputwc
 .text._fputwc_r
                0x00000000000364cc       0x2c /opt/riscv/lib/gcc/riscv32-unknown-elf/12.1.0/../../../../riscv32-unknown-elf/lib/libc.a(lib_a-fputwc.o)
                0x00000000000364cc                _fputwc_r
 .text.__locale_mb_cur_max
                0x00000000000364f8        0x8 /opt/riscv/lib/gcc/riscv32-unknown-elf/12.1.0/../../../../riscv32-unknown-elf/lib/libc.a(lib_a-locale.o)
                0x00000000000364f8                __locale_mb_cur_max
 .text.__ascii_mbtowc
                0x0000000000036500       0x68 /opt/riscv/lib/gcc/riscv32-unknown-elf/12.1.0/../../../../riscv32-unknown-elf/lib/libc.a(lib_a-mbtowc_r.o)
                0x0000000000036500                __ascii_mbtowc
 .text.__ssprint_r
                0x0000000000036568      0x1c8 /opt/riscv/lib/gcc/riscv32-unknown-elf/12.1.0/../../../../riscv32-unknown-elf/lib/libc.a(lib_a-svfiprintf.o)
                0x0000000000036568                __ssprint_r
 .text._wcrtomb_r
                0x0000000000036730       0x74 /opt/riscv/lib/gcc/riscv32-unknown-elf/12.1.0/../../../../riscv32-unknown-elf/lib/libc.a(lib_a-wcrtomb.o)
                0x0000000000036730                _wcrtomb_r
 .text.__ascii_wctomb
                0x00000000000367a4       0x30 /opt/riscv/lib/gcc/riscv32-unknown-elf/12.1.0/../../../../riscv32-unknown-elf/lib/libc.a(lib_a-wctomb_r.o)
                0x00000000000367a4                __ascii_wctomb
 .text.abort    0x00000000000367d4       0x18 /opt/riscv/lib/gcc/riscv32-unknown-elf/12.1.0/../../../../riscv32-unknown-elf/lib/libc.a(lib_a-abort.o)
                0x00000000000367d4                abort
 .text.raise    0x00000000000367ec       0xc0 /opt/riscv/lib/gcc/riscv32-unknown-elf/12.1.0/../../../../riscv32-unknown-elf/lib/libc.a(lib_a-signal.o)
                0x00000000000367ec                raise
 .text._kill_r  0x00000000000368ac       0x64 /opt/riscv/lib/gcc/riscv32-unknown-elf/12.1.0/../../../../riscv32-unknown-elf/lib/libc.a(lib_a-signalr.o)
                0x00000000000368ac                _kill_r
 .text._getpid_r
                0x0000000000036910        0x4 /opt/riscv/lib/gcc/riscv32-unknown-elf/12.1.0/../../../../riscv32-unknown-elf/lib/libc.a(lib_a-signalr.o)
                0x0000000000036910                _getpid_r
 .text          0x0000000000036914       0x48 ../../source/riscv/libcrt_tr.a(crt0_tr.o)
                0x0000000000036914                _start
 .text          0x000000000003695c       0x30 ../../source/riscv/libcrt_tr.a(sys_close.o)
                0x000000000003695c                _close
 .text          0x000000000003698c       0x24 ../../source/riscv/libcrt_tr.a(sys_exit.o)
                0x000000000003698c                _exit
 .text          0x00000000000369b0       0x24 ../../source/riscv/libcrt_tr.a(sys_fstat.o)
                0x00000000000369b0                _fstat
 .text          0x00000000000369d4        0x8 ../../source/riscv/libcrt_tr.a(sys_getpid.o)
                0x00000000000369d4                _getpid
 .text          0x00000000000369dc        0x8 ../../source/riscv/libcrt_tr.a(sys_gettimeofday.o)
                0x00000000000369dc                _gettimeofday
 .text          0x00000000000369e4       0x40 ../../source/riscv/libcrt_tr.a(sys_isatty.o)
                0x00000000000369e4                _isatty
 .text          0x0000000000036a24        0x8 ../../source/riscv/libcrt_tr.a(sys_kill.o)
                0x0000000000036a24                _kill
 .text          0x0000000000036a2c       0x40 ../../source/riscv/libcrt_tr.a(sys_lseek.o)
                0x0000000000036a2c                _lseek
 .text          0x0000000000036a6c       0x74 ../../source/riscv/libcrt_tr.a(sys_open.o)
                0x0000000000036a6c                _open
                0x0000000000036aac                posix_memalign
 .text          0x0000000000036ae0       0x40 ../../source/riscv/libcrt_tr.a(sys_read.o)
                0x0000000000036ae0                _read
 .text          0x0000000000036b20       0x48 ../../source/riscv/libcrt_tr.a(sys_sbrk.o)
                0x0000000000036b20                _sbrk
 .text          0x0000000000036b68       0x98 ../../source/riscv/libcrt_tr.a(sys_times.o)
                0x0000000000036b68                _times
 .text          0x0000000000036c00       0x8c ../../source/riscv/libcrt_tr.a(sys_write.o)
                0x0000000000036c00                _write
 .text          0x0000000000036c8c       0xa4 ../../source/riscv/libcrt_tr.a(sys_conv_stat.o)
                0x0000000000036c8c                _conv_stat
 .text          0x0000000000036d30      0x5c4 /opt/riscv/lib/gcc/riscv32-unknown-elf/12.1.0/libgcc.a(_udivdi3.o)
                0x0000000000036d30                __udivdi3
 .text          0x00000000000372f4      0x4d0 /opt/riscv/lib/gcc/riscv32-unknown-elf/12.1.0/libgcc.a(_umoddi3.o)
                0x00000000000372f4                __umoddi3
 .text          0x00000000000377c4      0x7ec /opt/riscv/lib/gcc/riscv32-unknown-elf/12.1.0/libgcc.a(adddf3.o)
                0x00000000000377c4                __adddf3
 .text          0x0000000000037fb0      0x7cc /opt/riscv/lib/gcc/riscv32-unknown-elf/12.1.0/libgcc.a(divdf3.o)
                0x0000000000037fb0                __divdf3
 .text          0x000000000003877c      0x110 /opt/riscv/lib/gcc/riscv32-unknown-elf/12.1.0/libgcc.a(gedf2.o)
                0x000000000003877c                __gtdf2
                0x000000000003877c                __gedf2
 .text          0x000000000003888c      0x110 /opt/riscv/lib/gcc/riscv32-unknown-elf/12.1.0/libgcc.a(ledf2.o)
                0x000000000003888c                __ltdf2
                0x000000000003888c                __ledf2
 .text          0x000000000003899c      0x6bc /opt/riscv/lib/gcc/riscv32-unknown-elf/12.1.0/libgcc.a(muldf3.o)
                0x000000000003899c                __muldf3
 .text          0x0000000000039058      0x854 /opt/riscv/lib/gcc/riscv32-unknown-elf/12.1.0/libgcc.a(subdf3.o)
                0x0000000000039058                __subdf3
 .text          0x00000000000398ac       0xa8 /opt/riscv/lib/gcc/riscv32-unknown-elf/12.1.0/libgcc.a(floatsidf.o)
                0x00000000000398ac                __floatsidf
 .text          0x0000000000039954       0x80 /opt/riscv/lib/gcc/riscv32-unknown-elf/12.1.0/libgcc.a(floatunsidf.o)
                0x0000000000039954                __floatunsidf
 .text          0x00000000000399d4       0xd4 /opt/riscv/lib/gcc/riscv32-unknown-elf/12.1.0/libgcc.a(eqtf2.o)
                0x00000000000399d4                __eqtf2
                0x00000000000399d4                __netf2
 .text          0x0000000000039aa8      0x164 /opt/riscv/lib/gcc/riscv32-unknown-elf/12.1.0/libgcc.a(getf2.o)
                0x0000000000039aa8                __getf2
                0x0000000000039aa8                __gttf2
 .text          0x0000000000039c0c      0x164 /opt/riscv/lib/gcc/riscv32-unknown-elf/12.1.0/libgcc.a(letf2.o)
                0x0000000000039c0c                __letf2
                0x0000000000039c0c                __lttf2
 .text          0x0000000000039d70     0x142c /opt/riscv/lib/gcc/riscv32-unknown-elf/12.1.0/libgcc.a(multf3.o)
                0x0000000000039d70                __multf3
 .text          0x000000000003b19c     0x14f4 /opt/riscv/lib/gcc/riscv32-unknown-elf/12.1.0/libgcc.a(subtf3.o)
                0x000000000003b19c                __subtf3
 .text          0x000000000003c690       0xf4 /opt/riscv/lib/gcc/riscv32-unknown-elf/12.1.0/libgcc.a(fixtfsi.o)
                0x000000000003c690                __fixtfsi
 .text          0x000000000003c784      0x154 /opt/riscv/lib/gcc/riscv32-unknown-elf/12.1.0/libgcc.a(floatsitf.o)
                0x000000000003c784                __floatsitf
 .text          0x000000000003c8d8      0x470 /opt/riscv/lib/gcc/riscv32-unknown-elf/12.1.0/libgcc.a(addsf3.o)
                0x000000000003c8d8                __addsf3
 .text          0x000000000003cd48      0x388 /opt/riscv/lib/gcc/riscv32-unknown-elf/12.1.0/libgcc.a(divsf3.o)
                0x000000000003cd48                __divsf3
 .text          0x000000000003d0d0       0x74 /opt/riscv/lib/gcc/riscv32-unknown-elf/12.1.0/libgcc.a(eqsf2.o)
                0x000000000003d0d0                __nesf2
                0x000000000003d0d0                __eqsf2
 .text          0x000000000003d144       0xdc /opt/riscv/lib/gcc/riscv32-unknown-elf/12.1.0/libgcc.a(gesf2.o)
                0x000000000003d144                __gtsf2
                0x000000000003d144                __gesf2
 .text          0x000000000003d220       0xdc /opt/riscv/lib/gcc/riscv32-unknown-elf/12.1.0/libgcc.a(lesf2.o)
                0x000000000003d220                __lesf2
                0x000000000003d220                __ltsf2
 .text          0x000000000003d2fc      0x364 /opt/riscv/lib/gcc/riscv32-unknown-elf/12.1.0/libgcc.a(mulsf3.o)
                0x000000000003d2fc                __mulsf3
 .text          0x000000000003d660      0x4bc /opt/riscv/lib/gcc/riscv32-unknown-elf/12.1.0/libgcc.a(subsf3.o)
                0x000000000003d660                __subsf3
 .text          0x000000000003db1c       0x70 /opt/riscv/lib/gcc/riscv32-unknown-elf/12.1.0/libgcc.a(fixsfsi.o)
                0x000000000003db1c                __fixsfsi
 .text          0x000000000003db8c       0x60 /opt/riscv/lib/gcc/riscv32-unknown-elf/12.1.0/libgcc.a(fixunssfsi.o)
                0x000000000003db8c                __fixunssfsi
 .text          0x000000000003dbec      0x114 /opt/riscv/lib/gcc/riscv32-unknown-elf/12.1.0/libgcc.a(floatsisf.o)
                0x000000000003dbec                __floatsisf
 .text          0x000000000003dd00      0x208 /opt/riscv/lib/gcc/riscv32-unknown-elf/12.1.0/libgcc.a(extenddftf2.o)
                0x000000000003dd00                __extenddftf2
 .text          0x000000000003df08      0x354 /opt/riscv/lib/gcc/riscv32-unknown-elf/12.1.0/libgcc.a(trunctfdf2.o)
                0x000000000003df08                __trunctfdf2
 .text          0x000000000003e25c       0x24 /opt/riscv/lib/gcc/riscv32-unknown-elf/12.1.0/libgcc.a(muldi3.o)
                0x000000000003e25c                __mulsi3
 .text          0x000000000003e280       0xb4 /opt/riscv/lib/gcc/riscv32-unknown-elf/12.1.0/libgcc.a(div.o)
                0x000000000003e280                __divsi3
                0x000000000003e288                __hidden___udivsi3
                0x000000000003e288                __udivsi3
                0x000000000003e2d0                __umodsi3
                0x000000000003e304                __modsi3
 .text          0x000000000003e334       0x4c /opt/riscv/lib/gcc/riscv32-unknown-elf/12.1.0/libgcc.a(_clzsi2.o)
                0x000000000003e334                __clzsi2
 .text.exp      0x000000000003e380       0xc0 /opt/riscv/lib/gcc/riscv32-unknown-elf/12.1.0/../../../../riscv32-unknown-elf/lib/libm.a(lib_a-w_exp.o)
                0x000000000003e380                exp
 .text.sqrt     0x000000000003e440       0xac /opt/riscv/lib/gcc/riscv32-unknown-elf/12.1.0/../../../../riscv32-unknown-elf/lib/libm.a(lib_a-w_sqrt.o)
                0x000000000003e440                sqrt
 .text.powf     0x000000000003e4ec      0x114 /opt/riscv/lib/gcc/riscv32-unknown-elf/12.1.0/../../../../riscv32-unknown-elf/lib/libm.a(lib_a-wf_pow.o)
                0x000000000003e4ec                powf
 .text.__ieee754_exp
                0x000000000003e600      0x524 /opt/riscv/lib/gcc/riscv32-unknown-elf/12.1.0/../../../../riscv32-unknown-elf/lib/libm.a(lib_a-e_exp.o)
                0x000000000003e600                __ieee754_exp
 .text.__ieee754_sqrt
                0x000000000003eb24      0x2a8 /opt/riscv/lib/gcc/riscv32-unknown-elf/12.1.0/../../../../riscv32-unknown-elf/lib/libm.a(lib_a-e_sqrt.o)
                0x000000000003eb24                __ieee754_sqrt
 .text.__ieee754_powf
                0x000000000003edcc      0xac0 /opt/riscv/lib/gcc/riscv32-unknown-elf/12.1.0/../../../../riscv32-unknown-elf/lib/libm.a(lib_a-ef_pow.o)
                0x000000000003edcc                __ieee754_powf
 .text.__ieee754_sqrtf
                0x000000000003f88c      0x150 /opt/riscv/lib/gcc/riscv32-unknown-elf/12.1.0/../../../../riscv32-unknown-elf/lib/libm.a(lib_a-ef_sqrt.o)
                0x000000000003f88c                __ieee754_sqrtf
 .text.with_errno
                0x000000000003f9dc       0x48 /opt/riscv/lib/gcc/riscv32-unknown-elf/12.1.0/../../../../riscv32-unknown-elf/lib/libm.a(lib_a-math_err.o)
 .text.xflow    0x000000000003fa24       0x54 /opt/riscv/lib/gcc/riscv32-unknown-elf/12.1.0/../../../../riscv32-unknown-elf/lib/libm.a(lib_a-math_err.o)
 .text.__math_uflow
                0x000000000003fa78        0xc /opt/riscv/lib/gcc/riscv32-unknown-elf/12.1.0/../../../../riscv32-unknown-elf/lib/libm.a(lib_a-math_err.o)
                0x000000000003fa78                __math_uflow
 .text.__math_oflow
                0x000000000003fa84        0xc /opt/riscv/lib/gcc/riscv32-unknown-elf/12.1.0/../../../../riscv32-unknown-elf/lib/libm.a(lib_a-math_err.o)
                0x000000000003fa84                __math_oflow
 .text.with_errnof
                0x000000000003fa90       0x38 /opt/riscv/lib/gcc/riscv32-unknown-elf/12.1.0/../../../../riscv32-unknown-elf/lib/libm.a(lib_a-math_errf.o)
 .text.xflowf   0x000000000003fac8       0x40 /opt/riscv/lib/gcc/riscv32-unknown-elf/12.1.0/../../../../riscv32-unknown-elf/lib/libm.a(lib_a-math_errf.o)
 .text.__math_uflowf
                0x000000000003fb08        0x8 /opt/riscv/lib/gcc/riscv32-unknown-elf/12.1.0/../../../../riscv32-unknown-elf/lib/libm.a(lib_a-math_errf.o)
                0x000000000003fb08                __math_uflowf
 .text.__math_oflowf
                0x000000000003fb10        0x8 /opt/riscv/lib/gcc/riscv32-unknown-elf/12.1.0/../../../../riscv32-unknown-elf/lib/libm.a(lib_a-math_errf.o)
                0x000000000003fb10                __math_oflowf
 .text.finite   0x000000000003fb18       0x18 /opt/riscv/lib/gcc/riscv32-unknown-elf/12.1.0/../../../../riscv32-unknown-elf/lib/libm.a(lib_a-s_finite.o)
                0x000000000003fb18                finite
 .text.fabsf    0x000000000003fb30        0xc /opt/riscv/lib/gcc/riscv32-unknown-elf/12.1.0/../../../../riscv32-unknown-elf/lib/libm.a(lib_a-sf_fabs.o)
                0x000000000003fb30                fabsf
 .text          0x000000000003fb3c       0x4c /opt/riscv/lib/gcc/riscv32-unknown-elf/12.1.0/libgcc.a(unorddf2.o)
                0x000000000003fb3c                __unorddf2
 .text          0x000000000003fb88       0x80 /opt/riscv/lib/gcc/riscv32-unknown-elf/12.1.0/libgcc.a(fixdfsi.o)
                0x000000000003fb88                __fixdfsi
 .text          0x000000000003fc08       0x44 /opt/riscv/lib/gcc/riscv32-unknown-elf/12.1.0/libgcc.a(unordsf2.o)
                0x000000000003fc08                __unordsf2
 *(.gnu.warning)

.cmdr_wrp
                0x000000000003fc4c                _cmdr_inst_start = .

.cmdr_inst
                0x000000000003fc4c                _cmdr_inst_end = .

.fini
 *(SORT_NONE(.fini))
                [!provide]                        PROVIDE (__etext = .)
                [!provide]                        PROVIDE (_etext = .)
                [!provide]                        PROVIDE (etext = .)

.rodata         0x000000000003fc50     0x1d78
 *(.rodata .rodata.* .gnu.linkonce.r.*)
 .rodata.stbi__load_gif_main_outofmem.str1.4
                0x000000000003fc50        0x9 CMakeFiles/example.elf.dir/stb_image_impl.cpp.obj
 *fill*         0x000000000003fc59        0x3 
 .rodata.stbi__build_huffman.str1.4
                0x000000000003fc5c       0x22 CMakeFiles/example.elf.dir/stb_image_impl.cpp.obj
 *fill*         0x000000000003fc7e        0x2 
 .rodata.stbi__convert_format16.part.0.str1.4
                0x000000000003fc80        0xc CMakeFiles/example.elf.dir/stb_image_impl.cpp.obj
 .rodata.stbi__convert_format16.part.0
                0x000000000003fc8c       0x68 CMakeFiles/example.elf.dir/stb_image_impl.cpp.obj
 .rodata.stbi__zbuild_huffman.str1.4
                0x000000000003fcf4       0x1a CMakeFiles/example.elf.dir/stb_image_impl.cpp.obj
 *fill*         0x000000000003fd0e        0x2 
 .rodata.stbi__convert_format.part.0
                0x000000000003fd10       0x68 CMakeFiles/example.elf.dir/stb_image_impl.cpp.obj
 .rodata.stbi__pnm_getinteger.str1.4
                0x000000000003fd78       0x17 CMakeFiles/example.elf.dir/stb_image_impl.cpp.obj
 *fill*         0x000000000003fd8f        0x1 
 .rodata.stbi__create_png_image_raw.str1.4
                0x000000000003fd90       0x2f CMakeFiles/example.elf.dir/stb_image_impl.cpp.obj
 *fill*         0x000000000003fdbf        0x1 
 .rodata.stbi__create_png_image_raw
                0x000000000003fdc0       0x18 CMakeFiles/example.elf.dir/stb_image_impl.cpp.obj
 .rodata.stbi__hdr_test.str1.4
                0x000000000003fdd8       0x14 CMakeFiles/example.elf.dir/stb_image_impl.cpp.obj
 .rodata.stbi__readval.str1.4
                0x000000000003fdec        0x9 CMakeFiles/example.elf.dir/stb_image_impl.cpp.obj
 *fill*         0x000000000003fdf5        0x3 
 .rodata.stbi__hdr_info.str1.4
                0x000000000003fdf8       0x17 CMakeFiles/example.elf.dir/stb_image_impl.cpp.obj
 *fill*         0x000000000003fe0f        0x1 
 .rodata.stbi__parse_zlib.str1.4
                0x000000000003fe10       0x95 CMakeFiles/example.elf.dir/stb_image_impl.cpp.obj
 *fill*         0x000000000003fea5        0x3 
 .rodata.stbi__jpeg_decode_block_prog_dc.str1.4
                0x000000000003fea8       0x22 CMakeFiles/example.elf.dir/stb_image_impl.cpp.obj
 *fill*         0x000000000003feca        0x2 
 .rodata.stbi__process_marker.str1.4
                0x000000000003fecc       0x73 CMakeFiles/example.elf.dir/stb_image_impl.cpp.obj
 *fill*         0x000000000003ff3f        0x1 
 .rodata.stbi__bmp_parse_header.constprop.0.str1.4
                0x000000000003ff40       0x34 CMakeFiles/example.elf.dir/stb_image_impl.cpp.obj
 .rodata.stbi__pnm_info.str1.4
                0x000000000003ff74       0x22 CMakeFiles/example.elf.dir/stb_image_impl.cpp.obj
 *fill*         0x000000000003ff96        0x2 
 .rodata.stbi__hdr_load.constprop.0.str1.4
                0x000000000003ff98       0x6f CMakeFiles/example.elf.dir/stb_image_impl.cpp.obj
 *fill*         0x0000000000040007        0x1 
 .rodata.stbi__bmp_load.constprop.0.str1.4
                0x0000000000040008       0x32 CMakeFiles/example.elf.dir/stb_image_impl.cpp.obj
 *fill*         0x000000000004003a        0x2 
 .rodata.stbi__parse_png_file.str1.4
                0x000000000004003c      0x128 CMakeFiles/example.elf.dir/stb_image_impl.cpp.obj
 .rodata.stbi__decode_jpeg_header.str1.4
                0x0000000000040164       0x6f CMakeFiles/example.elf.dir/stb_image_impl.cpp.obj
 *fill*         0x00000000000401d3        0x1 
 .rodata.stbi__decode_jpeg_image.str1.4
                0x00000000000401d4       0x5f CMakeFiles/example.elf.dir/stb_image_impl.cpp.obj
 *fill*         0x0000000000040233        0x1 
 .rodata.stbi__gif_header.str1.4
                0x0000000000040234        0x8 CMakeFiles/example.elf.dir/stb_image_impl.cpp.obj
                                          0x9 (size before relaxing)
 .rodata.stbi__info_main.str1.4
                0x000000000004023c       0x13 CMakeFiles/example.elf.dir/stb_image_impl.cpp.obj
 *fill*         0x000000000004024f        0x1 
 .rodata.stbi__gif_load_next.constprop.0.str1.4
                0x0000000000040250       0x71 CMakeFiles/example.elf.dir/stb_image_impl.cpp.obj
 *fill*         0x00000000000402c1        0x3 
 .rodata.stbi__load_main.str1.4
                0x00000000000402c4       0xa0 CMakeFiles/example.elf.dir/stb_image_impl.cpp.obj
 .rodata.stbi__load_main
                0x0000000000040364       0x64 CMakeFiles/example.elf.dir/stb_image_impl.cpp.obj
 .rodata.stbi_load.str1.4
                0x00000000000403c8       0x10 CMakeFiles/example.elf.dir/stb_image_impl.cpp.obj
 .rodata._ZZ17stbi__shiftsignedE11shift_table
                0x00000000000403d8       0x24 CMakeFiles/example.elf.dir/stb_image_impl.cpp.obj
 .rodata._ZZ17stbi__shiftsignedE9mul_table
                0x00000000000403fc       0x24 CMakeFiles/example.elf.dir/stb_image_impl.cpp.obj
 .rodata._ZL23stbi__depth_scale_table
                0x0000000000040420        0x9 CMakeFiles/example.elf.dir/stb_image_impl.cpp.obj
 *fill*         0x0000000000040429        0x3 
 .rodata._ZL23stbi__zdefault_distance
                0x000000000004042c       0x20 CMakeFiles/example.elf.dir/stb_image_impl.cpp.obj
 .rodata._ZL21stbi__zdefault_length
                0x000000000004044c      0x120 CMakeFiles/example.elf.dir/stb_image_impl.cpp.obj
 .rodata._ZZ27stbi__compute_huffman_codesE15length_dezigzag
                0x000000000004056c       0x13 CMakeFiles/example.elf.dir/stb_image_impl.cpp.obj
 *fill*         0x000000000004057f        0x1 
 .rodata._ZL17stbi__zdist_extra
                0x0000000000040580       0x80 CMakeFiles/example.elf.dir/stb_image_impl.cpp.obj
 .rodata._ZL16stbi__zdist_base
                0x0000000000040600       0x80 CMakeFiles/example.elf.dir/stb_image_impl.cpp.obj
 .rodata._ZL19stbi__zlength_extra
                0x0000000000040680       0x7c CMakeFiles/example.elf.dir/stb_image_impl.cpp.obj
 .rodata._ZL18stbi__zlength_base
                0x00000000000406fc       0x7c CMakeFiles/example.elf.dir/stb_image_impl.cpp.obj
 .rodata._ZL19stbi__jpeg_dezigzag
                0x0000000000040778       0x4f CMakeFiles/example.elf.dir/stb_image_impl.cpp.obj
 *fill*         0x00000000000407c7        0x1 
 .rodata._ZL11stbi__jbias
                0x00000000000407c8       0x40 CMakeFiles/example.elf.dir/stb_image_impl.cpp.obj
 .rodata._ZL11stbi__bmask
                0x0000000000040808       0x44 CMakeFiles/example.elf.dir/stb_image_impl.cpp.obj
 .rodata._ZL21stbi__stdio_callbacks
                0x000000000004084c        0xc CMakeFiles/example.elf.dir/stb_image_impl.cpp.obj
 .rodata        0x0000000000040858       0x70 CMakeFiles/example.elf.dir/stb_image_impl.cpp.obj
 .rodata._Z15read_mnist_dataP7_SamplePKc.str1.4
                0x00000000000408c8        0x3 CMakeFiles/example.elf.dir/TestLeNet.cpp.obj
 .rodata._Z5trainP7_Sampled.str1.4
                0x00000000000408c8       0x13 CMakeFiles/example.elf.dir/TestLeNet.cpp.obj
 *fill*         0x00000000000408db        0x1 
 .rodata._Z7predictP7_Sample.str1.4
                0x00000000000408dc       0x22 CMakeFiles/example.elf.dir/TestLeNet.cpp.obj
 *fill*         0x00000000000408fe        0x2 
 .rodata._Z10save_modelPKc.str1.4
                0x0000000000040900       0x7c CMakeFiles/example.elf.dir/TestLeNet.cpp.obj
 .rodata._Z10load_modelPKc.str1.4
                0x000000000004097c       0xfb CMakeFiles/example.elf.dir/TestLeNet.cpp.obj
 *fill*         0x0000000000040a77        0x1 
 .rodata._Z25load_and_preprocess_imagePKcPd.str1.4
                0x0000000000040a78       0xd7 CMakeFiles/example.elf.dir/TestLeNet.cpp.obj
 *fill*         0x0000000000040b4f        0x1 
 .rodata._Z20predict_single_imagePKc.str1.4
                0x0000000000040b50       0x2a CMakeFiles/example.elf.dir/TestLeNet.cpp.obj
 *fill*         0x0000000000040b7a        0x2 
 .rodata._Z17test_custom_imagePKcS0_.str1.4
                0x0000000000040b7c       0x15 CMakeFiles/example.elf.dir/TestLeNet.cpp.obj
 *fill*         0x0000000000040b91        0x3 
 .rodata.main.str1.4
                0x0000000000040b94      0x232 CMakeFiles/example.elf.dir/TestLeNet.cpp.obj
 *fill*         0x0000000000040dc6        0x2 
 .rodata        0x0000000000040dc8       0x18 CMakeFiles/example.elf.dir/TestLeNet.cpp.obj
 .rodata._puts_r.str1.4
                0x0000000000040de0      0x232 /opt/riscv/lib/gcc/riscv32-unknown-elf/12.1.0/../../../../riscv32-unknown-elf/lib/libc.a(lib_a-puts.o)
                                          0x2 (size before relaxing)
 .rodata._vfprintf_r.str1.4
                0x0000000000040de0       0x42 /opt/riscv/lib/gcc/riscv32-unknown-elf/12.1.0/../../../../riscv32-unknown-elf/lib/libc.a(lib_a-vfprintf.o)
 *fill*         0x0000000000040e22        0x2 
 .rodata._vfprintf_r
                0x0000000000040e24      0x204 /opt/riscv/lib/gcc/riscv32-unknown-elf/12.1.0/../../../../riscv32-unknown-elf/lib/libc.a(lib_a-vfprintf.o)
 .rodata.zeroes.0
                0x0000000000041028       0x10 /opt/riscv/lib/gcc/riscv32-unknown-elf/12.1.0/../../../../riscv32-unknown-elf/lib/libc.a(lib_a-vfprintf.o)
 .rodata.blanks.1
                0x0000000000041038       0x10 /opt/riscv/lib/gcc/riscv32-unknown-elf/12.1.0/../../../../riscv32-unknown-elf/lib/libc.a(lib_a-vfprintf.o)
 .rodata._ctype_
                0x0000000000041048      0x101 /opt/riscv/lib/gcc/riscv32-unknown-elf/12.1.0/../../../../riscv32-unknown-elf/lib/libc.a(lib_a-ctype_.o)
                0x0000000000041048                _ctype_
 *fill*         0x0000000000041149        0x3 
 .rodata._ldtoa_r.str1.4
                0x000000000004114c       0x7e /opt/riscv/lib/gcc/riscv32-unknown-elf/12.1.0/../../../../riscv32-unknown-elf/lib/libc.a(lib_a-ldtoa.o)
 *fill*         0x00000000000411ca        0x2 
 .rodata.bmask  0x00000000000411cc       0x22 /opt/riscv/lib/gcc/riscv32-unknown-elf/12.1.0/../../../../riscv32-unknown-elf/lib/libc.a(lib_a-ldtoa.o)
 *fill*         0x00000000000411ee        0x2 
 .rodata.emtens
                0x00000000000411f0      0x104 /opt/riscv/lib/gcc/riscv32-unknown-elf/12.1.0/../../../../riscv32-unknown-elf/lib/libc.a(lib_a-ldtoa.o)
 .rodata.etens  0x00000000000412f4      0x104 /opt/riscv/lib/gcc/riscv32-unknown-elf/12.1.0/../../../../riscv32-unknown-elf/lib/libc.a(lib_a-ldtoa.o)
 .rodata.eone   0x00000000000413f8       0x14 /opt/riscv/lib/gcc/riscv32-unknown-elf/12.1.0/../../../../riscv32-unknown-elf/lib/libc.a(lib_a-ldtoa.o)
 .rodata.ezero  0x000000000004140c       0x14 /opt/riscv/lib/gcc/riscv32-unknown-elf/12.1.0/../../../../riscv32-unknown-elf/lib/libc.a(lib_a-ldtoa.o)
 .rodata._svfprintf_r.str1.4
                0x0000000000041420       0x42 /opt/riscv/lib/gcc/riscv32-unknown-elf/12.1.0/../../../../riscv32-unknown-elf/lib/libc.a(lib_a-svfprintf.o)
 .rodata._svfprintf_r
                0x0000000000041420      0x204 /opt/riscv/lib/gcc/riscv32-unknown-elf/12.1.0/../../../../riscv32-unknown-elf/lib/libc.a(lib_a-svfprintf.o)
 .rodata.zeroes.0
                0x0000000000041624       0x10 /opt/riscv/lib/gcc/riscv32-unknown-elf/12.1.0/../../../../riscv32-unknown-elf/lib/libc.a(lib_a-svfprintf.o)
 .rodata.blanks.1
                0x0000000000041634       0x10 /opt/riscv/lib/gcc/riscv32-unknown-elf/12.1.0/../../../../riscv32-unknown-elf/lib/libc.a(lib_a-svfprintf.o)
 .rodata._vfiprintf_r.str1.4
                0x0000000000041644       0x2f /opt/riscv/lib/gcc/riscv32-unknown-elf/12.1.0/../../../../riscv32-unknown-elf/lib/libc.a(lib_a-vfiprintf.o)
 .rodata._vfiprintf_r
                0x0000000000041644      0x16c /opt/riscv/lib/gcc/riscv32-unknown-elf/12.1.0/../../../../riscv32-unknown-elf/lib/libc.a(lib_a-vfiprintf.o)
 .rodata.zeroes.0
                0x00000000000417b0       0x10 /opt/riscv/lib/gcc/riscv32-unknown-elf/12.1.0/../../../../riscv32-unknown-elf/lib/libc.a(lib_a-vfiprintf.o)
 .rodata.blanks.1
                0x00000000000417c0       0x10 /opt/riscv/lib/gcc/riscv32-unknown-elf/12.1.0/../../../../riscv32-unknown-elf/lib/libc.a(lib_a-vfiprintf.o)
 .rodata.__assert_func.str1.4
                0x00000000000417d0       0x3f /opt/riscv/lib/gcc/riscv32-unknown-elf/12.1.0/../../../../riscv32-unknown-elf/lib/libc.a(lib_a-assert.o)
                                         0x43 (size before relaxing)
 *fill*         0x000000000004180f        0x1 
 .rodata._setlocale_r.str1.4
                0x0000000000041810        0xa /opt/riscv/lib/gcc/riscv32-unknown-elf/12.1.0/../../../../riscv32-unknown-elf/lib/libc.a(lib_a-locale.o)
                                          0xd (size before relaxing)
 *fill*         0x000000000004181a        0x2 
 .rodata.str1.4
                0x000000000004181c        0x2 /opt/riscv/lib/gcc/riscv32-unknown-elf/12.1.0/../../../../riscv32-unknown-elf/lib/libc.a(lib_a-locale.o)
 *fill*         0x000000000004181e        0x2 
 .rodata        0x0000000000041820       0x3c /opt/riscv/lib/gcc/riscv32-unknown-elf/12.1.0/libgcc.a(divdf3.o)
 .rodata        0x000000000004185c       0x3c /opt/riscv/lib/gcc/riscv32-unknown-elf/12.1.0/libgcc.a(divsf3.o)
 .rodata        0x0000000000041898      0x100 /opt/riscv/lib/gcc/riscv32-unknown-elf/12.1.0/libgcc.a(_clz.o)
                0x0000000000041898                __clz_tab
 .rodata.ln2LO  0x0000000000041998       0x10 /opt/riscv/lib/gcc/riscv32-unknown-elf/12.1.0/../../../../riscv32-unknown-elf/lib/libm.a(lib_a-e_exp.o)
 .rodata.ln2HI  0x00000000000419a8       0x10 /opt/riscv/lib/gcc/riscv32-unknown-elf/12.1.0/../../../../riscv32-unknown-elf/lib/libm.a(lib_a-e_exp.o)
 .rodata.halF   0x00000000000419b8       0x10 /opt/riscv/lib/gcc/riscv32-unknown-elf/12.1.0/../../../../riscv32-unknown-elf/lib/libm.a(lib_a-e_exp.o)

.rodata1
 *(.rodata1)

.sdata2
 *(.sdata2 .sdata2.* .gnu.linkonce.s2.*)

.sbss2
 *(.sbss2 .sbss2.* .gnu.linkonce.sb2.*)

.eh_frame_hdr
 *(.eh_frame_hdr)
 *(.eh_frame_entry .eh_frame_entry.*)

.eh_frame       0x00000000000419c8     0x163c
 *(.eh_frame)
 .eh_frame      0x00000000000419c8       0x74 CMakeFiles/example.elf.dir/mt19937ar.cpp.obj
                                         0xe8 (size before relaxing)
 .eh_frame      0x0000000000041a3c      0xda4 CMakeFiles/example.elf.dir/stb_image_impl.cpp.obj
                                       0x15d8 (size before relaxing)
 .eh_frame      0x00000000000427e0      0x788 CMakeFiles/example.elf.dir/TestLeNet.cpp.obj
                                        0xb28 (size before relaxing)
 .eh_frame      0x0000000000042f68        0x0 CMakeFiles/example.elf.dir/riscv/riscv_sys.cpp.obj
                                        0x170 (size before relaxing)
 .eh_frame      0x0000000000042f68        0x0 /opt/riscv/lib/gcc/riscv32-unknown-elf/12.1.0/../../../../riscv32-unknown-elf/lib/libstdc++.a(new_handler.o)
                                         0x3c (size before relaxing)
 .eh_frame      0x0000000000042f68        0x0 /opt/riscv/lib/gcc/riscv32-unknown-elf/12.1.0/libgcc.a(_divdi3.o)
                                         0x68 (size before relaxing)
 .eh_frame      0x0000000000042f68        0x0 /opt/riscv/lib/gcc/riscv32-unknown-elf/12.1.0/libgcc.a(_moddi3.o)
                                         0x68 (size before relaxing)
 .eh_frame      0x0000000000042f68       0x4c /opt/riscv/lib/gcc/riscv32-unknown-elf/12.1.0/libgcc.a(_udivdi3.o)
                                         0x60 (size before relaxing)
 .eh_frame      0x0000000000042fb4       0x50 /opt/riscv/lib/gcc/riscv32-unknown-elf/12.1.0/libgcc.a(_umoddi3.o)
                                         0x64 (size before relaxing)
 *(.eh_frame.*)

.gcc_except_table
 *(.gcc_except_table .gcc_except_table.*)

.gnu_extab
 *(.gnu_extab*)

.exception_ranges
 *(.exception_ranges*)
                0x0000000000044004                . = DATA_SEGMENT_ALIGN (CONSTANT (MAXPAGESIZE), CONSTANT (COMMONPAGESIZE))

.eh_frame
 *(.eh_frame)
 *(.eh_frame.*)

.gnu_extab
 *(.gnu_extab)

.gcc_except_table
 *(.gcc_except_table .gcc_except_table.*)

.exception_ranges
 *(.exception_ranges*)

.tdata          0x0000000000044004        0x0
                [!provide]                        PROVIDE (__tdata_start = .)
 *(.tdata .tdata.* .gnu.linkonce.td.*)

.tbss           0x0000000000044004       0x1c
 *(.tbss .tbss.* .gnu.linkonce.tb.*)
 .tbss._ZL24stbi__de_iphone_flag_set
                0x0000000000044004        0x4 CMakeFiles/example.elf.dir/stb_image_impl.cpp.obj
 .tbss._ZL26stbi__de_iphone_flag_local
                0x0000000000044008        0x4 CMakeFiles/example.elf.dir/stb_image_impl.cpp.obj
 .tbss._ZL31stbi__unpremultiply_on_load_set
                0x000000000004400c        0x4 CMakeFiles/example.elf.dir/stb_image_impl.cpp.obj
 .tbss._ZL33stbi__unpremultiply_on_load_local
                0x0000000000044010        0x4 CMakeFiles/example.elf.dir/stb_image_impl.cpp.obj
 .tbss._ZL33stbi__vertically_flip_on_load_set
                0x0000000000044014        0x4 CMakeFiles/example.elf.dir/stb_image_impl.cpp.obj
 .tbss._ZL35stbi__vertically_flip_on_load_local
                0x0000000000044018        0x4 CMakeFiles/example.elf.dir/stb_image_impl.cpp.obj
 .tbss._ZL22stbi__g_failure_reason
                0x000000000004401c        0x4 CMakeFiles/example.elf.dir/stb_image_impl.cpp.obj
 *(.tcommon)

.preinit_array  0x0000000000044004        0x0
                [!provide]                        PROVIDE (__preinit_array_start = .)
 *(.preinit_array)
                [!provide]                        PROVIDE (__preinit_array_end = .)

.init_array     0x0000000000044004        0x4
                0x0000000000044004                PROVIDE (__init_array_start = .)
 *(SORT_BY_INIT_PRIORITY(.init_array.*) SORT_BY_INIT_PRIORITY(.ctors.*))
 .init_array.00000
                0x0000000000044004        0x4 /opt/riscv/lib/gcc/riscv32-unknown-elf/12.1.0/../../../../riscv32-unknown-elf/lib/libc.a(lib_a-__call_atexit.o)
 *(.init_array EXCLUDE_FILE(*crtend?.o *crtend.o *crtbegin?.o *crtbegin.o) .ctors)
                0x0000000000044008                PROVIDE (__init_array_end = .)

.fini_array     0x0000000000044008        0x0
                0x0000000000044008                PROVIDE (__fini_array_start = .)
 *(SORT_BY_INIT_PRIORITY(.fini_array.*) SORT_BY_INIT_PRIORITY(.dtors.*))
 *(.fini_array EXCLUDE_FILE(*crtend?.o *crtend.o *crtbegin?.o *crtbegin.o) .dtors)
                0x0000000000044008                PROVIDE (__fini_array_end = .)

.ctors
 *crtbegin.o(.ctors)
 *crtbegin?.o(.ctors)
 *(EXCLUDE_FILE(*crtend?.o *crtend.o) .ctors)
 *(SORT_BY_NAME(.ctors.*))
 *(.ctors)

.dtors
 *crtbegin.o(.dtors)
 *crtbegin?.o(.dtors)
 *(EXCLUDE_FILE(*crtend?.o *crtend.o) .dtors)
 *(SORT_BY_NAME(.dtors.*))
 *(.dtors)

.jcr
 *(.jcr)

.data.rel.ro
 *(.data.rel.ro.local* .gnu.linkonce.d.rel.ro.local.*)
 *(.data.rel.ro .data.rel.ro.* .gnu.linkonce.d.rel.ro.*)

.dynamic
 *(.dynamic)
                0x0000000000044008                . = DATA_SEGMENT_RELRO_END (., 0x0)

.data           0x0000000000044008      0xa1c
                0x0000000000044008                __DATA_BEGIN__ = .
 *(.data .data.* .gnu.linkonce.d.*)
 .data._ZZ20stbi__parse_png_fileE13invalid_chunk
                0x0000000000044008       0x19 CMakeFiles/example.elf.dir/stb_image_impl.cpp.obj
 *fill*         0x0000000000044021        0x3 
 .data.connection_table
                0x0000000000044024       0x60 CMakeFiles/example.elf.dir/TestLeNet.cpp.obj
                0x0000000000044024                connection_table
 *fill*         0x0000000000044084        0x4 
 .data.impure_data
                0x0000000000044088      0x428 /opt/riscv/lib/gcc/riscv32-unknown-elf/12.1.0/../../../../riscv32-unknown-elf/lib/libc.a(lib_a-impure.o)
 .data.__malloc_av_
                0x00000000000444b0      0x408 /opt/riscv/lib/gcc/riscv32-unknown-elf/12.1.0/../../../../riscv32-unknown-elf/lib/libc.a(lib_a-mallocr.o)
                0x00000000000444b0                __malloc_av_
 .data.__global_locale
                0x00000000000448b8      0x16c /opt/riscv/lib/gcc/riscv32-unknown-elf/12.1.0/../../../../riscv32-unknown-elf/lib/libc.a(lib_a-locale.o)
                0x00000000000448b8                __global_locale

.data1
 *(.data1)

.got
 *(.got.plt)
 *(.igot.plt)
 *(.got)
 *(.igot)

.sdata          0x0000000000044a28      0x234
                0x0000000000044a28                __SDATA_BEGIN__ = .
 *(.srodata.cst16)
 *(.srodata.cst8)
 .srodata.cst8  0x0000000000044a28       0x28 CMakeFiles/example.elf.dir/mt19937ar.cpp.obj
 .srodata.cst8  0x0000000000044a50       0x90 CMakeFiles/example.elf.dir/TestLeNet.cpp.obj
                                         0x98 (size before relaxing)
 .srodata.cst8  0x0000000000044ae0        0x8 /opt/riscv/lib/gcc/riscv32-unknown-elf/12.1.0/../../../../riscv32-unknown-elf/lib/libc.a(lib_a-s_frexp.o)
 .srodata.cst8  0x0000000000044ae8       0x18 /opt/riscv/lib/gcc/riscv32-unknown-elf/12.1.0/../../../../riscv32-unknown-elf/lib/libm.a(lib_a-w_exp.o)
 .srodata.cst8  0x0000000000044b00       0x58 /opt/riscv/lib/gcc/riscv32-unknown-elf/12.1.0/../../../../riscv32-unknown-elf/lib/libm.a(lib_a-e_exp.o)
                                         0x70 (size before relaxing)
 .srodata.cst8  0x0000000000044b58       0x20 /opt/riscv/lib/gcc/riscv32-unknown-elf/12.1.0/../../../../riscv32-unknown-elf/lib/libm.a(lib_a-math_err.o)
                                         0x30 (size before relaxing)
 *(.srodata.cst4)
 .srodata.cst4  0x0000000000044b78       0x14 CMakeFiles/example.elf.dir/stb_image_impl.cpp.obj
 .srodata.cst4  0x0000000000044b8c       0x18 /opt/riscv/lib/gcc/riscv32-unknown-elf/12.1.0/../../../../riscv32-unknown-elf/lib/libc.a(lib_a-sf_scalbn.o)
 .srodata.cst4  0x0000000000044ba4        0x4 /opt/riscv/lib/gcc/riscv32-unknown-elf/12.1.0/../../../../riscv32-unknown-elf/lib/libm.a(lib_a-wf_pow.o)
 .srodata.cst4  0x0000000000044ba4       0x70 /opt/riscv/lib/gcc/riscv32-unknown-elf/12.1.0/../../../../riscv32-unknown-elf/lib/libm.a(lib_a-ef_pow.o)
                                         0x7c (size before relaxing)
 .srodata.cst4  0x0000000000044c14        0x8 /opt/riscv/lib/gcc/riscv32-unknown-elf/12.1.0/../../../../riscv32-unknown-elf/lib/libm.a(lib_a-math_errf.o)
                                         0x10 (size before relaxing)
 *(.srodata.cst2)
 *(.srodata .srodata.*)
 .srodata._ZZ13genrand_int32vE5mag01
                0x0000000000044c1c        0x8 CMakeFiles/example.elf.dir/mt19937ar.cpp.obj
 .srodata._ZL16first_row_filter
                0x0000000000044c24        0x5 CMakeFiles/example.elf.dir/stb_image_impl.cpp.obj
 *fill*         0x0000000000044c29        0x3 
 .srodata._ZZ26stbi__process_frame_headerE3rgb
                0x0000000000044c2c        0x3 CMakeFiles/example.elf.dir/stb_image_impl.cpp.obj
 *fill*         0x0000000000044c2f        0x1 
 .srodata._ZZ20stbi__process_markerE3tag_0
                0x0000000000044c30        0x6 CMakeFiles/example.elf.dir/stb_image_impl.cpp.obj
 *fill*         0x0000000000044c36        0x2 
 .srodata._ZZ20stbi__process_markerE3tag
                0x0000000000044c38        0x5 CMakeFiles/example.elf.dir/stb_image_impl.cpp.obj
 *fill*         0x0000000000044c3d        0x3 
 .srodata._global_impure_ptr
                0x0000000000044c40        0x4 /opt/riscv/lib/gcc/riscv32-unknown-elf/12.1.0/../../../../riscv32-unknown-elf/lib/libc.a(lib_a-impure.o)
                0x0000000000044c40                _global_impure_ptr
 *(.sdata .sdata.* .gnu.linkonce.s.*)
 .sdata._ZL3mti
                0x0000000000044c44        0x4 CMakeFiles/example.elf.dir/mt19937ar.cpp.obj
 .sdata._ZL17stbi__h2l_scale_i
                0x0000000000044c48        0x4 CMakeFiles/example.elf.dir/stb_image_impl.cpp.obj
 .sdata._ZL17stbi__h2l_gamma_i
                0x0000000000044c4c        0x4 CMakeFiles/example.elf.dir/stb_image_impl.cpp.obj
 .sdata._impure_ptr
                0x0000000000044c50        0x4 /opt/riscv/lib/gcc/riscv32-unknown-elf/12.1.0/../../../../riscv32-unknown-elf/lib/libc.a(lib_a-impure.o)
                0x0000000000044c50                _impure_ptr
 .sdata.__malloc_sbrk_base
                0x0000000000044c54        0x4 /opt/riscv/lib/gcc/riscv32-unknown-elf/12.1.0/../../../../riscv32-unknown-elf/lib/libc.a(lib_a-mallocr.o)
                0x0000000000044c54                __malloc_sbrk_base
 .sdata.__malloc_trim_threshold
                0x0000000000044c58        0x4 /opt/riscv/lib/gcc/riscv32-unknown-elf/12.1.0/../../../../riscv32-unknown-elf/lib/libc.a(lib_a-mallocr.o)
                0x0000000000044c58                __malloc_trim_threshold
                0x0000000000044c60                . = ALIGN (0x10)
                0x0000000000044c60                _edata = .
                [!provide]                        PROVIDE (edata = .)
                0x0000000000044c60                . = .
                0x0000000000044c60                . = ALIGN (0x10)
                0x0000000000044c60                __bss_start = .

.sbss           0x0000000000044c60       0x20
 *(.dynsbss)
 *(.sbss .sbss.* .gnu.linkonce.sb.*)
 .sbss._ZL27stbi__de_iphone_flag_global
                0x0000000000044c60        0x4 CMakeFiles/example.elf.dir/stb_image_impl.cpp.obj
 .sbss._ZL34stbi__unpremultiply_on_load_global
                0x0000000000044c64        0x4 CMakeFiles/example.elf.dir/stb_image_impl.cpp.obj
 .sbss._ZL36stbi__vertically_flip_on_load_global
                0x0000000000044c68        0x4 CMakeFiles/example.elf.dir/stb_image_impl.cpp.obj
 .sbss.__malloc_max_total_mem
                0x0000000000044c6c        0x4 /opt/riscv/lib/gcc/riscv32-unknown-elf/12.1.0/../../../../riscv32-unknown-elf/lib/libc.a(lib_a-mallocr.o)
                0x0000000000044c6c                __malloc_max_total_mem
 .sbss.__malloc_max_sbrked_mem
                0x0000000000044c70        0x4 /opt/riscv/lib/gcc/riscv32-unknown-elf/12.1.0/../../../../riscv32-unknown-elf/lib/libc.a(lib_a-mallocr.o)
                0x0000000000044c70                __malloc_max_sbrked_mem
 .sbss.__malloc_top_pad
                0x0000000000044c74        0x4 /opt/riscv/lib/gcc/riscv32-unknown-elf/12.1.0/../../../../riscv32-unknown-elf/lib/libc.a(lib_a-mallocr.o)
                0x0000000000044c74                __malloc_top_pad
 .sbss.errno    0x0000000000044c78        0x4 /opt/riscv/lib/gcc/riscv32-unknown-elf/12.1.0/../../../../riscv32-unknown-elf/lib/libc.a(lib_a-reent.o)
                0x0000000000044c78                errno
 .sbss          0x0000000000044c7c        0x4 ../../source/riscv/libcrt_tr.a(sys_sbrk.o)
                0x0000000000044c7c                heap_ptr
 *(.scommon)

.bss            0x0000000000044c80      0xaf8
 *(.dynbss)
 *(.bss .bss.* .gnu.linkonce.b.*)
 .bss._ZL2mt    0x0000000000044c80      0x9c0 CMakeFiles/example.elf.dir/mt19937ar.cpp.obj
 .bss.s4_pooling_layer
                0x0000000000045640       0x24 CMakeFiles/example.elf.dir/TestLeNet.cpp.obj
                0x0000000000045640                s4_pooling_layer
 .bss.s2_pooling_layer
                0x0000000000045664       0x24 CMakeFiles/example.elf.dir/TestLeNet.cpp.obj
                0x0000000000045664                s2_pooling_layer
 .bss.c5_conv_layer
                0x0000000000045688       0x24 CMakeFiles/example.elf.dir/TestLeNet.cpp.obj
                0x0000000000045688                c5_conv_layer
 .bss.c3_conv_layer
                0x00000000000456ac       0x24 CMakeFiles/example.elf.dir/TestLeNet.cpp.obj
                0x00000000000456ac                c3_conv_layer
 .bss.c1_conv_layer
                0x00000000000456d0       0x24 CMakeFiles/example.elf.dir/TestLeNet.cpp.obj
                0x00000000000456d0                c1_conv_layer
 .bss.output_layer
                0x00000000000456f4       0x24 CMakeFiles/example.elf.dir/TestLeNet.cpp.obj
                0x00000000000456f4                output_layer
 .bss.input_layer
                0x0000000000045718       0x24 CMakeFiles/example.elf.dir/TestLeNet.cpp.obj
                0x0000000000045718                input_layer
 .bss.__malloc_current_mallinfo
                0x000000000004573c       0x28 /opt/riscv/lib/gcc/riscv32-unknown-elf/12.1.0/../../../../riscv32-unknown-elf/lib/libc.a(lib_a-mallocr.o)
                0x000000000004573c                __malloc_current_mallinfo
 *fill*         0x0000000000045764        0x4 
 .bss           0x0000000000045768       0x10 ../../source/riscv/libcrt_tr.a(sys_times.o)
 *(COMMON)
                0x0000000000045778                . = ALIGN ((. != 0x0)?0x4:0x1)
                0x0000000000045778                . = ALIGN (0x4)
                0x0000000000045778                . = SEGMENT_START ("ldata-segment", .)
                0x0000000000045778                . = ALIGN (0x4)
                0x0000000000045778                __BSS_END__ = .
                0x0000000000044f78                __global_pointer$ = MIN ((__SDATA_BEGIN__ + 0x800), MAX ((__DATA_BEGIN__ + 0x800), (__BSS_END__ - 0x800)))
                0x0000000000045780                . = ALIGN (0x10)

.stack          0x0000000000045780  0x2000000
                0x0000000000045780                _fstack_end = .
                0x0000000002045780                _fstack = 0x2000000
                0x0000000002045780                . = _fstack
 *fill*         0x0000000000045780  0x2000000 
                0x0000000002045780                . = ALIGN (0x10)
                0x0000000002045780                _heap_start = .
                0x0000000002045780                . = ALIGN (0x10)

.heap           0x0000000002045780  0x93ba880
                0x000000000b400000                _heap = (0xb400000 - _heap_start)
                0x000000000b400000                . = _heap
 *fill*         0x0000000002045780  0x93ba880 
                0x000000000b400000                _end = .
                [!provide]                        PROVIDE (end = .)
                0x000000000b400000                . = ALIGN (0x40)
                0x000000000b400000                _mcache_start = .

.mcache         0x000000000b400000  0x2000000
                0x000000000d400000                _mcache = 0x2000000
                0x000000000d400000                . = _mcache
 *fill*         0x000000000b400000  0x2000000 
                0x000000000d400000                . = ALIGN (0x80)
                0x000000000d400000                _riscv_frame_buffer_start = .

.riscv_frame_buffer
                0x000000000d400000  0x2000000
                0x000000000f400000                _riscv_frame_buffer = 0x2000000
                0x000000000f400000                . = _riscv_frame_buffer
 *fill*         0x000000000d400000  0x2000000 
                0x000000000f400000                . = ALIGN (0x40)
                0x000000000f400000                _rgmii_lvl2fifo_start = .

.rgmii_lvl2fifo
                0x000000000f400000   0x100000
                0x000000000f500000                _rgmii_lvl2fifo = 0x100000
                0x000000000f500000                . = _rgmii_lvl2fifo
 *fill*         0x000000000f400000   0x100000 
                0x000000000f500000                . = DATA_SEGMENT_END (.)

.stab
 *(.stab)

.stabstr
 *(.stabstr)

.stab.excl
 *(.stab.excl)

.stab.exclstr
 *(.stab.exclstr)

.stab.index
 *(.stab.index)

.stab.indexstr
 *(.stab.indexstr)

.comment        0x0000000000000000       0x3f
 *(.comment)
 .comment       0x0000000000000000       0x1b CMakeFiles/example.elf.dir/mt19937ar.cpp.obj
                                         0x1c (size before relaxing)
 .comment       0x000000000000001b       0x1c CMakeFiles/example.elf.dir/stb_image_impl.cpp.obj
 .comment       0x000000000000001b       0x1c CMakeFiles/example.elf.dir/TestLeNet.cpp.obj
 .comment       0x000000000000001b       0x1c CMakeFiles/example.elf.dir/riscv/riscv_sys.cpp.obj
 .comment       0x000000000000001b       0x1c /opt/riscv/lib/gcc/riscv32-unknown-elf/12.1.0/../../../../riscv32-unknown-elf/lib/libstdc++.a(new_handler.o)
 .comment       0x000000000000001b       0x12 /opt/riscv/lib/gcc/riscv32-unknown-elf/12.1.0/../../../../riscv32-unknown-elf/lib/libc.a(lib_a-calloc.o)
                                         0x13 (size before relaxing)
 .comment       0x000000000000002d       0x13 /opt/riscv/lib/gcc/riscv32-unknown-elf/12.1.0/../../../../riscv32-unknown-elf/lib/libc.a(lib_a-callocr.o)
 .comment       0x000000000000002d       0x13 /opt/riscv/lib/gcc/riscv32-unknown-elf/12.1.0/../../../../riscv32-unknown-elf/lib/libc.a(lib_a-clock.o)
 .comment       0x000000000000002d       0x13 /opt/riscv/lib/gcc/riscv32-unknown-elf/12.1.0/../../../../riscv32-unknown-elf/lib/libc.a(lib_a-errno.o)
 .comment       0x000000000000002d       0x13 /opt/riscv/lib/gcc/riscv32-unknown-elf/12.1.0/../../../../riscv32-unknown-elf/lib/libc.a(lib_a-fclose.o)
 .comment       0x000000000000002d       0x13 /opt/riscv/lib/gcc/riscv32-unknown-elf/12.1.0/../../../../riscv32-unknown-elf/lib/libc.a(lib_a-feof.o)
 .comment       0x000000000000002d       0x13 /opt/riscv/lib/gcc/riscv32-unknown-elf/12.1.0/../../../../riscv32-unknown-elf/lib/libc.a(lib_a-ferror.o)
 .comment       0x000000000000002d       0x13 /opt/riscv/lib/gcc/riscv32-unknown-elf/12.1.0/../../../../riscv32-unknown-elf/lib/libc.a(lib_a-fflush.o)
 .comment       0x000000000000002d       0x13 /opt/riscv/lib/gcc/riscv32-unknown-elf/12.1.0/../../../../riscv32-unknown-elf/lib/libc.a(lib_a-fgetc.o)
 .comment       0x000000000000002d       0x13 /opt/riscv/lib/gcc/riscv32-unknown-elf/12.1.0/../../../../riscv32-unknown-elf/lib/libc.a(lib_a-findfp.o)
 .comment       0x000000000000002d       0x13 /opt/riscv/lib/gcc/riscv32-unknown-elf/12.1.0/../../../../riscv32-unknown-elf/lib/libc.a(lib_a-fopen.o)
 .comment       0x000000000000002d       0x13 /opt/riscv/lib/gcc/riscv32-unknown-elf/12.1.0/../../../../riscv32-unknown-elf/lib/libc.a(lib_a-fread.o)
 .comment       0x000000000000002d       0x13 /opt/riscv/lib/gcc/riscv32-unknown-elf/12.1.0/../../../../riscv32-unknown-elf/lib/libc.a(lib_a-freer.o)
 .comment       0x000000000000002d       0x13 /opt/riscv/lib/gcc/riscv32-unknown-elf/12.1.0/../../../../riscv32-unknown-elf/lib/libc.a(lib_a-fseek.o)
 .comment       0x000000000000002d       0x13 /opt/riscv/lib/gcc/riscv32-unknown-elf/12.1.0/../../../../riscv32-unknown-elf/lib/libc.a(lib_a-fseeko.o)
 .comment       0x000000000000002d       0x13 /opt/riscv/lib/gcc/riscv32-unknown-elf/12.1.0/../../../../riscv32-unknown-elf/lib/libc.a(lib_a-fstatr.o)
 .comment       0x000000000000002d       0x13 /opt/riscv/lib/gcc/riscv32-unknown-elf/12.1.0/../../../../riscv32-unknown-elf/lib/libc.a(lib_a-fwalk.o)
 .comment       0x000000000000002d       0x13 /opt/riscv/lib/gcc/riscv32-unknown-elf/12.1.0/../../../../riscv32-unknown-elf/lib/libc.a(lib_a-fwrite.o)
 .comment       0x000000000000002d       0x13 /opt/riscv/lib/gcc/riscv32-unknown-elf/12.1.0/../../../../riscv32-unknown-elf/lib/libc.a(lib_a-impure.o)
 .comment       0x000000000000002d       0x13 /opt/riscv/lib/gcc/riscv32-unknown-elf/12.1.0/../../../../riscv32-unknown-elf/lib/libc.a(lib_a-makebuf.o)
 .comment       0x000000000000002d       0x13 /opt/riscv/lib/gcc/riscv32-unknown-elf/12.1.0/../../../../riscv32-unknown-elf/lib/libc.a(lib_a-malloc.o)
 .comment       0x000000000000002d       0x13 /opt/riscv/lib/gcc/riscv32-unknown-elf/12.1.0/../../../../riscv32-unknown-elf/lib/libc.a(lib_a-mallocr.o)
 .comment       0x000000000000002d       0x13 /opt/riscv/lib/gcc/riscv32-unknown-elf/12.1.0/../../../../riscv32-unknown-elf/lib/libc.a(lib_a-memcpy.o)
 .comment       0x000000000000002d       0x13 /opt/riscv/lib/gcc/riscv32-unknown-elf/12.1.0/../../../../riscv32-unknown-elf/lib/libc.a(lib_a-mlock.o)
 .comment       0x000000000000002d       0x13 /opt/riscv/lib/gcc/riscv32-unknown-elf/12.1.0/../../../../riscv32-unknown-elf/lib/libc.a(lib_a-openr.o)
 .comment       0x000000000000002d       0x13 /opt/riscv/lib/gcc/riscv32-unknown-elf/12.1.0/../../../../riscv32-unknown-elf/lib/libc.a(lib_a-printf.o)
 .comment       0x000000000000002d       0x13 /opt/riscv/lib/gcc/riscv32-unknown-elf/12.1.0/../../../../riscv32-unknown-elf/lib/libc.a(lib_a-putchar.o)
 .comment       0x000000000000002d       0x13 /opt/riscv/lib/gcc/riscv32-unknown-elf/12.1.0/../../../../riscv32-unknown-elf/lib/libc.a(lib_a-puts.o)
 .comment       0x000000000000002d       0x13 /opt/riscv/lib/gcc/riscv32-unknown-elf/12.1.0/../../../../riscv32-unknown-elf/lib/libc.a(lib_a-realloc.o)
 .comment       0x000000000000002d       0x13 /opt/riscv/lib/gcc/riscv32-unknown-elf/12.1.0/../../../../riscv32-unknown-elf/lib/libc.a(lib_a-reallocr.o)
 .comment       0x000000000000002d       0x13 /opt/riscv/lib/gcc/riscv32-unknown-elf/12.1.0/../../../../riscv32-unknown-elf/lib/libc.a(lib_a-reent.o)
 .comment       0x000000000000002d       0x13 /opt/riscv/lib/gcc/riscv32-unknown-elf/12.1.0/../../../../riscv32-unknown-elf/lib/libc.a(lib_a-refill.o)
 .comment       0x000000000000002d       0x13 /opt/riscv/lib/gcc/riscv32-unknown-elf/12.1.0/../../../../riscv32-unknown-elf/lib/libc.a(lib_a-rget.o)
 .comment       0x000000000000002d       0x13 /opt/riscv/lib/gcc/riscv32-unknown-elf/12.1.0/../../../../riscv32-unknown-elf/lib/libc.a(lib_a-sbrkr.o)
 .comment       0x000000000000002d       0x13 /opt/riscv/lib/gcc/riscv32-unknown-elf/12.1.0/../../../../riscv32-unknown-elf/lib/libc.a(lib_a-sf_ldexp.o)
 .comment       0x000000000000002d       0x13 /opt/riscv/lib/gcc/riscv32-unknown-elf/12.1.0/../../../../riscv32-unknown-elf/lib/libc.a(lib_a-sf_scalbn.o)
 .comment       0x000000000000002d       0x13 /opt/riscv/lib/gcc/riscv32-unknown-elf/12.1.0/../../../../riscv32-unknown-elf/lib/libc.a(lib_a-stdio.o)
 .comment       0x000000000000002d       0x13 /opt/riscv/lib/gcc/riscv32-unknown-elf/12.1.0/../../../../riscv32-unknown-elf/lib/libc.a(lib_a-strlen.o)
 .comment       0x000000000000002d       0x13 /opt/riscv/lib/gcc/riscv32-unknown-elf/12.1.0/../../../../riscv32-unknown-elf/lib/libc.a(lib_a-strtol.o)
 .comment       0x000000000000002d       0x13 /opt/riscv/lib/gcc/riscv32-unknown-elf/12.1.0/../../../../riscv32-unknown-elf/lib/libc.a(lib_a-system.o)
 .comment       0x000000000000002d       0x13 /opt/riscv/lib/gcc/riscv32-unknown-elf/12.1.0/../../../../riscv32-unknown-elf/lib/libc.a(lib_a-time.o)
 .comment       0x000000000000002d       0x13 /opt/riscv/lib/gcc/riscv32-unknown-elf/12.1.0/../../../../riscv32-unknown-elf/lib/libc.a(lib_a-timesr.o)
 .comment       0x000000000000002d       0x13 /opt/riscv/lib/gcc/riscv32-unknown-elf/12.1.0/../../../../riscv32-unknown-elf/lib/libc.a(lib_a-ungetc.o)
 .comment       0x000000000000002d       0x13 /opt/riscv/lib/gcc/riscv32-unknown-elf/12.1.0/../../../../riscv32-unknown-elf/lib/libc.a(lib_a-vfprintf.o)
 .comment       0x000000000000002d       0x13 /opt/riscv/lib/gcc/riscv32-unknown-elf/12.1.0/../../../../riscv32-unknown-elf/lib/libc.a(lib_a-writer.o)
 .comment       0x000000000000002d       0x13 /opt/riscv/lib/gcc/riscv32-unknown-elf/12.1.0/../../../../riscv32-unknown-elf/lib/libc.a(lib_a-wsetup.o)
 .comment       0x000000000000002d       0x13 /opt/riscv/lib/gcc/riscv32-unknown-elf/12.1.0/../../../../riscv32-unknown-elf/lib/libc.a(lib_a-__call_atexit.o)
 .comment       0x000000000000002d       0x13 /opt/riscv/lib/gcc/riscv32-unknown-elf/12.1.0/../../../../riscv32-unknown-elf/lib/libc.a(lib_a-atexit.o)
 .comment       0x000000000000002d       0x13 /opt/riscv/lib/gcc/riscv32-unknown-elf/12.1.0/../../../../riscv32-unknown-elf/lib/libc.a(lib_a-closer.o)