

================================================================
== Vitis HLS Report for 'convn_valid_Pipeline_VITIS_LOOP_84_3_VITIS_LOOP_86_4'
================================================================
* Date:           Fri Mar  7 18:05:16 2025

* Version:        2024.2 (Build 5238294 on Nov  8 2024)
* Project:        prj
* Solution:       convn_valid_sol (Vivado IP Flow Target)
* Product family: virtexuplus
* Target device:  xcvu19p-fsvb3824-2-e


================================================================
== Performance Estimates
================================================================
+ Timing: 
    * Summary: 
    +--------+---------+----------+------------+
    |  Clock |  Target | Estimated| Uncertainty|
    +--------+---------+----------+------------+
    |ap_clk  |  3.30 ns|  2.692 ns|     0.89 ns|
    +--------+---------+----------+------------+

+ Latency: 
    * Summary: 
    +---------+---------+----------+----------+-----+-----+------------------------------------------------+
    |  Latency (cycles) |  Latency (absolute) |  Interval |                    Pipeline                    |
    |   min   |   max   |    min   |    max   | min | max |                      Type                      |
    +---------+---------+----------+----------+-----+-----+------------------------------------------------+
    |        ?|        ?|         ?|         ?|    0|    0|  loop auto-rewind stp (delay=0 clock cycles(s))|
    +---------+---------+----------+----------+-----+-----+------------------------------------------------+

    + Detail: 
        * Instance: 
        N/A

        * Loop: 
        +-----------------------------------+---------+---------+----------+-----------+-----------+------+----------+
        |                                   |  Latency (cycles) | Iteration|  Initiation Interval  | Trip |          |
        |             Loop Name             |   min   |   max   |  Latency |  achieved |   target  | Count| Pipelined|
        +-----------------------------------+---------+---------+----------+-----------+-----------+------+----------+
        |- VITIS_LOOP_84_3_VITIS_LOOP_86_4  |        ?|        ?|        23|          7|          1|     ?|       yes|
        +-----------------------------------+---------+---------+----------+-----------+-----------+------+----------+



================================================================
== Utilization Estimates
================================================================
* Summary: 
+---------------------+---------+------+---------+---------+-----+
|         Name        | BRAM_18K|  DSP |    FF   |   LUT   | URAM|
+---------------------+---------+------+---------+---------+-----+
|DSP                  |        -|     2|        -|        -|    -|
|Expression           |        -|     -|        0|      334|    -|
|FIFO                 |        -|     -|        -|        -|    -|
|Instance             |        -|     8|      388|      127|    -|
|Memory               |        -|     -|        -|        -|    -|
|Multiplexer          |        -|     -|        0|      142|    -|
|Register             |        -|     -|      521|       32|    -|
+---------------------+---------+------+---------+---------+-----+
|Total                |        0|    10|      909|      635|    0|
+---------------------+---------+------+---------+---------+-----+
|Available SLR        |     1080|   960|  2042880|  1021440|   80|
+---------------------+---------+------+---------+---------+-----+
|Utilization SLR (%)  |        0|     1|       ~0|       ~0|    0|
+---------------------+---------+------+---------+---------+-----+
|Available            |     4320|  3840|  8171520|  4085760|  320|
+---------------------+---------+------+---------+---------+-----+
|Utilization (%)      |        0|    ~0|       ~0|       ~0|    0|
+---------------------+---------+------+---------+---------+-----+

+ Detail: 
    * Instance: 
    +----------------------------------+-------------------------------+---------+----+-----+-----+-----+
    |             Instance             |             Module            | BRAM_18K| DSP|  FF | LUT | URAM|
    +----------------------------------+-------------------------------+---------+----+-----+-----+-----+
    |dmul_64ns_64ns_64_8_max_dsp_1_U2  |dmul_64ns_64ns_64_8_max_dsp_1  |        0|   8|  388|  127|    0|
    +----------------------------------+-------------------------------+---------+----+-----+-----+-----+
    |Total                             |                               |        0|   8|  388|  127|    0|
    +----------------------------------+-------------------------------+---------+----+-----+-----+-----+

    * DSP: 
    +--------------------------------------------+-----------------------------------------+---------------------+
    |                  Instance                  |                  Module                 |      Expression     |
    +--------------------------------------------+-----------------------------------------+---------------------+
    |ama_addmuladd_10ns_10ns_10s_10ns_10_4_1_U3  |ama_addmuladd_10ns_10ns_10s_10ns_10_4_1  |  i0 + (i1 + i2) * i3|
    |mac_muladd_5s_5s_5ns_5_4_1_U4               |mac_muladd_5s_5s_5ns_5_4_1               |         i0 + i1 * i2|
    +--------------------------------------------+-----------------------------------------+---------------------+

    * Memory: 
    N/A

    * FIFO: 
    N/A

    * Expression: 
    +-------------------------+----------+----+---+----+------------+------------+
    |      Variable Name      | Operation| DSP| FF| LUT| Bitwidth P0| Bitwidth P1|
    +-------------------------+----------+----+---+----+------------+------------+
    |add_ln84_1_fu_200_p2     |         +|   0|  0|  38|          31|           1|
    |add_ln84_fu_191_p2       |         +|   0|  0|  69|          62|           1|
    |add_ln86_fu_251_p2       |         +|   0|  0|  38|          31|           1|
    |add_ln88_2_fu_246_p2     |         +|   0|  0|  17|          10|          10|
    |icmp_ln84_fu_186_p2      |      icmp|   0|  0|  69|          62|          62|
    |icmp_ln86_fu_181_p2      |      icmp|   0|  0|  39|          32|          32|
    |select_ln84_1_fu_206_p3  |    select|   0|  0|  31|           1|          31|
    |select_ln84_fu_232_p3    |    select|   0|  0|  31|           1|          31|
    |ap_enable_pp0            |       xor|   0|  0|   2|           1|           2|
    +-------------------------+----------+----+---+----+------------+------------+
    |Total                    |          |   0|  0| 334|         231|         171|
    +-------------------------+----------+----+---+----+------------+------------+

    * Multiplexer: 
    +----------------------------------+----+-----------+-----+-----------+
    |               Name               | LUT| Input Size| Bits| Total Bits|
    +----------------------------------+----+-----------+-----+-----------+
    |ap_NS_fsm                         |  43|          8|    1|          8|
    |ap_done_int                       |   9|          2|    1|          2|
    |ap_enable_reg_pp0_iter0           |   9|          2|    1|          2|
    |ap_enable_reg_pp0_iter1           |   9|          2|    1|          2|
    |ap_enable_reg_pp0_iter3           |   9|          2|    1|          2|
    |ap_loop_exit_ready_pp0_iter1_reg  |   9|          2|    1|          2|
    |ap_loop_exit_ready_pp0_iter2_reg  |   9|          2|    1|          2|
    |ap_sig_allocacmp_sum_load         |   9|          2|   64|        128|
    |indvar_flatten_fu_70              |   9|          2|   62|        124|
    |m_fu_62                           |   9|          2|   31|         62|
    |n_fu_66                           |   9|          2|   31|         62|
    |sum_fu_58                         |   9|          2|   64|        128|
    +----------------------------------+----+-----------+-----+-----------+
    |Total                             | 142|         30|  259|        524|
    +----------------------------------+----+-----------+-----+-----------+

    * Register: 
    +----------------------------------+----+----+-----+-----------+
    |               Name               | FF | LUT| Bits| Const Bits|
    +----------------------------------+----+----+-----+-----------+
    |add_ln88_2_reg_392                |  10|   0|   10|          0|
    |ap_CS_fsm                         |   7|   0|    7|          0|
    |ap_done_reg                       |   1|   0|    1|          0|
    |ap_enable_reg_pp0_iter0_reg       |   1|   0|    1|          0|
    |ap_enable_reg_pp0_iter1           |   1|   0|    1|          0|
    |ap_enable_reg_pp0_iter2           |   1|   0|    1|          0|
    |ap_enable_reg_pp0_iter3           |   1|   0|    1|          0|
    |ap_loop_exit_ready_pp0_iter1_reg  |   1|   0|    1|          0|
    |ap_loop_exit_ready_pp0_iter2_reg  |   1|   0|    1|          0|
    |icmp_ln84_reg_373                 |   1|   0|    1|          0|
    |icmp_ln86_reg_368                 |   1|   0|    1|          0|
    |in_data_load_reg_402              |  64|   0|   64|          0|
    |indvar_flatten_fu_70              |  62|   0|   62|          0|
    |kernel_load_reg_412               |  64|   0|   64|          0|
    |m_1_reg_363                       |  31|   0|   31|          0|
    |m_fu_62                           |  31|   0|   31|          0|
    |mul_reg_427                       |  64|   0|   64|          0|
    |n_fu_66                           |  31|   0|   31|          0|
    |sum_fu_58                         |  64|   0|   64|          0|
    |trunc_ln84_1_reg_382              |  10|   0|   10|          0|
    |trunc_ln84_reg_377                |   5|   0|    5|          0|
    |trunc_ln86_reg_387                |   5|   0|    5|          0|
    |icmp_ln84_reg_373                 |  64|  32|    1|          0|
    +----------------------------------+----+----+-----+-----------+
    |Total                             | 521|  32|  458|          0|
    +----------------------------------+----+----+-----+-----------+



================================================================
== Interface
================================================================
* Summary: 
+---------------------+-----+-----+------------+------------------------------------------------------+--------------+
|      RTL Ports      | Dir | Bits|  Protocol  |                     Source Object                    |    C Type    |
+---------------------+-----+-----+------------+------------------------------------------------------+--------------+
|ap_clk               |   in|    1|  ap_ctrl_hs|  convn_valid_Pipeline_VITIS_LOOP_84_3_VITIS_LOOP_86_4|  return value|
|ap_rst               |   in|    1|  ap_ctrl_hs|  convn_valid_Pipeline_VITIS_LOOP_84_3_VITIS_LOOP_86_4|  return value|
|ap_start             |   in|    1|  ap_ctrl_hs|  convn_valid_Pipeline_VITIS_LOOP_84_3_VITIS_LOOP_86_4|  return value|
|ap_done              |  out|    1|  ap_ctrl_hs|  convn_valid_Pipeline_VITIS_LOOP_84_3_VITIS_LOOP_86_4|  return value|
|ap_idle              |  out|    1|  ap_ctrl_hs|  convn_valid_Pipeline_VITIS_LOOP_84_3_VITIS_LOOP_86_4|  return value|
|ap_ready             |  out|    1|  ap_ctrl_hs|  convn_valid_Pipeline_VITIS_LOOP_84_3_VITIS_LOOP_86_4|  return value|
|grp_fu_139_p_din0    |  out|   64|  ap_ctrl_hs|  convn_valid_Pipeline_VITIS_LOOP_84_3_VITIS_LOOP_86_4|  return value|
|grp_fu_139_p_din1    |  out|   64|  ap_ctrl_hs|  convn_valid_Pipeline_VITIS_LOOP_84_3_VITIS_LOOP_86_4|  return value|
|grp_fu_139_p_opcode  |  out|    2|  ap_ctrl_hs|  convn_valid_Pipeline_VITIS_LOOP_84_3_VITIS_LOOP_86_4|  return value|
|grp_fu_139_p_dout0   |   in|   64|  ap_ctrl_hs|  convn_valid_Pipeline_VITIS_LOOP_84_3_VITIS_LOOP_86_4|  return value|
|grp_fu_139_p_ce      |  out|    1|  ap_ctrl_hs|  convn_valid_Pipeline_VITIS_LOOP_84_3_VITIS_LOOP_86_4|  return value|
|kernel_w             |   in|   32|     ap_none|                                              kernel_w|        scalar|
|mul_ln74             |   in|   62|     ap_none|                                              mul_ln74|        scalar|
|empty_8              |   in|   10|     ap_none|                                               empty_8|        scalar|
|empty_9              |   in|   10|     ap_none|                                               empty_9|        scalar|
|empty_10             |   in|    5|     ap_none|                                              empty_10|        scalar|
|empty                |   in|   10|     ap_none|                                                 empty|        scalar|
|in_data_address0     |  out|   10|   ap_memory|                                               in_data|         array|
|in_data_ce0          |  out|    1|   ap_memory|                                               in_data|         array|
|in_data_q0           |   in|   64|   ap_memory|                                               in_data|         array|
|kernel_address0      |  out|    5|   ap_memory|                                                kernel|         array|
|kernel_ce0           |  out|    1|   ap_memory|                                                kernel|         array|
|kernel_q0            |   in|   64|   ap_memory|                                                kernel|         array|
|sum_out              |  out|   64|      ap_vld|                                               sum_out|       pointer|
|sum_out_ap_vld       |  out|    1|      ap_vld|                                               sum_out|       pointer|
+---------------------+-----+-----+------------+------------------------------------------------------+--------------+

