

================================================================
== Vitis HLS Report for 'fully_connected_fprop'
================================================================
* Date:           Fri Mar 14 16:55:55 2025

* Version:        2024.2 (Build 5238294 on Nov  8 2024)
* Project:        prj
* Solution:       fully_connected_fprop_sol (Vivado IP Flow Target)
* Product family: virtexuplus
* Target device:  xcvu19p-fsvb3824-2-e


================================================================
== Performance Estimates
================================================================
+ Timing: 
    * Summary: 
    +--------+---------+----------+------------+
    |  Clock |  Target | Estimated| Uncertainty|
    +--------+---------+----------+------------+
    |ap_clk  |  3.30 ns|  2.983 ns|     0.89 ns|
    +--------+---------+----------+------------+

+ Latency: 
    * Summary: 
    +---------+---------+----------+----------+-----+-----+---------+
    |  Latency (cycles) |  Latency (absolute) |  Interval | Pipeline|
    |   min   |   max   |    min   |    max   | min | max |   Type  |
    +---------+---------+----------+----------+-----+-----+---------+
    |        ?|        ?|         ?|         ?|    ?|    ?|       no|
    +---------+---------+----------+----------+-----+-----+---------+

    + Detail: 
        * Instance: 
        N/A

        * Loop: 
        +--------------------+---------+---------+----------+-----------+-----------+------+----------+
        |                    |  Latency (cycles) | Iteration|  Initiation Interval  | Trip |          |
        |      Loop Name     |   min   |   max   |  Latency |  achieved |   target  | Count| Pipelined|
        +--------------------+---------+---------+----------+-----------+-----------+------+----------+
        |- VITIS_LOOP_259_1  |        ?|        ?|         ?|          -|          -|     ?|        no|
        +--------------------+---------+---------+----------+-----------+-----------+------+----------+

============================================================
+ Verbose Summary: Synthesis Manager
============================================================
InlineROM: 1
ExposeGlobal: 0
============================================================
+ Verbose Summary: CDFG Model
============================================================
IsTopModel: 1
ResetActiveHigh: 1
IsCombinational: 0
IsDatapathOnly: 0
HasWiredReturn: 1
HasMFsm: 0
HasVarLatency: 1
IsPipeline: 0
IsRtlPipelined: 0
IsInstanceOverlapped: 0
IsDontTouch: 0
HasImplIP: 0
IsGatedGlobalClock: 0


============================================================
+ Verbose Summary: Schedule
============================================================
* Number of FSM states : 81
* Pipeline : 0
* Dataflow Pipeline: 0

* FSM state transitions: 
1 --> 2 
2 --> 3 
3 --> 4 
4 --> 5 
5 --> 6 
6 --> 7 
7 --> 8 
8 --> 9 
9 --> 10 
10 --> 11 
11 --> 12 
12 --> 13 
13 --> 14 
14 --> 15 
15 --> 16 
16 --> 17 
17 --> 18 
18 --> 19 
19 --> 20 
20 --> 21 
21 --> 22 
22 --> 23 
23 --> 24 
24 --> 25 
25 --> 26 
26 --> 27 
27 --> 28 
28 --> 29 
29 --> 30 
30 --> 31 
31 --> 32 
32 --> 33 
33 --> 34 
34 --> 35 
35 --> 36 
36 --> 37 
37 --> 38 
38 --> 39 
39 --> 40 
40 --> 41 
41 --> 42 
42 --> 43 
43 --> 44 
44 --> 45 
45 --> 46 
46 --> 47 
47 --> 48 
48 --> 49 
49 --> 50 
50 --> 51 
51 --> 52 
52 --> 53 
53 --> 54 
54 --> 55 
55 --> 56 
56 --> 57 
57 --> 58 
58 --> 59 
59 --> 60 
60 --> 61 
61 --> 62 
62 --> 63 
63 --> 64 
64 --> 65 
65 --> 66 
66 --> 67 
67 --> 68 
68 --> 69 
69 --> 70 
70 --> 71 
71 --> 72 
72 --> 73 
73 --> 74 
74 --> 75 
75 --> 76 
76 --> 77 
77 --> 78 
78 --> 79 
79 --> 80 
80 --> 81 
81 --> 2 

* FSM state operations: 

State 1 <SV = 0> <Delay = 0.38>
ST_1 : Operation 82 [1/1] (0.00ns)   --->   "%i = alloca i32 1" [../source/hls.cpp:259]   --->   Operation 82 'alloca' 'i' <Predicate = true> <Delay = 0.00>
ST_1 : Operation 83 [1/1] (0.00ns)   --->   "%sum_loc = alloca i64 1"   --->   Operation 83 'alloca' 'sum_loc' <Predicate = true> <Delay = 0.00>
ST_1 : Operation 84 [1/1] (0.00ns)   --->   "%spectopmodule_ln251 = spectopmodule void @_ssdm_op_SpecTopModule, void @empty_2" [../source/hls.cpp:251]   --->   Operation 84 'spectopmodule' 'spectopmodule_ln251' <Predicate = true> <Delay = 0.00>
ST_1 : Operation 85 [1/1] (0.00ns)   --->   "%specbitsmap_ln0 = specbitsmap void @_ssdm_op_SpecBitsMap, i8 %ap_core"   --->   Operation 85 'specbitsmap' 'specbitsmap_ln0' <Predicate = true> <Delay = 0.00>
ST_1 : Operation 86 [1/1] (0.00ns)   --->   "%specinterface_ln0 = specinterface void @_ssdm_op_SpecInterface, i8 %ap_core, void @empty, i32 0, i32 0, void @empty_0, i32 0, i32 0, void @empty_0, void @empty_0, void @empty_0, i32 0, i32 0, i32 0, i32 0, void @empty_0, void @empty_0, i32 4294967295, i32 0, i32 0"   --->   Operation 86 'specinterface' 'specinterface_ln0' <Predicate = true> <Delay = 0.00>
ST_1 : Operation 87 [1/1] (0.00ns)   --->   "%specbitsmap_ln0 = specbitsmap void @_ssdm_op_SpecBitsMap, i8 %ap_part"   --->   Operation 87 'specbitsmap' 'specbitsmap_ln0' <Predicate = true> <Delay = 0.00>
ST_1 : Operation 88 [1/1] (0.00ns)   --->   "%specinterface_ln0 = specinterface void @_ssdm_op_SpecInterface, i8 %ap_part, void @empty, i32 0, i32 0, void @empty_0, i32 0, i32 0, void @empty_0, void @empty_0, void @empty_0, i32 0, i32 0, i32 0, i32 0, void @empty_0, void @empty_0, i32 4294967295, i32 0, i32 0"   --->   Operation 88 'specinterface' 'specinterface_ln0' <Predicate = true> <Delay = 0.00>
ST_1 : Operation 89 [1/1] (0.00ns)   --->   "%specbitsmap_ln0 = specbitsmap void @_ssdm_op_SpecBitsMap, i8 %ap_parent"   --->   Operation 89 'specbitsmap' 'specbitsmap_ln0' <Predicate = true> <Delay = 0.00>
ST_1 : Operation 90 [1/1] (0.00ns)   --->   "%specinterface_ln0 = specinterface void @_ssdm_op_SpecInterface, i8 %ap_parent, void @empty, i32 0, i32 0, void @empty_0, i32 0, i32 0, void @empty_0, void @empty_0, void @empty_0, i32 0, i32 0, i32 0, i32 0, void @empty_0, void @empty_0, i32 4294967295, i32 0, i32 0"   --->   Operation 90 'specinterface' 'specinterface_ln0' <Predicate = true> <Delay = 0.00>
ST_1 : Operation 91 [1/1] (0.00ns)   --->   "%specbitsmap_ln0 = specbitsmap void @_ssdm_op_SpecBitsMap, i32 %c5_conv_layer1_map_w"   --->   Operation 91 'specbitsmap' 'specbitsmap_ln0' <Predicate = true> <Delay = 0.00>
ST_1 : Operation 92 [1/1] (0.00ns)   --->   "%specinterface_ln0 = specinterface void @_ssdm_op_SpecInterface, i32 %c5_conv_layer1_map_w, void @empty, i32 0, i32 0, void @empty_0, i32 0, i32 0, void @empty_0, void @empty_0, void @empty_0, i32 0, i32 0, i32 0, i32 0, void @empty_0, void @empty_0, i32 4294967295, i32 0, i32 0"   --->   Operation 92 'specinterface' 'specinterface_ln0' <Predicate = true> <Delay = 0.00>
ST_1 : Operation 93 [1/1] (0.00ns)   --->   "%specbitsmap_ln0 = specbitsmap void @_ssdm_op_SpecBitsMap, i32 %c5_conv_layer1_map_h"   --->   Operation 93 'specbitsmap' 'specbitsmap_ln0' <Predicate = true> <Delay = 0.00>
ST_1 : Operation 94 [1/1] (0.00ns)   --->   "%specinterface_ln0 = specinterface void @_ssdm_op_SpecInterface, i32 %c5_conv_layer1_map_h, void @empty, i32 0, i32 0, void @empty_0, i32 0, i32 0, void @empty_0, void @empty_0, void @empty_0, i32 0, i32 0, i32 0, i32 0, void @empty_0, void @empty_0, i32 4294967295, i32 0, i32 0"   --->   Operation 94 'specinterface' 'specinterface_ln0' <Predicate = true> <Delay = 0.00>
ST_1 : Operation 95 [1/1] (0.00ns)   --->   "%specbitsmap_ln0 = specbitsmap void @_ssdm_op_SpecBitsMap, i32 %c5_conv_layer1_map_count"   --->   Operation 95 'specbitsmap' 'specbitsmap_ln0' <Predicate = true> <Delay = 0.00>
ST_1 : Operation 96 [1/1] (0.00ns)   --->   "%specinterface_ln0 = specinterface void @_ssdm_op_SpecInterface, i32 %c5_conv_layer1_map_count, void @empty, i32 0, i32 0, void @empty_0, i32 0, i32 0, void @empty_0, void @empty_0, void @empty_0, i32 0, i32 0, i32 0, i32 0, void @empty_0, void @empty_0, i32 4294967295, i32 0, i32 0"   --->   Operation 96 'specinterface' 'specinterface_ln0' <Predicate = true> <Delay = 0.00>
ST_1 : Operation 97 [1/1] (0.00ns)   --->   "%specbitsmap_ln0 = specbitsmap void @_ssdm_op_SpecBitsMap, i32 %c5_conv_layer1_kernel_w"   --->   Operation 97 'specbitsmap' 'specbitsmap_ln0' <Predicate = true> <Delay = 0.00>
ST_1 : Operation 98 [1/1] (0.00ns)   --->   "%specinterface_ln0 = specinterface void @_ssdm_op_SpecInterface, i32 %c5_conv_layer1_kernel_w, void @empty, i32 0, i32 0, void @empty_0, i32 0, i32 0, void @empty_0, void @empty_0, void @empty_0, i32 0, i32 0, i32 0, i32 0, void @empty_0, void @empty_0, i32 4294967295, i32 0, i32 0"   --->   Operation 98 'specinterface' 'specinterface_ln0' <Predicate = true> <Delay = 0.00>
ST_1 : Operation 99 [1/1] (0.00ns)   --->   "%specbitsmap_ln0 = specbitsmap void @_ssdm_op_SpecBitsMap, i32 %c5_conv_layer1_kernel_h"   --->   Operation 99 'specbitsmap' 'specbitsmap_ln0' <Predicate = true> <Delay = 0.00>
ST_1 : Operation 100 [1/1] (0.00ns)   --->   "%specinterface_ln0 = specinterface void @_ssdm_op_SpecInterface, i32 %c5_conv_layer1_kernel_h, void @empty, i32 0, i32 0, void @empty_0, i32 0, i32 0, void @empty_0, void @empty_0, void @empty_0, i32 0, i32 0, i32 0, i32 0, void @empty_0, void @empty_0, i32 4294967295, i32 0, i32 0"   --->   Operation 100 'specinterface' 'specinterface_ln0' <Predicate = true> <Delay = 0.00>
ST_1 : Operation 101 [1/1] (0.00ns)   --->   "%specbitsmap_ln0 = specbitsmap void @_ssdm_op_SpecBitsMap, i32 %c5_conv_layer1_kernel_count"   --->   Operation 101 'specbitsmap' 'specbitsmap_ln0' <Predicate = true> <Delay = 0.00>
ST_1 : Operation 102 [1/1] (0.00ns)   --->   "%specinterface_ln0 = specinterface void @_ssdm_op_SpecInterface, i32 %c5_conv_layer1_kernel_count, void @empty, i32 0, i32 0, void @empty_0, i32 0, i32 0, void @empty_0, void @empty_0, void @empty_0, i32 0, i32 0, i32 0, i32 0, void @empty_0, void @empty_0, i32 4294967295, i32 0, i32 0"   --->   Operation 102 'specinterface' 'specinterface_ln0' <Predicate = true> <Delay = 0.00>
ST_1 : Operation 103 [1/1] (0.00ns)   --->   "%specinterface_ln0 = specinterface void @_ssdm_op_SpecInterface, i64 %c5_conv_layer2_data, void @empty_1, i32 0, i32 0, void @empty_0, i32 4294967295, i32 0, void @empty_0, void @empty_0, void @empty_0, i32 0, i32 0, i32 0, i32 0, void @empty_0, void @empty_0, i32 4294967295, i32 0, i32 0"   --->   Operation 103 'specinterface' 'specinterface_ln0' <Predicate = true> <Delay = 0.00>
ST_1 : Operation 104 [1/1] (0.00ns)   --->   "%specbitsmap_ln0 = specbitsmap void @_ssdm_op_SpecBitsMap, i64 %c5_conv_layer2_data"   --->   Operation 104 'specbitsmap' 'specbitsmap_ln0' <Predicate = true> <Delay = 0.00>
ST_1 : Operation 105 [1/1] (0.00ns)   --->   "%specinterface_ln0 = specinterface void @_ssdm_op_SpecInterface, i64 %c5_conv_layer2_error, void @empty_1, i32 0, i32 0, void @empty_0, i32 4294967295, i32 0, void @empty_0, void @empty_0, void @empty_0, i32 0, i32 0, i32 0, i32 0, void @empty_0, void @empty_0, i32 4294967295, i32 0, i32 0"   --->   Operation 105 'specinterface' 'specinterface_ln0' <Predicate = true> <Delay = 0.00>
ST_1 : Operation 106 [1/1] (0.00ns)   --->   "%specbitsmap_ln0 = specbitsmap void @_ssdm_op_SpecBitsMap, i64 %c5_conv_layer2_error"   --->   Operation 106 'specbitsmap' 'specbitsmap_ln0' <Predicate = true> <Delay = 0.00>
ST_1 : Operation 107 [1/1] (0.00ns)   --->   "%specinterface_ln0 = specinterface void @_ssdm_op_SpecInterface, i64 %c5_conv_layer2_b, void @empty_1, i32 0, i32 0, void @empty_0, i32 4294967295, i32 0, void @empty_0, void @empty_0, void @empty_0, i32 0, i32 0, i32 0, i32 0, void @empty_0, void @empty_0, i32 4294967295, i32 0, i32 0"   --->   Operation 107 'specinterface' 'specinterface_ln0' <Predicate = true> <Delay = 0.00>
ST_1 : Operation 108 [1/1] (0.00ns)   --->   "%specbitsmap_ln0 = specbitsmap void @_ssdm_op_SpecBitsMap, i64 %c5_conv_layer2_b"   --->   Operation 108 'specbitsmap' 'specbitsmap_ln0' <Predicate = true> <Delay = 0.00>
ST_1 : Operation 109 [1/1] (0.00ns)   --->   "%specinterface_ln0 = specinterface void @_ssdm_op_SpecInterface, i64 %c5_conv_layer2_db, void @empty_1, i32 0, i32 0, void @empty_0, i32 4294967295, i32 0, void @empty_0, void @empty_0, void @empty_0, i32 0, i32 0, i32 0, i32 0, void @empty_0, void @empty_0, i32 4294967295, i32 0, i32 0"   --->   Operation 109 'specinterface' 'specinterface_ln0' <Predicate = true> <Delay = 0.00>
ST_1 : Operation 110 [1/1] (0.00ns)   --->   "%specbitsmap_ln0 = specbitsmap void @_ssdm_op_SpecBitsMap, i64 %c5_conv_layer2_db"   --->   Operation 110 'specbitsmap' 'specbitsmap_ln0' <Predicate = true> <Delay = 0.00>
ST_1 : Operation 111 [1/1] (0.00ns)   --->   "%specinterface_ln0 = specinterface void @_ssdm_op_SpecInterface, i64 %c5_conv_layer2_W, void @empty_1, i32 0, i32 0, void @empty_0, i32 4294967295, i32 0, void @empty_0, void @empty_0, void @empty_0, i32 0, i32 0, i32 0, i32 0, void @empty_0, void @empty_0, i32 4294967295, i32 0, i32 0"   --->   Operation 111 'specinterface' 'specinterface_ln0' <Predicate = true> <Delay = 0.00>
ST_1 : Operation 112 [1/1] (0.00ns)   --->   "%specbitsmap_ln0 = specbitsmap void @_ssdm_op_SpecBitsMap, i64 %c5_conv_layer2_W"   --->   Operation 112 'specbitsmap' 'specbitsmap_ln0' <Predicate = true> <Delay = 0.00>
ST_1 : Operation 113 [1/1] (0.00ns)   --->   "%specinterface_ln0 = specinterface void @_ssdm_op_SpecInterface, i64 %c5_conv_layer2_dW, void @empty_1, i32 0, i32 0, void @empty_0, i32 4294967295, i32 0, void @empty_0, void @empty_0, void @empty_0, i32 0, i32 0, i32 0, i32 0, void @empty_0, void @empty_0, i32 4294967295, i32 0, i32 0"   --->   Operation 113 'specinterface' 'specinterface_ln0' <Predicate = true> <Delay = 0.00>
ST_1 : Operation 114 [1/1] (0.00ns)   --->   "%specbitsmap_ln0 = specbitsmap void @_ssdm_op_SpecBitsMap, i64 %c5_conv_layer2_dW"   --->   Operation 114 'specbitsmap' 'specbitsmap_ln0' <Predicate = true> <Delay = 0.00>
ST_1 : Operation 115 [1/1] (0.00ns)   --->   "%specinterface_ln0 = specinterface void @_ssdm_op_SpecInterface, i64 %c5_conv_layer2_map_common, void @empty_1, i32 0, i32 0, void @empty_0, i32 4294967295, i32 0, void @empty_0, void @empty_0, void @empty_0, i32 0, i32 0, i32 0, i32 0, void @empty_0, void @empty_0, i32 4294967295, i32 0, i32 0"   --->   Operation 115 'specinterface' 'specinterface_ln0' <Predicate = true> <Delay = 0.00>
ST_1 : Operation 116 [1/1] (0.00ns)   --->   "%specbitsmap_ln0 = specbitsmap void @_ssdm_op_SpecBitsMap, i64 %c5_conv_layer2_map_common"   --->   Operation 116 'specbitsmap' 'specbitsmap_ln0' <Predicate = true> <Delay = 0.00>
ST_1 : Operation 117 [1/1] (0.00ns)   --->   "%specbitsmap_ln0 = specbitsmap void @_ssdm_op_SpecBitsMap, i32 %output_layer1_map_w"   --->   Operation 117 'specbitsmap' 'specbitsmap_ln0' <Predicate = true> <Delay = 0.00>
ST_1 : Operation 118 [1/1] (0.00ns)   --->   "%specinterface_ln0 = specinterface void @_ssdm_op_SpecInterface, i32 %output_layer1_map_w, void @empty, i32 0, i32 0, void @empty_0, i32 0, i32 0, void @empty_0, void @empty_0, void @empty_0, i32 0, i32 0, i32 0, i32 0, void @empty_0, void @empty_0, i32 4294967295, i32 0, i32 0"   --->   Operation 118 'specinterface' 'specinterface_ln0' <Predicate = true> <Delay = 0.00>
ST_1 : Operation 119 [1/1] (0.00ns)   --->   "%specbitsmap_ln0 = specbitsmap void @_ssdm_op_SpecBitsMap, i32 %output_layer1_map_h"   --->   Operation 119 'specbitsmap' 'specbitsmap_ln0' <Predicate = true> <Delay = 0.00>
ST_1 : Operation 120 [1/1] (0.00ns)   --->   "%specinterface_ln0 = specinterface void @_ssdm_op_SpecInterface, i32 %output_layer1_map_h, void @empty, i32 0, i32 0, void @empty_0, i32 0, i32 0, void @empty_0, void @empty_0, void @empty_0, i32 0, i32 0, i32 0, i32 0, void @empty_0, void @empty_0, i32 4294967295, i32 0, i32 0"   --->   Operation 120 'specinterface' 'specinterface_ln0' <Predicate = true> <Delay = 0.00>
ST_1 : Operation 121 [1/1] (0.00ns)   --->   "%specbitsmap_ln0 = specbitsmap void @_ssdm_op_SpecBitsMap, i32 %output_layer1_map_count"   --->   Operation 121 'specbitsmap' 'specbitsmap_ln0' <Predicate = true> <Delay = 0.00>
ST_1 : Operation 122 [1/1] (0.00ns)   --->   "%specinterface_ln0 = specinterface void @_ssdm_op_SpecInterface, i32 %output_layer1_map_count, void @empty, i32 0, i32 0, void @empty_0, i32 0, i32 0, void @empty_0, void @empty_0, void @empty_0, i32 0, i32 0, i32 0, i32 0, void @empty_0, void @empty_0, i32 4294967295, i32 0, i32 0"   --->   Operation 122 'specinterface' 'specinterface_ln0' <Predicate = true> <Delay = 0.00>
ST_1 : Operation 123 [1/1] (0.00ns)   --->   "%specbitsmap_ln0 = specbitsmap void @_ssdm_op_SpecBitsMap, i32 %output_layer1_kernel_w"   --->   Operation 123 'specbitsmap' 'specbitsmap_ln0' <Predicate = true> <Delay = 0.00>
ST_1 : Operation 124 [1/1] (0.00ns)   --->   "%specinterface_ln0 = specinterface void @_ssdm_op_SpecInterface, i32 %output_layer1_kernel_w, void @empty, i32 0, i32 0, void @empty_0, i32 0, i32 0, void @empty_0, void @empty_0, void @empty_0, i32 0, i32 0, i32 0, i32 0, void @empty_0, void @empty_0, i32 4294967295, i32 0, i32 0"   --->   Operation 124 'specinterface' 'specinterface_ln0' <Predicate = true> <Delay = 0.00>
ST_1 : Operation 125 [1/1] (0.00ns)   --->   "%specbitsmap_ln0 = specbitsmap void @_ssdm_op_SpecBitsMap, i32 %output_layer1_kernel_h"   --->   Operation 125 'specbitsmap' 'specbitsmap_ln0' <Predicate = true> <Delay = 0.00>
ST_1 : Operation 126 [1/1] (0.00ns)   --->   "%specinterface_ln0 = specinterface void @_ssdm_op_SpecInterface, i32 %output_layer1_kernel_h, void @empty, i32 0, i32 0, void @empty_0, i32 0, i32 0, void @empty_0, void @empty_0, void @empty_0, i32 0, i32 0, i32 0, i32 0, void @empty_0, void @empty_0, i32 4294967295, i32 0, i32 0"   --->   Operation 126 'specinterface' 'specinterface_ln0' <Predicate = true> <Delay = 0.00>
ST_1 : Operation 127 [1/1] (0.00ns)   --->   "%specbitsmap_ln0 = specbitsmap void @_ssdm_op_SpecBitsMap, i32 %output_layer1_kernel_count"   --->   Operation 127 'specbitsmap' 'specbitsmap_ln0' <Predicate = true> <Delay = 0.00>
ST_1 : Operation 128 [1/1] (0.00ns)   --->   "%specinterface_ln0 = specinterface void @_ssdm_op_SpecInterface, i32 %output_layer1_kernel_count, void @empty, i32 0, i32 0, void @empty_0, i32 0, i32 0, void @empty_0, void @empty_0, void @empty_0, i32 0, i32 0, i32 0, i32 0, void @empty_0, void @empty_0, i32 4294967295, i32 0, i32 0"   --->   Operation 128 'specinterface' 'specinterface_ln0' <Predicate = true> <Delay = 0.00>
ST_1 : Operation 129 [1/1] (0.00ns)   --->   "%specinterface_ln0 = specinterface void @_ssdm_op_SpecInterface, i64 %output_layer2_data, void @empty_1, i32 0, i32 0, void @empty_0, i32 4294967295, i32 0, void @empty_0, void @empty_0, void @empty_0, i32 0, i32 0, i32 0, i32 0, void @empty_0, void @empty_0, i32 4294967295, i32 0, i32 0"   --->   Operation 129 'specinterface' 'specinterface_ln0' <Predicate = true> <Delay = 0.00>
ST_1 : Operation 130 [1/1] (0.00ns)   --->   "%specbitsmap_ln0 = specbitsmap void @_ssdm_op_SpecBitsMap, i64 %output_layer2_data"   --->   Operation 130 'specbitsmap' 'specbitsmap_ln0' <Predicate = true> <Delay = 0.00>
ST_1 : Operation 131 [1/1] (0.00ns)   --->   "%specinterface_ln0 = specinterface void @_ssdm_op_SpecInterface, i64 %output_layer2_error, void @empty_1, i32 0, i32 0, void @empty_0, i32 4294967295, i32 0, void @empty_0, void @empty_0, void @empty_0, i32 0, i32 0, i32 0, i32 0, void @empty_0, void @empty_0, i32 4294967295, i32 0, i32 0"   --->   Operation 131 'specinterface' 'specinterface_ln0' <Predicate = true> <Delay = 0.00>
ST_1 : Operation 132 [1/1] (0.00ns)   --->   "%specbitsmap_ln0 = specbitsmap void @_ssdm_op_SpecBitsMap, i64 %output_layer2_error"   --->   Operation 132 'specbitsmap' 'specbitsmap_ln0' <Predicate = true> <Delay = 0.00>
ST_1 : Operation 133 [1/1] (0.00ns)   --->   "%specinterface_ln0 = specinterface void @_ssdm_op_SpecInterface, i64 %output_layer2_b, void @empty_1, i32 0, i32 0, void @empty_0, i32 4294967295, i32 0, void @empty_0, void @empty_0, void @empty_0, i32 0, i32 0, i32 0, i32 0, void @empty_0, void @empty_0, i32 4294967295, i32 0, i32 0"   --->   Operation 133 'specinterface' 'specinterface_ln0' <Predicate = true> <Delay = 0.00>
ST_1 : Operation 134 [1/1] (0.00ns)   --->   "%specbitsmap_ln0 = specbitsmap void @_ssdm_op_SpecBitsMap, i64 %output_layer2_b"   --->   Operation 134 'specbitsmap' 'specbitsmap_ln0' <Predicate = true> <Delay = 0.00>
ST_1 : Operation 135 [1/1] (0.00ns)   --->   "%specinterface_ln0 = specinterface void @_ssdm_op_SpecInterface, i64 %output_layer2_db, void @empty_1, i32 0, i32 0, void @empty_0, i32 4294967295, i32 0, void @empty_0, void @empty_0, void @empty_0, i32 0, i32 0, i32 0, i32 0, void @empty_0, void @empty_0, i32 4294967295, i32 0, i32 0"   --->   Operation 135 'specinterface' 'specinterface_ln0' <Predicate = true> <Delay = 0.00>
ST_1 : Operation 136 [1/1] (0.00ns)   --->   "%specbitsmap_ln0 = specbitsmap void @_ssdm_op_SpecBitsMap, i64 %output_layer2_db"   --->   Operation 136 'specbitsmap' 'specbitsmap_ln0' <Predicate = true> <Delay = 0.00>
ST_1 : Operation 137 [1/1] (0.00ns)   --->   "%specinterface_ln0 = specinterface void @_ssdm_op_SpecInterface, i64 %output_layer2_W, void @empty_1, i32 0, i32 0, void @empty_0, i32 4294967295, i32 0, void @empty_0, void @empty_0, void @empty_0, i32 0, i32 0, i32 0, i32 0, void @empty_0, void @empty_0, i32 4294967295, i32 0, i32 0"   --->   Operation 137 'specinterface' 'specinterface_ln0' <Predicate = true> <Delay = 0.00>
ST_1 : Operation 138 [1/1] (0.00ns)   --->   "%specbitsmap_ln0 = specbitsmap void @_ssdm_op_SpecBitsMap, i64 %output_layer2_W"   --->   Operation 138 'specbitsmap' 'specbitsmap_ln0' <Predicate = true> <Delay = 0.00>
ST_1 : Operation 139 [1/1] (0.00ns)   --->   "%specinterface_ln0 = specinterface void @_ssdm_op_SpecInterface, i64 %output_layer2_dW, void @empty_1, i32 0, i32 0, void @empty_0, i32 4294967295, i32 0, void @empty_0, void @empty_0, void @empty_0, i32 0, i32 0, i32 0, i32 0, void @empty_0, void @empty_0, i32 4294967295, i32 0, i32 0"   --->   Operation 139 'specinterface' 'specinterface_ln0' <Predicate = true> <Delay = 0.00>
ST_1 : Operation 140 [1/1] (0.00ns)   --->   "%specbitsmap_ln0 = specbitsmap void @_ssdm_op_SpecBitsMap, i64 %output_layer2_dW"   --->   Operation 140 'specbitsmap' 'specbitsmap_ln0' <Predicate = true> <Delay = 0.00>
ST_1 : Operation 141 [1/1] (0.00ns)   --->   "%specinterface_ln0 = specinterface void @_ssdm_op_SpecInterface, i64 %output_layer2_map_common, void @empty_1, i32 0, i32 0, void @empty_0, i32 4294967295, i32 0, void @empty_0, void @empty_0, void @empty_0, i32 0, i32 0, i32 0, i32 0, void @empty_0, void @empty_0, i32 4294967295, i32 0, i32 0"   --->   Operation 141 'specinterface' 'specinterface_ln0' <Predicate = true> <Delay = 0.00>
ST_1 : Operation 142 [1/1] (0.00ns)   --->   "%specbitsmap_ln0 = specbitsmap void @_ssdm_op_SpecBitsMap, i64 %output_layer2_map_common"   --->   Operation 142 'specbitsmap' 'specbitsmap_ln0' <Predicate = true> <Delay = 0.00>
ST_1 : Operation 143 [1/1] (0.00ns)   --->   "%output_layer1_map_count_read = read i32 @_ssdm_op_Read.ap_auto.i32P0A, i32 %output_layer1_map_count"   --->   Operation 143 'read' 'output_layer1_map_count_read' <Predicate = true> <Delay = 0.00>
ST_1 : Operation 144 [1/1] (0.00ns)   --->   "%c5_conv_layer1_map_count_read = read i32 @_ssdm_op_Read.ap_auto.i32P0A, i32 %c5_conv_layer1_map_count"   --->   Operation 144 'read' 'c5_conv_layer1_map_count_read' <Predicate = true> <Delay = 0.00>
ST_1 : Operation 145 [1/1] (0.00ns)   --->   "%trunc_ln259 = trunc i32 %output_layer1_map_count_read" [../source/hls.cpp:259]   --->   Operation 145 'trunc' 'trunc_ln259' <Predicate = true> <Delay = 0.00>
ST_1 : Operation 146 [1/1] (0.38ns)   --->   "%store_ln259 = store i17 0, i17 %i" [../source/hls.cpp:259]   --->   Operation 146 'store' 'store_ln259' <Predicate = true> <Delay = 0.38>
ST_1 : Operation 147 [1/1] (0.00ns)   --->   "%br_ln259 = br void %VITIS_LOOP_262_2" [../source/hls.cpp:259]   --->   Operation 147 'br' 'br_ln259' <Predicate = true> <Delay = 0.00>

State 2 <SV = 1> <Delay = 1.26>
ST_2 : Operation 148 [1/1] (0.00ns)   --->   "%i_1 = load i17 %i" [../source/hls.cpp:259]   --->   Operation 148 'load' 'i_1' <Predicate = true> <Delay = 0.00>
ST_2 : Operation 149 [1/1] (0.00ns)   --->   "%zext_ln259_1 = zext i17 %i_1" [../source/hls.cpp:259]   --->   Operation 149 'zext' 'zext_ln259_1' <Predicate = true> <Delay = 0.00>
ST_2 : Operation 150 [1/1] (0.88ns)   --->   "%icmp_ln259 = icmp_slt  i32 %zext_ln259_1, i32 %output_layer1_map_count_read" [../source/hls.cpp:259]   --->   Operation 150 'icmp' 'icmp_ln259' <Predicate = true> <Delay = 0.88> <CoreInst = "Cmp">   --->   Core 9 'Cmp' <Latency = 0> <II = 1> <Delay = 0.88> <FuncUnit> <Opcode : 'seteq' 'setne' 'setle' 'setge' 'setlt' 'setgt'> <InPorts = 2> <OutPorts = 1>
ST_2 : Operation 151 [1/1] (0.79ns)   --->   "%add_ln259 = add i17 %i_1, i17 1" [../source/hls.cpp:259]   --->   Operation 151 'add' 'add_ln259' <Predicate = true> <Delay = 0.79> <CoreInst = "Adder">   --->   Core 1 'Adder' <Latency = 0> <II = 1> <Delay = 0.79> <FuncUnit> <Opcode : 'add' 'sub'> <InPorts = 2> <OutPorts = 1>
ST_2 : Operation 152 [1/1] (0.00ns)   --->   "%br_ln259 = br i1 %icmp_ln259, void %for.end22.loopexit, void %VITIS_LOOP_262_2.split" [../source/hls.cpp:259]   --->   Operation 152 'br' 'br_ln259' <Predicate = true> <Delay = 0.00>
ST_2 : Operation 153 [1/1] (0.00ns)   --->   "%zext_ln259 = zext i17 %i_1" [../source/hls.cpp:259]   --->   Operation 153 'zext' 'zext_ln259' <Predicate = (icmp_ln259)> <Delay = 0.00>
ST_2 : Operation 154 [1/1] (0.00ns)   --->   "%trunc_ln259_1 = trunc i17 %i_1" [../source/hls.cpp:259]   --->   Operation 154 'trunc' 'trunc_ln259_1' <Predicate = (icmp_ln259)> <Delay = 0.00>
ST_2 : Operation 155 [2/2] (0.00ns)   --->   "%call_ln259 = call void @fully_connected_fprop_Pipeline_VITIS_LOOP_262_2, i32 %c5_conv_layer1_map_count_read, i64 %c5_conv_layer2_data, i11 %trunc_ln259, i11 %trunc_ln259_1, i64 %output_layer2_W, i64 %sum_loc" [../source/hls.cpp:259]   --->   Operation 155 'call' 'call_ln259' <Predicate = (icmp_ln259)> <Delay = 0.00> <CoreType = "Generic">   --->   Generic Core
ST_2 : Operation 156 [1/1] (0.00ns)   --->   "%output_layer2_b_addr = getelementptr i64 %output_layer2_b, i64 0, i64 %zext_ln259" [../source/hls.cpp:267]   --->   Operation 156 'getelementptr' 'output_layer2_b_addr' <Predicate = (icmp_ln259)> <Delay = 0.00>
ST_2 : Operation 157 [2/2] (1.20ns)   --->   "%output_layer2_b_load = load i7 %output_layer2_b_addr" [../source/hls.cpp:267]   --->   Operation 157 'load' 'output_layer2_b_load' <Predicate = (icmp_ln259)> <Delay = 1.20> <CoreInst = "RAM">   --->   Core 82 'RAM' <Latency = 1> <II = 1> <Delay = 1.20> <Storage> <Opcode : 'load' 'store'> <Ports = 2> <Width = 64> <Depth = 120> <RAM>
ST_2 : Operation 158 [1/1] (0.38ns)   --->   "%store_ln259 = store i17 %add_ln259, i17 %i" [../source/hls.cpp:259]   --->   Operation 158 'store' 'store_ln259' <Predicate = (icmp_ln259)> <Delay = 0.38>
ST_2 : Operation 159 [1/1] (0.00ns)   --->   "%ret_ln270 = ret" [../source/hls.cpp:270]   --->   Operation 159 'ret' 'ret_ln270' <Predicate = (!icmp_ln259)> <Delay = 0.00>

State 3 <SV = 2> <Delay = 1.20>
ST_3 : Operation 160 [1/2] (0.00ns)   --->   "%call_ln259 = call void @fully_connected_fprop_Pipeline_VITIS_LOOP_262_2, i32 %c5_conv_layer1_map_count_read, i64 %c5_conv_layer2_data, i11 %trunc_ln259, i11 %trunc_ln259_1, i64 %output_layer2_W, i64 %sum_loc" [../source/hls.cpp:259]   --->   Operation 160 'call' 'call_ln259' <Predicate = true> <Delay = 0.00> <CoreType = "Generic">   --->   Generic Core
ST_3 : Operation 161 [1/2] ( I:1.20ns O:1.20ns )   --->   "%output_layer2_b_load = load i7 %output_layer2_b_addr" [../source/hls.cpp:267]   --->   Operation 161 'load' 'output_layer2_b_load' <Predicate = true> <Delay = 1.20> <CoreInst = "RAM">   --->   Core 82 'RAM' <Latency = 1> <II = 1> <Delay = 1.20> <Storage> <Opcode : 'load' 'store'> <Ports = 2> <Width = 64> <Depth = 120> <RAM>

State 4 <SV = 3> <Delay = 1.90>
ST_4 : Operation 162 [1/1] (0.00ns)   --->   "%sum_loc_load = load i64 %sum_loc"   --->   Operation 162 'load' 'sum_loc_load' <Predicate = true> <Delay = 0.00>
ST_4 : Operation 163 [1/1] (0.00ns)   --->   "%bitcast_ln267 = bitcast i64 %output_layer2_b_load" [../source/hls.cpp:267]   --->   Operation 163 'bitcast' 'bitcast_ln267' <Predicate = true> <Delay = 0.00>
ST_4 : Operation 164 [8/8] (1.90ns)   --->   "%sum = dadd i64 %sum_loc_load, i64 %bitcast_ln267" [../source/hls.cpp:267]   --->   Operation 164 'dadd' 'sum' <Predicate = true> <Delay = 1.90> <CoreInst = "DAddSub_fulldsp">   --->   Core 37 'DAddSub_fulldsp' <Latency = 7> <II = 1> <Delay = 1.90> <FuncUnit> <Opcode : 'dadd' 'dsub'> <InPorts = 2> <OutPorts = 1>

State 5 <SV = 4> <Delay = 1.90>
ST_5 : Operation 165 [7/8] (1.90ns)   --->   "%sum = dadd i64 %sum_loc_load, i64 %bitcast_ln267" [../source/hls.cpp:267]   --->   Operation 165 'dadd' 'sum' <Predicate = true> <Delay = 1.90> <CoreInst = "DAddSub_fulldsp">   --->   Core 37 'DAddSub_fulldsp' <Latency = 7> <II = 1> <Delay = 1.90> <FuncUnit> <Opcode : 'dadd' 'dsub'> <InPorts = 2> <OutPorts = 1>

State 6 <SV = 5> <Delay = 1.90>
ST_6 : Operation 166 [6/8] (1.90ns)   --->   "%sum = dadd i64 %sum_loc_load, i64 %bitcast_ln267" [../source/hls.cpp:267]   --->   Operation 166 'dadd' 'sum' <Predicate = true> <Delay = 1.90> <CoreInst = "DAddSub_fulldsp">   --->   Core 37 'DAddSub_fulldsp' <Latency = 7> <II = 1> <Delay = 1.90> <FuncUnit> <Opcode : 'dadd' 'dsub'> <InPorts = 2> <OutPorts = 1>

State 7 <SV = 6> <Delay = 1.90>
ST_7 : Operation 167 [5/8] (1.90ns)   --->   "%sum = dadd i64 %sum_loc_load, i64 %bitcast_ln267" [../source/hls.cpp:267]   --->   Operation 167 'dadd' 'sum' <Predicate = true> <Delay = 1.90> <CoreInst = "DAddSub_fulldsp">   --->   Core 37 'DAddSub_fulldsp' <Latency = 7> <II = 1> <Delay = 1.90> <FuncUnit> <Opcode : 'dadd' 'dsub'> <InPorts = 2> <OutPorts = 1>

State 8 <SV = 7> <Delay = 1.90>
ST_8 : Operation 168 [4/8] (1.90ns)   --->   "%sum = dadd i64 %sum_loc_load, i64 %bitcast_ln267" [../source/hls.cpp:267]   --->   Operation 168 'dadd' 'sum' <Predicate = true> <Delay = 1.90> <CoreInst = "DAddSub_fulldsp">   --->   Core 37 'DAddSub_fulldsp' <Latency = 7> <II = 1> <Delay = 1.90> <FuncUnit> <Opcode : 'dadd' 'dsub'> <InPorts = 2> <OutPorts = 1>

State 9 <SV = 8> <Delay = 1.90>
ST_9 : Operation 169 [3/8] (1.90ns)   --->   "%sum = dadd i64 %sum_loc_load, i64 %bitcast_ln267" [../source/hls.cpp:267]   --->   Operation 169 'dadd' 'sum' <Predicate = true> <Delay = 1.90> <CoreInst = "DAddSub_fulldsp">   --->   Core 37 'DAddSub_fulldsp' <Latency = 7> <II = 1> <Delay = 1.90> <FuncUnit> <Opcode : 'dadd' 'dsub'> <InPorts = 2> <OutPorts = 1>

State 10 <SV = 9> <Delay = 1.90>
ST_10 : Operation 170 [2/8] (1.90ns)   --->   "%sum = dadd i64 %sum_loc_load, i64 %bitcast_ln267" [../source/hls.cpp:267]   --->   Operation 170 'dadd' 'sum' <Predicate = true> <Delay = 1.90> <CoreInst = "DAddSub_fulldsp">   --->   Core 37 'DAddSub_fulldsp' <Latency = 7> <II = 1> <Delay = 1.90> <FuncUnit> <Opcode : 'dadd' 'dsub'> <InPorts = 2> <OutPorts = 1>

State 11 <SV = 10> <Delay = 1.90>
ST_11 : Operation 171 [1/8] (1.90ns)   --->   "%sum = dadd i64 %sum_loc_load, i64 %bitcast_ln267" [../source/hls.cpp:267]   --->   Operation 171 'dadd' 'sum' <Predicate = true> <Delay = 1.90> <CoreInst = "DAddSub_fulldsp">   --->   Core 37 'DAddSub_fulldsp' <Latency = 7> <II = 1> <Delay = 1.90> <FuncUnit> <Opcode : 'dadd' 'dsub'> <InPorts = 2> <OutPorts = 1>

State 12 <SV = 11> <Delay = 2.07>
ST_12 : Operation 172 [30/30] (1.95ns)   --->   "%ep = dexp i64 @llvm.exp.f64, i64 %sum" [../source/hls.cpp:10->../source/hls.cpp:268]   --->   Operation 172 'dexp' 'ep' <Predicate = true> <Delay = 1.95> <CoreInst = "DExp_fulldsp">   --->   Core 42 'DExp_fulldsp' <Latency = 29> <II = 1> <Delay = 1.95> <FuncUnit> <Opcode : 'dexp'> <InPorts = 1> <OutPorts = 1>
ST_12 : Operation 173 [1/1] (0.00ns)   --->   "%bitcast_ln11 = bitcast i64 %sum" [../source/hls.cpp:11->../source/hls.cpp:268]   --->   Operation 173 'bitcast' 'bitcast_ln11' <Predicate = true> <Delay = 0.00>
ST_12 : Operation 174 [1/1] (0.00ns)   --->   "%bit_sel = bitselect i1 @_ssdm_op_BitSelect.i1.i64.i64, i64 %bitcast_ln11, i64 63" [../source/hls.cpp:11->../source/hls.cpp:268]   --->   Operation 174 'bitselect' 'bit_sel' <Predicate = true> <Delay = 0.00>
ST_12 : Operation 175 [1/1] (0.12ns)   --->   "%xor_ln11 = xor i1 %bit_sel, i1 1" [../source/hls.cpp:11->../source/hls.cpp:268]   --->   Operation 175 'xor' 'xor_ln11' <Predicate = true> <Delay = 0.12> <CoreInst = "LogicGate">   --->   Core 74 'LogicGate' <Latency = 0> <II = 1> <Delay = 0.12> <FuncUnit> <Opcode : 'and' 'or' 'xor'> <InPorts = 2> <OutPorts = 1>
ST_12 : Operation 176 [1/1] (0.00ns)   --->   "%trunc_ln11 = trunc i64 %bitcast_ln11" [../source/hls.cpp:11->../source/hls.cpp:268]   --->   Operation 176 'trunc' 'trunc_ln11' <Predicate = true> <Delay = 0.00>
ST_12 : Operation 177 [1/1] (0.00ns)   --->   "%xor_ln = bitconcatenate i64 @_ssdm_op_BitConcatenate.i64.i1.i63, i1 %xor_ln11, i63 %trunc_ln11" [../source/hls.cpp:11->../source/hls.cpp:268]   --->   Operation 177 'bitconcatenate' 'xor_ln' <Predicate = true> <Delay = 0.00>
ST_12 : Operation 178 [1/1] (0.00ns)   --->   "%bitcast_ln11_1 = bitcast i64 %xor_ln" [../source/hls.cpp:11->../source/hls.cpp:268]   --->   Operation 178 'bitcast' 'bitcast_ln11_1' <Predicate = true> <Delay = 0.00>
ST_12 : Operation 179 [30/30] (1.95ns)   --->   "%em = dexp i64 @llvm.exp.f64, i64 %bitcast_ln11_1" [../source/hls.cpp:11->../source/hls.cpp:268]   --->   Operation 179 'dexp' 'em' <Predicate = true> <Delay = 1.95> <CoreInst = "DExp_fulldsp">   --->   Core 42 'DExp_fulldsp' <Latency = 29> <II = 1> <Delay = 1.95> <FuncUnit> <Opcode : 'dexp'> <InPorts = 1> <OutPorts = 1>

State 13 <SV = 12> <Delay = 1.95>
ST_13 : Operation 180 [29/30] (1.95ns)   --->   "%ep = dexp i64 @llvm.exp.f64, i64 %sum" [../source/hls.cpp:10->../source/hls.cpp:268]   --->   Operation 180 'dexp' 'ep' <Predicate = true> <Delay = 1.95> <CoreInst = "DExp_fulldsp">   --->   Core 42 'DExp_fulldsp' <Latency = 29> <II = 1> <Delay = 1.95> <FuncUnit> <Opcode : 'dexp'> <InPorts = 1> <OutPorts = 1>
ST_13 : Operation 181 [29/30] (1.95ns)   --->   "%em = dexp i64 @llvm.exp.f64, i64 %bitcast_ln11_1" [../source/hls.cpp:11->../source/hls.cpp:268]   --->   Operation 181 'dexp' 'em' <Predicate = true> <Delay = 1.95> <CoreInst = "DExp_fulldsp">   --->   Core 42 'DExp_fulldsp' <Latency = 29> <II = 1> <Delay = 1.95> <FuncUnit> <Opcode : 'dexp'> <InPorts = 1> <OutPorts = 1>

State 14 <SV = 13> <Delay = 1.95>
ST_14 : Operation 182 [28/30] (1.95ns)   --->   "%ep = dexp i64 @llvm.exp.f64, i64 %sum" [../source/hls.cpp:10->../source/hls.cpp:268]   --->   Operation 182 'dexp' 'ep' <Predicate = true> <Delay = 1.95> <CoreInst = "DExp_fulldsp">   --->   Core 42 'DExp_fulldsp' <Latency = 29> <II = 1> <Delay = 1.95> <FuncUnit> <Opcode : 'dexp'> <InPorts = 1> <OutPorts = 1>
ST_14 : Operation 183 [28/30] (1.95ns)   --->   "%em = dexp i64 @llvm.exp.f64, i64 %bitcast_ln11_1" [../source/hls.cpp:11->../source/hls.cpp:268]   --->   Operation 183 'dexp' 'em' <Predicate = true> <Delay = 1.95> <CoreInst = "DExp_fulldsp">   --->   Core 42 'DExp_fulldsp' <Latency = 29> <II = 1> <Delay = 1.95> <FuncUnit> <Opcode : 'dexp'> <InPorts = 1> <OutPorts = 1>

State 15 <SV = 14> <Delay = 1.95>
ST_15 : Operation 184 [27/30] (1.95ns)   --->   "%ep = dexp i64 @llvm.exp.f64, i64 %sum" [../source/hls.cpp:10->../source/hls.cpp:268]   --->   Operation 184 'dexp' 'ep' <Predicate = true> <Delay = 1.95> <CoreInst = "DExp_fulldsp">   --->   Core 42 'DExp_fulldsp' <Latency = 29> <II = 1> <Delay = 1.95> <FuncUnit> <Opcode : 'dexp'> <InPorts = 1> <OutPorts = 1>
ST_15 : Operation 185 [27/30] (1.95ns)   --->   "%em = dexp i64 @llvm.exp.f64, i64 %bitcast_ln11_1" [../source/hls.cpp:11->../source/hls.cpp:268]   --->   Operation 185 'dexp' 'em' <Predicate = true> <Delay = 1.95> <CoreInst = "DExp_fulldsp">   --->   Core 42 'DExp_fulldsp' <Latency = 29> <II = 1> <Delay = 1.95> <FuncUnit> <Opcode : 'dexp'> <InPorts = 1> <OutPorts = 1>

State 16 <SV = 15> <Delay = 1.95>
ST_16 : Operation 186 [26/30] (1.95ns)   --->   "%ep = dexp i64 @llvm.exp.f64, i64 %sum" [../source/hls.cpp:10->../source/hls.cpp:268]   --->   Operation 186 'dexp' 'ep' <Predicate = true> <Delay = 1.95> <CoreInst = "DExp_fulldsp">   --->   Core 42 'DExp_fulldsp' <Latency = 29> <II = 1> <Delay = 1.95> <FuncUnit> <Opcode : 'dexp'> <InPorts = 1> <OutPorts = 1>
ST_16 : Operation 187 [26/30] (1.95ns)   --->   "%em = dexp i64 @llvm.exp.f64, i64 %bitcast_ln11_1" [../source/hls.cpp:11->../source/hls.cpp:268]   --->   Operation 187 'dexp' 'em' <Predicate = true> <Delay = 1.95> <CoreInst = "DExp_fulldsp">   --->   Core 42 'DExp_fulldsp' <Latency = 29> <II = 1> <Delay = 1.95> <FuncUnit> <Opcode : 'dexp'> <InPorts = 1> <OutPorts = 1>

State 17 <SV = 16> <Delay = 1.95>
ST_17 : Operation 188 [25/30] (1.95ns)   --->   "%ep = dexp i64 @llvm.exp.f64, i64 %sum" [../source/hls.cpp:10->../source/hls.cpp:268]   --->   Operation 188 'dexp' 'ep' <Predicate = true> <Delay = 1.95> <CoreInst = "DExp_fulldsp">   --->   Core 42 'DExp_fulldsp' <Latency = 29> <II = 1> <Delay = 1.95> <FuncUnit> <Opcode : 'dexp'> <InPorts = 1> <OutPorts = 1>
ST_17 : Operation 189 [25/30] (1.95ns)   --->   "%em = dexp i64 @llvm.exp.f64, i64 %bitcast_ln11_1" [../source/hls.cpp:11->../source/hls.cpp:268]   --->   Operation 189 'dexp' 'em' <Predicate = true> <Delay = 1.95> <CoreInst = "DExp_fulldsp">   --->   Core 42 'DExp_fulldsp' <Latency = 29> <II = 1> <Delay = 1.95> <FuncUnit> <Opcode : 'dexp'> <InPorts = 1> <OutPorts = 1>

State 18 <SV = 17> <Delay = 1.95>
ST_18 : Operation 190 [24/30] (1.95ns)   --->   "%ep = dexp i64 @llvm.exp.f64, i64 %sum" [../source/hls.cpp:10->../source/hls.cpp:268]   --->   Operation 190 'dexp' 'ep' <Predicate = true> <Delay = 1.95> <CoreInst = "DExp_fulldsp">   --->   Core 42 'DExp_fulldsp' <Latency = 29> <II = 1> <Delay = 1.95> <FuncUnit> <Opcode : 'dexp'> <InPorts = 1> <OutPorts = 1>
ST_18 : Operation 191 [24/30] (1.95ns)   --->   "%em = dexp i64 @llvm.exp.f64, i64 %bitcast_ln11_1" [../source/hls.cpp:11->../source/hls.cpp:268]   --->   Operation 191 'dexp' 'em' <Predicate = true> <Delay = 1.95> <CoreInst = "DExp_fulldsp">   --->   Core 42 'DExp_fulldsp' <Latency = 29> <II = 1> <Delay = 1.95> <FuncUnit> <Opcode : 'dexp'> <InPorts = 1> <OutPorts = 1>

State 19 <SV = 18> <Delay = 1.95>
ST_19 : Operation 192 [23/30] (1.95ns)   --->   "%ep = dexp i64 @llvm.exp.f64, i64 %sum" [../source/hls.cpp:10->../source/hls.cpp:268]   --->   Operation 192 'dexp' 'ep' <Predicate = true> <Delay = 1.95> <CoreInst = "DExp_fulldsp">   --->   Core 42 'DExp_fulldsp' <Latency = 29> <II = 1> <Delay = 1.95> <FuncUnit> <Opcode : 'dexp'> <InPorts = 1> <OutPorts = 1>
ST_19 : Operation 193 [23/30] (1.95ns)   --->   "%em = dexp i64 @llvm.exp.f64, i64 %bitcast_ln11_1" [../source/hls.cpp:11->../source/hls.cpp:268]   --->   Operation 193 'dexp' 'em' <Predicate = true> <Delay = 1.95> <CoreInst = "DExp_fulldsp">   --->   Core 42 'DExp_fulldsp' <Latency = 29> <II = 1> <Delay = 1.95> <FuncUnit> <Opcode : 'dexp'> <InPorts = 1> <OutPorts = 1>

State 20 <SV = 19> <Delay = 1.95>
ST_20 : Operation 194 [22/30] (1.95ns)   --->   "%ep = dexp i64 @llvm.exp.f64, i64 %sum" [../source/hls.cpp:10->../source/hls.cpp:268]   --->   Operation 194 'dexp' 'ep' <Predicate = true> <Delay = 1.95> <CoreInst = "DExp_fulldsp">   --->   Core 42 'DExp_fulldsp' <Latency = 29> <II = 1> <Delay = 1.95> <FuncUnit> <Opcode : 'dexp'> <InPorts = 1> <OutPorts = 1>
ST_20 : Operation 195 [22/30] (1.95ns)   --->   "%em = dexp i64 @llvm.exp.f64, i64 %bitcast_ln11_1" [../source/hls.cpp:11->../source/hls.cpp:268]   --->   Operation 195 'dexp' 'em' <Predicate = true> <Delay = 1.95> <CoreInst = "DExp_fulldsp">   --->   Core 42 'DExp_fulldsp' <Latency = 29> <II = 1> <Delay = 1.95> <FuncUnit> <Opcode : 'dexp'> <InPorts = 1> <OutPorts = 1>

State 21 <SV = 20> <Delay = 1.95>
ST_21 : Operation 196 [21/30] (1.95ns)   --->   "%ep = dexp i64 @llvm.exp.f64, i64 %sum" [../source/hls.cpp:10->../source/hls.cpp:268]   --->   Operation 196 'dexp' 'ep' <Predicate = true> <Delay = 1.95> <CoreInst = "DExp_fulldsp">   --->   Core 42 'DExp_fulldsp' <Latency = 29> <II = 1> <Delay = 1.95> <FuncUnit> <Opcode : 'dexp'> <InPorts = 1> <OutPorts = 1>
ST_21 : Operation 197 [21/30] (1.95ns)   --->   "%em = dexp i64 @llvm.exp.f64, i64 %bitcast_ln11_1" [../source/hls.cpp:11->../source/hls.cpp:268]   --->   Operation 197 'dexp' 'em' <Predicate = true> <Delay = 1.95> <CoreInst = "DExp_fulldsp">   --->   Core 42 'DExp_fulldsp' <Latency = 29> <II = 1> <Delay = 1.95> <FuncUnit> <Opcode : 'dexp'> <InPorts = 1> <OutPorts = 1>

State 22 <SV = 21> <Delay = 1.95>
ST_22 : Operation 198 [20/30] (1.95ns)   --->   "%ep = dexp i64 @llvm.exp.f64, i64 %sum" [../source/hls.cpp:10->../source/hls.cpp:268]   --->   Operation 198 'dexp' 'ep' <Predicate = true> <Delay = 1.95> <CoreInst = "DExp_fulldsp">   --->   Core 42 'DExp_fulldsp' <Latency = 29> <II = 1> <Delay = 1.95> <FuncUnit> <Opcode : 'dexp'> <InPorts = 1> <OutPorts = 1>
ST_22 : Operation 199 [20/30] (1.95ns)   --->   "%em = dexp i64 @llvm.exp.f64, i64 %bitcast_ln11_1" [../source/hls.cpp:11->../source/hls.cpp:268]   --->   Operation 199 'dexp' 'em' <Predicate = true> <Delay = 1.95> <CoreInst = "DExp_fulldsp">   --->   Core 42 'DExp_fulldsp' <Latency = 29> <II = 1> <Delay = 1.95> <FuncUnit> <Opcode : 'dexp'> <InPorts = 1> <OutPorts = 1>

State 23 <SV = 22> <Delay = 1.95>
ST_23 : Operation 200 [19/30] (1.95ns)   --->   "%ep = dexp i64 @llvm.exp.f64, i64 %sum" [../source/hls.cpp:10->../source/hls.cpp:268]   --->   Operation 200 'dexp' 'ep' <Predicate = true> <Delay = 1.95> <CoreInst = "DExp_fulldsp">   --->   Core 42 'DExp_fulldsp' <Latency = 29> <II = 1> <Delay = 1.95> <FuncUnit> <Opcode : 'dexp'> <InPorts = 1> <OutPorts = 1>
ST_23 : Operation 201 [19/30] (1.95ns)   --->   "%em = dexp i64 @llvm.exp.f64, i64 %bitcast_ln11_1" [../source/hls.cpp:11->../source/hls.cpp:268]   --->   Operation 201 'dexp' 'em' <Predicate = true> <Delay = 1.95> <CoreInst = "DExp_fulldsp">   --->   Core 42 'DExp_fulldsp' <Latency = 29> <II = 1> <Delay = 1.95> <FuncUnit> <Opcode : 'dexp'> <InPorts = 1> <OutPorts = 1>

State 24 <SV = 23> <Delay = 1.95>
ST_24 : Operation 202 [18/30] (1.95ns)   --->   "%ep = dexp i64 @llvm.exp.f64, i64 %sum" [../source/hls.cpp:10->../source/hls.cpp:268]   --->   Operation 202 'dexp' 'ep' <Predicate = true> <Delay = 1.95> <CoreInst = "DExp_fulldsp">   --->   Core 42 'DExp_fulldsp' <Latency = 29> <II = 1> <Delay = 1.95> <FuncUnit> <Opcode : 'dexp'> <InPorts = 1> <OutPorts = 1>
ST_24 : Operation 203 [18/30] (1.95ns)   --->   "%em = dexp i64 @llvm.exp.f64, i64 %bitcast_ln11_1" [../source/hls.cpp:11->../source/hls.cpp:268]   --->   Operation 203 'dexp' 'em' <Predicate = true> <Delay = 1.95> <CoreInst = "DExp_fulldsp">   --->   Core 42 'DExp_fulldsp' <Latency = 29> <II = 1> <Delay = 1.95> <FuncUnit> <Opcode : 'dexp'> <InPorts = 1> <OutPorts = 1>

State 25 <SV = 24> <Delay = 1.95>
ST_25 : Operation 204 [17/30] (1.95ns)   --->   "%ep = dexp i64 @llvm.exp.f64, i64 %sum" [../source/hls.cpp:10->../source/hls.cpp:268]   --->   Operation 204 'dexp' 'ep' <Predicate = true> <Delay = 1.95> <CoreInst = "DExp_fulldsp">   --->   Core 42 'DExp_fulldsp' <Latency = 29> <II = 1> <Delay = 1.95> <FuncUnit> <Opcode : 'dexp'> <InPorts = 1> <OutPorts = 1>
ST_25 : Operation 205 [17/30] (1.95ns)   --->   "%em = dexp i64 @llvm.exp.f64, i64 %bitcast_ln11_1" [../source/hls.cpp:11->../source/hls.cpp:268]   --->   Operation 205 'dexp' 'em' <Predicate = true> <Delay = 1.95> <CoreInst = "DExp_fulldsp">   --->   Core 42 'DExp_fulldsp' <Latency = 29> <II = 1> <Delay = 1.95> <FuncUnit> <Opcode : 'dexp'> <InPorts = 1> <OutPorts = 1>

State 26 <SV = 25> <Delay = 1.95>
ST_26 : Operation 206 [16/30] (1.95ns)   --->   "%ep = dexp i64 @llvm.exp.f64, i64 %sum" [../source/hls.cpp:10->../source/hls.cpp:268]   --->   Operation 206 'dexp' 'ep' <Predicate = true> <Delay = 1.95> <CoreInst = "DExp_fulldsp">   --->   Core 42 'DExp_fulldsp' <Latency = 29> <II = 1> <Delay = 1.95> <FuncUnit> <Opcode : 'dexp'> <InPorts = 1> <OutPorts = 1>
ST_26 : Operation 207 [16/30] (1.95ns)   --->   "%em = dexp i64 @llvm.exp.f64, i64 %bitcast_ln11_1" [../source/hls.cpp:11->../source/hls.cpp:268]   --->   Operation 207 'dexp' 'em' <Predicate = true> <Delay = 1.95> <CoreInst = "DExp_fulldsp">   --->   Core 42 'DExp_fulldsp' <Latency = 29> <II = 1> <Delay = 1.95> <FuncUnit> <Opcode : 'dexp'> <InPorts = 1> <OutPorts = 1>

State 27 <SV = 26> <Delay = 1.95>
ST_27 : Operation 208 [15/30] (1.95ns)   --->   "%ep = dexp i64 @llvm.exp.f64, i64 %sum" [../source/hls.cpp:10->../source/hls.cpp:268]   --->   Operation 208 'dexp' 'ep' <Predicate = true> <Delay = 1.95> <CoreInst = "DExp_fulldsp">   --->   Core 42 'DExp_fulldsp' <Latency = 29> <II = 1> <Delay = 1.95> <FuncUnit> <Opcode : 'dexp'> <InPorts = 1> <OutPorts = 1>
ST_27 : Operation 209 [15/30] (1.95ns)   --->   "%em = dexp i64 @llvm.exp.f64, i64 %bitcast_ln11_1" [../source/hls.cpp:11->../source/hls.cpp:268]   --->   Operation 209 'dexp' 'em' <Predicate = true> <Delay = 1.95> <CoreInst = "DExp_fulldsp">   --->   Core 42 'DExp_fulldsp' <Latency = 29> <II = 1> <Delay = 1.95> <FuncUnit> <Opcode : 'dexp'> <InPorts = 1> <OutPorts = 1>

State 28 <SV = 27> <Delay = 1.95>
ST_28 : Operation 210 [14/30] (1.95ns)   --->   "%ep = dexp i64 @llvm.exp.f64, i64 %sum" [../source/hls.cpp:10->../source/hls.cpp:268]   --->   Operation 210 'dexp' 'ep' <Predicate = true> <Delay = 1.95> <CoreInst = "DExp_fulldsp">   --->   Core 42 'DExp_fulldsp' <Latency = 29> <II = 1> <Delay = 1.95> <FuncUnit> <Opcode : 'dexp'> <InPorts = 1> <OutPorts = 1>
ST_28 : Operation 211 [14/30] (1.95ns)   --->   "%em = dexp i64 @llvm.exp.f64, i64 %bitcast_ln11_1" [../source/hls.cpp:11->../source/hls.cpp:268]   --->   Operation 211 'dexp' 'em' <Predicate = true> <Delay = 1.95> <CoreInst = "DExp_fulldsp">   --->   Core 42 'DExp_fulldsp' <Latency = 29> <II = 1> <Delay = 1.95> <FuncUnit> <Opcode : 'dexp'> <InPorts = 1> <OutPorts = 1>

State 29 <SV = 28> <Delay = 1.95>
ST_29 : Operation 212 [13/30] (1.95ns)   --->   "%ep = dexp i64 @llvm.exp.f64, i64 %sum" [../source/hls.cpp:10->../source/hls.cpp:268]   --->   Operation 212 'dexp' 'ep' <Predicate = true> <Delay = 1.95> <CoreInst = "DExp_fulldsp">   --->   Core 42 'DExp_fulldsp' <Latency = 29> <II = 1> <Delay = 1.95> <FuncUnit> <Opcode : 'dexp'> <InPorts = 1> <OutPorts = 1>
ST_29 : Operation 213 [13/30] (1.95ns)   --->   "%em = dexp i64 @llvm.exp.f64, i64 %bitcast_ln11_1" [../source/hls.cpp:11->../source/hls.cpp:268]   --->   Operation 213 'dexp' 'em' <Predicate = true> <Delay = 1.95> <CoreInst = "DExp_fulldsp">   --->   Core 42 'DExp_fulldsp' <Latency = 29> <II = 1> <Delay = 1.95> <FuncUnit> <Opcode : 'dexp'> <InPorts = 1> <OutPorts = 1>

State 30 <SV = 29> <Delay = 1.95>
ST_30 : Operation 214 [12/30] (1.95ns)   --->   "%ep = dexp i64 @llvm.exp.f64, i64 %sum" [../source/hls.cpp:10->../source/hls.cpp:268]   --->   Operation 214 'dexp' 'ep' <Predicate = true> <Delay = 1.95> <CoreInst = "DExp_fulldsp">   --->   Core 42 'DExp_fulldsp' <Latency = 29> <II = 1> <Delay = 1.95> <FuncUnit> <Opcode : 'dexp'> <InPorts = 1> <OutPorts = 1>
ST_30 : Operation 215 [12/30] (1.95ns)   --->   "%em = dexp i64 @llvm.exp.f64, i64 %bitcast_ln11_1" [../source/hls.cpp:11->../source/hls.cpp:268]   --->   Operation 215 'dexp' 'em' <Predicate = true> <Delay = 1.95> <CoreInst = "DExp_fulldsp">   --->   Core 42 'DExp_fulldsp' <Latency = 29> <II = 1> <Delay = 1.95> <FuncUnit> <Opcode : 'dexp'> <InPorts = 1> <OutPorts = 1>

State 31 <SV = 30> <Delay = 1.95>
ST_31 : Operation 216 [11/30] (1.95ns)   --->   "%ep = dexp i64 @llvm.exp.f64, i64 %sum" [../source/hls.cpp:10->../source/hls.cpp:268]   --->   Operation 216 'dexp' 'ep' <Predicate = true> <Delay = 1.95> <CoreInst = "DExp_fulldsp">   --->   Core 42 'DExp_fulldsp' <Latency = 29> <II = 1> <Delay = 1.95> <FuncUnit> <Opcode : 'dexp'> <InPorts = 1> <OutPorts = 1>
ST_31 : Operation 217 [11/30] (1.95ns)   --->   "%em = dexp i64 @llvm.exp.f64, i64 %bitcast_ln11_1" [../source/hls.cpp:11->../source/hls.cpp:268]   --->   Operation 217 'dexp' 'em' <Predicate = true> <Delay = 1.95> <CoreInst = "DExp_fulldsp">   --->   Core 42 'DExp_fulldsp' <Latency = 29> <II = 1> <Delay = 1.95> <FuncUnit> <Opcode : 'dexp'> <InPorts = 1> <OutPorts = 1>

State 32 <SV = 31> <Delay = 1.95>
ST_32 : Operation 218 [10/30] (1.95ns)   --->   "%ep = dexp i64 @llvm.exp.f64, i64 %sum" [../source/hls.cpp:10->../source/hls.cpp:268]   --->   Operation 218 'dexp' 'ep' <Predicate = true> <Delay = 1.95> <CoreInst = "DExp_fulldsp">   --->   Core 42 'DExp_fulldsp' <Latency = 29> <II = 1> <Delay = 1.95> <FuncUnit> <Opcode : 'dexp'> <InPorts = 1> <OutPorts = 1>
ST_32 : Operation 219 [10/30] (1.95ns)   --->   "%em = dexp i64 @llvm.exp.f64, i64 %bitcast_ln11_1" [../source/hls.cpp:11->../source/hls.cpp:268]   --->   Operation 219 'dexp' 'em' <Predicate = true> <Delay = 1.95> <CoreInst = "DExp_fulldsp">   --->   Core 42 'DExp_fulldsp' <Latency = 29> <II = 1> <Delay = 1.95> <FuncUnit> <Opcode : 'dexp'> <InPorts = 1> <OutPorts = 1>

State 33 <SV = 32> <Delay = 1.95>
ST_33 : Operation 220 [9/30] (1.95ns)   --->   "%ep = dexp i64 @llvm.exp.f64, i64 %sum" [../source/hls.cpp:10->../source/hls.cpp:268]   --->   Operation 220 'dexp' 'ep' <Predicate = true> <Delay = 1.95> <CoreInst = "DExp_fulldsp">   --->   Core 42 'DExp_fulldsp' <Latency = 29> <II = 1> <Delay = 1.95> <FuncUnit> <Opcode : 'dexp'> <InPorts = 1> <OutPorts = 1>
ST_33 : Operation 221 [9/30] (1.95ns)   --->   "%em = dexp i64 @llvm.exp.f64, i64 %bitcast_ln11_1" [../source/hls.cpp:11->../source/hls.cpp:268]   --->   Operation 221 'dexp' 'em' <Predicate = true> <Delay = 1.95> <CoreInst = "DExp_fulldsp">   --->   Core 42 'DExp_fulldsp' <Latency = 29> <II = 1> <Delay = 1.95> <FuncUnit> <Opcode : 'dexp'> <InPorts = 1> <OutPorts = 1>

State 34 <SV = 33> <Delay = 1.95>
ST_34 : Operation 222 [8/30] (1.95ns)   --->   "%ep = dexp i64 @llvm.exp.f64, i64 %sum" [../source/hls.cpp:10->../source/hls.cpp:268]   --->   Operation 222 'dexp' 'ep' <Predicate = true> <Delay = 1.95> <CoreInst = "DExp_fulldsp">   --->   Core 42 'DExp_fulldsp' <Latency = 29> <II = 1> <Delay = 1.95> <FuncUnit> <Opcode : 'dexp'> <InPorts = 1> <OutPorts = 1>
ST_34 : Operation 223 [8/30] (1.95ns)   --->   "%em = dexp i64 @llvm.exp.f64, i64 %bitcast_ln11_1" [../source/hls.cpp:11->../source/hls.cpp:268]   --->   Operation 223 'dexp' 'em' <Predicate = true> <Delay = 1.95> <CoreInst = "DExp_fulldsp">   --->   Core 42 'DExp_fulldsp' <Latency = 29> <II = 1> <Delay = 1.95> <FuncUnit> <Opcode : 'dexp'> <InPorts = 1> <OutPorts = 1>

State 35 <SV = 34> <Delay = 1.95>
ST_35 : Operation 224 [7/30] (1.95ns)   --->   "%ep = dexp i64 @llvm.exp.f64, i64 %sum" [../source/hls.cpp:10->../source/hls.cpp:268]   --->   Operation 224 'dexp' 'ep' <Predicate = true> <Delay = 1.95> <CoreInst = "DExp_fulldsp">   --->   Core 42 'DExp_fulldsp' <Latency = 29> <II = 1> <Delay = 1.95> <FuncUnit> <Opcode : 'dexp'> <InPorts = 1> <OutPorts = 1>
ST_35 : Operation 225 [7/30] (1.95ns)   --->   "%em = dexp i64 @llvm.exp.f64, i64 %bitcast_ln11_1" [../source/hls.cpp:11->../source/hls.cpp:268]   --->   Operation 225 'dexp' 'em' <Predicate = true> <Delay = 1.95> <CoreInst = "DExp_fulldsp">   --->   Core 42 'DExp_fulldsp' <Latency = 29> <II = 1> <Delay = 1.95> <FuncUnit> <Opcode : 'dexp'> <InPorts = 1> <OutPorts = 1>

State 36 <SV = 35> <Delay = 1.95>
ST_36 : Operation 226 [6/30] (1.95ns)   --->   "%ep = dexp i64 @llvm.exp.f64, i64 %sum" [../source/hls.cpp:10->../source/hls.cpp:268]   --->   Operation 226 'dexp' 'ep' <Predicate = true> <Delay = 1.95> <CoreInst = "DExp_fulldsp">   --->   Core 42 'DExp_fulldsp' <Latency = 29> <II = 1> <Delay = 1.95> <FuncUnit> <Opcode : 'dexp'> <InPorts = 1> <OutPorts = 1>
ST_36 : Operation 227 [6/30] (1.95ns)   --->   "%em = dexp i64 @llvm.exp.f64, i64 %bitcast_ln11_1" [../source/hls.cpp:11->../source/hls.cpp:268]   --->   Operation 227 'dexp' 'em' <Predicate = true> <Delay = 1.95> <CoreInst = "DExp_fulldsp">   --->   Core 42 'DExp_fulldsp' <Latency = 29> <II = 1> <Delay = 1.95> <FuncUnit> <Opcode : 'dexp'> <InPorts = 1> <OutPorts = 1>

State 37 <SV = 36> <Delay = 1.95>
ST_37 : Operation 228 [5/30] (1.95ns)   --->   "%ep = dexp i64 @llvm.exp.f64, i64 %sum" [../source/hls.cpp:10->../source/hls.cpp:268]   --->   Operation 228 'dexp' 'ep' <Predicate = true> <Delay = 1.95> <CoreInst = "DExp_fulldsp">   --->   Core 42 'DExp_fulldsp' <Latency = 29> <II = 1> <Delay = 1.95> <FuncUnit> <Opcode : 'dexp'> <InPorts = 1> <OutPorts = 1>
ST_37 : Operation 229 [5/30] (1.95ns)   --->   "%em = dexp i64 @llvm.exp.f64, i64 %bitcast_ln11_1" [../source/hls.cpp:11->../source/hls.cpp:268]   --->   Operation 229 'dexp' 'em' <Predicate = true> <Delay = 1.95> <CoreInst = "DExp_fulldsp">   --->   Core 42 'DExp_fulldsp' <Latency = 29> <II = 1> <Delay = 1.95> <FuncUnit> <Opcode : 'dexp'> <InPorts = 1> <OutPorts = 1>

State 38 <SV = 37> <Delay = 1.95>
ST_38 : Operation 230 [4/30] (1.95ns)   --->   "%ep = dexp i64 @llvm.exp.f64, i64 %sum" [../source/hls.cpp:10->../source/hls.cpp:268]   --->   Operation 230 'dexp' 'ep' <Predicate = true> <Delay = 1.95> <CoreInst = "DExp_fulldsp">   --->   Core 42 'DExp_fulldsp' <Latency = 29> <II = 1> <Delay = 1.95> <FuncUnit> <Opcode : 'dexp'> <InPorts = 1> <OutPorts = 1>
ST_38 : Operation 231 [4/30] (1.95ns)   --->   "%em = dexp i64 @llvm.exp.f64, i64 %bitcast_ln11_1" [../source/hls.cpp:11->../source/hls.cpp:268]   --->   Operation 231 'dexp' 'em' <Predicate = true> <Delay = 1.95> <CoreInst = "DExp_fulldsp">   --->   Core 42 'DExp_fulldsp' <Latency = 29> <II = 1> <Delay = 1.95> <FuncUnit> <Opcode : 'dexp'> <InPorts = 1> <OutPorts = 1>

State 39 <SV = 38> <Delay = 1.95>
ST_39 : Operation 232 [3/30] (1.95ns)   --->   "%ep = dexp i64 @llvm.exp.f64, i64 %sum" [../source/hls.cpp:10->../source/hls.cpp:268]   --->   Operation 232 'dexp' 'ep' <Predicate = true> <Delay = 1.95> <CoreInst = "DExp_fulldsp">   --->   Core 42 'DExp_fulldsp' <Latency = 29> <II = 1> <Delay = 1.95> <FuncUnit> <Opcode : 'dexp'> <InPorts = 1> <OutPorts = 1>
ST_39 : Operation 233 [3/30] (1.95ns)   --->   "%em = dexp i64 @llvm.exp.f64, i64 %bitcast_ln11_1" [../source/hls.cpp:11->../source/hls.cpp:268]   --->   Operation 233 'dexp' 'em' <Predicate = true> <Delay = 1.95> <CoreInst = "DExp_fulldsp">   --->   Core 42 'DExp_fulldsp' <Latency = 29> <II = 1> <Delay = 1.95> <FuncUnit> <Opcode : 'dexp'> <InPorts = 1> <OutPorts = 1>

State 40 <SV = 39> <Delay = 1.95>
ST_40 : Operation 234 [2/30] (1.95ns)   --->   "%ep = dexp i64 @llvm.exp.f64, i64 %sum" [../source/hls.cpp:10->../source/hls.cpp:268]   --->   Operation 234 'dexp' 'ep' <Predicate = true> <Delay = 1.95> <CoreInst = "DExp_fulldsp">   --->   Core 42 'DExp_fulldsp' <Latency = 29> <II = 1> <Delay = 1.95> <FuncUnit> <Opcode : 'dexp'> <InPorts = 1> <OutPorts = 1>
ST_40 : Operation 235 [2/30] (1.95ns)   --->   "%em = dexp i64 @llvm.exp.f64, i64 %bitcast_ln11_1" [../source/hls.cpp:11->../source/hls.cpp:268]   --->   Operation 235 'dexp' 'em' <Predicate = true> <Delay = 1.95> <CoreInst = "DExp_fulldsp">   --->   Core 42 'DExp_fulldsp' <Latency = 29> <II = 1> <Delay = 1.95> <FuncUnit> <Opcode : 'dexp'> <InPorts = 1> <OutPorts = 1>

State 41 <SV = 40> <Delay = 1.95>
ST_41 : Operation 236 [1/30] (1.95ns)   --->   "%ep = dexp i64 @llvm.exp.f64, i64 %sum" [../source/hls.cpp:10->../source/hls.cpp:268]   --->   Operation 236 'dexp' 'ep' <Predicate = true> <Delay = 1.95> <CoreInst = "DExp_fulldsp">   --->   Core 42 'DExp_fulldsp' <Latency = 29> <II = 1> <Delay = 1.95> <FuncUnit> <Opcode : 'dexp'> <InPorts = 1> <OutPorts = 1>
ST_41 : Operation 237 [1/30] (1.95ns)   --->   "%em = dexp i64 @llvm.exp.f64, i64 %bitcast_ln11_1" [../source/hls.cpp:11->../source/hls.cpp:268]   --->   Operation 237 'dexp' 'em' <Predicate = true> <Delay = 1.95> <CoreInst = "DExp_fulldsp">   --->   Core 42 'DExp_fulldsp' <Latency = 29> <II = 1> <Delay = 1.95> <FuncUnit> <Opcode : 'dexp'> <InPorts = 1> <OutPorts = 1>

State 42 <SV = 41> <Delay = 1.90>
ST_42 : Operation 238 [8/8] (1.90ns)   --->   "%sub1_i = dsub i64 %ep, i64 %em" [../source/hls.cpp:12->../source/hls.cpp:268]   --->   Operation 238 'dsub' 'sub1_i' <Predicate = true> <Delay = 1.90> <CoreInst = "DAddSub_fulldsp">   --->   Core 37 'DAddSub_fulldsp' <Latency = 7> <II = 1> <Delay = 1.90> <FuncUnit> <Opcode : 'dadd' 'dsub'> <InPorts = 2> <OutPorts = 1>
ST_42 : Operation 239 [8/8] (1.90ns)   --->   "%add_i = dadd i64 %ep, i64 %em" [../source/hls.cpp:12->../source/hls.cpp:268]   --->   Operation 239 'dadd' 'add_i' <Predicate = true> <Delay = 1.90> <CoreInst = "DAddSub_fulldsp">   --->   Core 37 'DAddSub_fulldsp' <Latency = 7> <II = 1> <Delay = 1.90> <FuncUnit> <Opcode : 'dadd' 'dsub'> <InPorts = 2> <OutPorts = 1>

State 43 <SV = 42> <Delay = 1.90>
ST_43 : Operation 240 [7/8] (1.90ns)   --->   "%sub1_i = dsub i64 %ep, i64 %em" [../source/hls.cpp:12->../source/hls.cpp:268]   --->   Operation 240 'dsub' 'sub1_i' <Predicate = true> <Delay = 1.90> <CoreInst = "DAddSub_fulldsp">   --->   Core 37 'DAddSub_fulldsp' <Latency = 7> <II = 1> <Delay = 1.90> <FuncUnit> <Opcode : 'dadd' 'dsub'> <InPorts = 2> <OutPorts = 1>
ST_43 : Operation 241 [7/8] (1.90ns)   --->   "%add_i = dadd i64 %ep, i64 %em" [../source/hls.cpp:12->../source/hls.cpp:268]   --->   Operation 241 'dadd' 'add_i' <Predicate = true> <Delay = 1.90> <CoreInst = "DAddSub_fulldsp">   --->   Core 37 'DAddSub_fulldsp' <Latency = 7> <II = 1> <Delay = 1.90> <FuncUnit> <Opcode : 'dadd' 'dsub'> <InPorts = 2> <OutPorts = 1>

State 44 <SV = 43> <Delay = 1.90>
ST_44 : Operation 242 [6/8] (1.90ns)   --->   "%sub1_i = dsub i64 %ep, i64 %em" [../source/hls.cpp:12->../source/hls.cpp:268]   --->   Operation 242 'dsub' 'sub1_i' <Predicate = true> <Delay = 1.90> <CoreInst = "DAddSub_fulldsp">   --->   Core 37 'DAddSub_fulldsp' <Latency = 7> <II = 1> <Delay = 1.90> <FuncUnit> <Opcode : 'dadd' 'dsub'> <InPorts = 2> <OutPorts = 1>
ST_44 : Operation 243 [6/8] (1.90ns)   --->   "%add_i = dadd i64 %ep, i64 %em" [../source/hls.cpp:12->../source/hls.cpp:268]   --->   Operation 243 'dadd' 'add_i' <Predicate = true> <Delay = 1.90> <CoreInst = "DAddSub_fulldsp">   --->   Core 37 'DAddSub_fulldsp' <Latency = 7> <II = 1> <Delay = 1.90> <FuncUnit> <Opcode : 'dadd' 'dsub'> <InPorts = 2> <OutPorts = 1>

State 45 <SV = 44> <Delay = 1.90>
ST_45 : Operation 244 [5/8] (1.90ns)   --->   "%sub1_i = dsub i64 %ep, i64 %em" [../source/hls.cpp:12->../source/hls.cpp:268]   --->   Operation 244 'dsub' 'sub1_i' <Predicate = true> <Delay = 1.90> <CoreInst = "DAddSub_fulldsp">   --->   Core 37 'DAddSub_fulldsp' <Latency = 7> <II = 1> <Delay = 1.90> <FuncUnit> <Opcode : 'dadd' 'dsub'> <InPorts = 2> <OutPorts = 1>
ST_45 : Operation 245 [5/8] (1.90ns)   --->   "%add_i = dadd i64 %ep, i64 %em" [../source/hls.cpp:12->../source/hls.cpp:268]   --->   Operation 245 'dadd' 'add_i' <Predicate = true> <Delay = 1.90> <CoreInst = "DAddSub_fulldsp">   --->   Core 37 'DAddSub_fulldsp' <Latency = 7> <II = 1> <Delay = 1.90> <FuncUnit> <Opcode : 'dadd' 'dsub'> <InPorts = 2> <OutPorts = 1>

State 46 <SV = 45> <Delay = 1.90>
ST_46 : Operation 246 [4/8] (1.90ns)   --->   "%sub1_i = dsub i64 %ep, i64 %em" [../source/hls.cpp:12->../source/hls.cpp:268]   --->   Operation 246 'dsub' 'sub1_i' <Predicate = true> <Delay = 1.90> <CoreInst = "DAddSub_fulldsp">   --->   Core 37 'DAddSub_fulldsp' <Latency = 7> <II = 1> <Delay = 1.90> <FuncUnit> <Opcode : 'dadd' 'dsub'> <InPorts = 2> <OutPorts = 1>
ST_46 : Operation 247 [4/8] (1.90ns)   --->   "%add_i = dadd i64 %ep, i64 %em" [../source/hls.cpp:12->../source/hls.cpp:268]   --->   Operation 247 'dadd' 'add_i' <Predicate = true> <Delay = 1.90> <CoreInst = "DAddSub_fulldsp">   --->   Core 37 'DAddSub_fulldsp' <Latency = 7> <II = 1> <Delay = 1.90> <FuncUnit> <Opcode : 'dadd' 'dsub'> <InPorts = 2> <OutPorts = 1>

State 47 <SV = 46> <Delay = 1.90>
ST_47 : Operation 248 [3/8] (1.90ns)   --->   "%sub1_i = dsub i64 %ep, i64 %em" [../source/hls.cpp:12->../source/hls.cpp:268]   --->   Operation 248 'dsub' 'sub1_i' <Predicate = true> <Delay = 1.90> <CoreInst = "DAddSub_fulldsp">   --->   Core 37 'DAddSub_fulldsp' <Latency = 7> <II = 1> <Delay = 1.90> <FuncUnit> <Opcode : 'dadd' 'dsub'> <InPorts = 2> <OutPorts = 1>
ST_47 : Operation 249 [3/8] (1.90ns)   --->   "%add_i = dadd i64 %ep, i64 %em" [../source/hls.cpp:12->../source/hls.cpp:268]   --->   Operation 249 'dadd' 'add_i' <Predicate = true> <Delay = 1.90> <CoreInst = "DAddSub_fulldsp">   --->   Core 37 'DAddSub_fulldsp' <Latency = 7> <II = 1> <Delay = 1.90> <FuncUnit> <Opcode : 'dadd' 'dsub'> <InPorts = 2> <OutPorts = 1>

State 48 <SV = 47> <Delay = 1.90>
ST_48 : Operation 250 [2/8] (1.90ns)   --->   "%sub1_i = dsub i64 %ep, i64 %em" [../source/hls.cpp:12->../source/hls.cpp:268]   --->   Operation 250 'dsub' 'sub1_i' <Predicate = true> <Delay = 1.90> <CoreInst = "DAddSub_fulldsp">   --->   Core 37 'DAddSub_fulldsp' <Latency = 7> <II = 1> <Delay = 1.90> <FuncUnit> <Opcode : 'dadd' 'dsub'> <InPorts = 2> <OutPorts = 1>
ST_48 : Operation 251 [2/8] (1.90ns)   --->   "%add_i = dadd i64 %ep, i64 %em" [../source/hls.cpp:12->../source/hls.cpp:268]   --->   Operation 251 'dadd' 'add_i' <Predicate = true> <Delay = 1.90> <CoreInst = "DAddSub_fulldsp">   --->   Core 37 'DAddSub_fulldsp' <Latency = 7> <II = 1> <Delay = 1.90> <FuncUnit> <Opcode : 'dadd' 'dsub'> <InPorts = 2> <OutPorts = 1>

State 49 <SV = 48> <Delay = 1.90>
ST_49 : Operation 252 [1/8] (1.90ns)   --->   "%sub1_i = dsub i64 %ep, i64 %em" [../source/hls.cpp:12->../source/hls.cpp:268]   --->   Operation 252 'dsub' 'sub1_i' <Predicate = true> <Delay = 1.90> <CoreInst = "DAddSub_fulldsp">   --->   Core 37 'DAddSub_fulldsp' <Latency = 7> <II = 1> <Delay = 1.90> <FuncUnit> <Opcode : 'dadd' 'dsub'> <InPorts = 2> <OutPorts = 1>
ST_49 : Operation 253 [1/8] (1.90ns)   --->   "%add_i = dadd i64 %ep, i64 %em" [../source/hls.cpp:12->../source/hls.cpp:268]   --->   Operation 253 'dadd' 'add_i' <Predicate = true> <Delay = 1.90> <CoreInst = "DAddSub_fulldsp">   --->   Core 37 'DAddSub_fulldsp' <Latency = 7> <II = 1> <Delay = 1.90> <FuncUnit> <Opcode : 'dadd' 'dsub'> <InPorts = 2> <OutPorts = 1>

State 50 <SV = 49> <Delay = 2.35>
ST_50 : Operation 254 [31/31] (2.35ns)   --->   "%div_i = ddiv i64 %sub1_i, i64 %add_i" [../source/hls.cpp:12->../source/hls.cpp:268]   --->   Operation 254 'ddiv' 'div_i' <Predicate = true> <Delay = 2.35> <CoreInst = "DDiv">   --->   Core 39 'DDiv' <Latency = 30> <II = 1> <Delay = 2.35> <FuncUnit> <Opcode : 'ddiv' 'drem'> <InPorts = 2> <OutPorts = 1>

State 51 <SV = 50> <Delay = 2.35>
ST_51 : Operation 255 [30/31] (2.35ns)   --->   "%div_i = ddiv i64 %sub1_i, i64 %add_i" [../source/hls.cpp:12->../source/hls.cpp:268]   --->   Operation 255 'ddiv' 'div_i' <Predicate = true> <Delay = 2.35> <CoreInst = "DDiv">   --->   Core 39 'DDiv' <Latency = 30> <II = 1> <Delay = 2.35> <FuncUnit> <Opcode : 'ddiv' 'drem'> <InPorts = 2> <OutPorts = 1>

State 52 <SV = 51> <Delay = 2.35>
ST_52 : Operation 256 [29/31] (2.35ns)   --->   "%div_i = ddiv i64 %sub1_i, i64 %add_i" [../source/hls.cpp:12->../source/hls.cpp:268]   --->   Operation 256 'ddiv' 'div_i' <Predicate = true> <Delay = 2.35> <CoreInst = "DDiv">   --->   Core 39 'DDiv' <Latency = 30> <II = 1> <Delay = 2.35> <FuncUnit> <Opcode : 'ddiv' 'drem'> <InPorts = 2> <OutPorts = 1>

State 53 <SV = 52> <Delay = 2.35>
ST_53 : Operation 257 [28/31] (2.35ns)   --->   "%div_i = ddiv i64 %sub1_i, i64 %add_i" [../source/hls.cpp:12->../source/hls.cpp:268]   --->   Operation 257 'ddiv' 'div_i' <Predicate = true> <Delay = 2.35> <CoreInst = "DDiv">   --->   Core 39 'DDiv' <Latency = 30> <II = 1> <Delay = 2.35> <FuncUnit> <Opcode : 'ddiv' 'drem'> <InPorts = 2> <OutPorts = 1>

State 54 <SV = 53> <Delay = 2.35>
ST_54 : Operation 258 [27/31] (2.35ns)   --->   "%div_i = ddiv i64 %sub1_i, i64 %add_i" [../source/hls.cpp:12->../source/hls.cpp:268]   --->   Operation 258 'ddiv' 'div_i' <Predicate = true> <Delay = 2.35> <CoreInst = "DDiv">   --->   Core 39 'DDiv' <Latency = 30> <II = 1> <Delay = 2.35> <FuncUnit> <Opcode : 'ddiv' 'drem'> <InPorts = 2> <OutPorts = 1>

State 55 <SV = 54> <Delay = 2.35>
ST_55 : Operation 259 [26/31] (2.35ns)   --->   "%div_i = ddiv i64 %sub1_i, i64 %add_i" [../source/hls.cpp:12->../source/hls.cpp:268]   --->   Operation 259 'ddiv' 'div_i' <Predicate = true> <Delay = 2.35> <CoreInst = "DDiv">   --->   Core 39 'DDiv' <Latency = 30> <II = 1> <Delay = 2.35> <FuncUnit> <Opcode : 'ddiv' 'drem'> <InPorts = 2> <OutPorts = 1>

State 56 <SV = 55> <Delay = 2.35>
ST_56 : Operation 260 [25/31] (2.35ns)   --->   "%div_i = ddiv i64 %sub1_i, i64 %add_i" [../source/hls.cpp:12->../source/hls.cpp:268]   --->   Operation 260 'ddiv' 'div_i' <Predicate = true> <Delay = 2.35> <CoreInst = "DDiv">   --->   Core 39 'DDiv' <Latency = 30> <II = 1> <Delay = 2.35> <FuncUnit> <Opcode : 'ddiv' 'drem'> <InPorts = 2> <OutPorts = 1>

State 57 <SV = 56> <Delay = 2.35>
ST_57 : Operation 261 [24/31] (2.35ns)   --->   "%div_i = ddiv i64 %sub1_i, i64 %add_i" [../source/hls.cpp:12->../source/hls.cpp:268]   --->   Operation 261 'ddiv' 'div_i' <Predicate = true> <Delay = 2.35> <CoreInst = "DDiv">   --->   Core 39 'DDiv' <Latency = 30> <II = 1> <Delay = 2.35> <FuncUnit> <Opcode : 'ddiv' 'drem'> <InPorts = 2> <OutPorts = 1>

State 58 <SV = 57> <Delay = 2.35>
ST_58 : Operation 262 [23/31] (2.35ns)   --->   "%div_i = ddiv i64 %sub1_i, i64 %add_i" [../source/hls.cpp:12->../source/hls.cpp:268]   --->   Operation 262 'ddiv' 'div_i' <Predicate = true> <Delay = 2.35> <CoreInst = "DDiv">   --->   Core 39 'DDiv' <Latency = 30> <II = 1> <Delay = 2.35> <FuncUnit> <Opcode : 'ddiv' 'drem'> <InPorts = 2> <OutPorts = 1>

State 59 <SV = 58> <Delay = 2.35>
ST_59 : Operation 263 [22/31] (2.35ns)   --->   "%div_i = ddiv i64 %sub1_i, i64 %add_i" [../source/hls.cpp:12->../source/hls.cpp:268]   --->   Operation 263 'ddiv' 'div_i' <Predicate = true> <Delay = 2.35> <CoreInst = "DDiv">   --->   Core 39 'DDiv' <Latency = 30> <II = 1> <Delay = 2.35> <FuncUnit> <Opcode : 'ddiv' 'drem'> <InPorts = 2> <OutPorts = 1>

State 60 <SV = 59> <Delay = 2.35>
ST_60 : Operation 264 [21/31] (2.35ns)   --->   "%div_i = ddiv i64 %sub1_i, i64 %add_i" [../source/hls.cpp:12->../source/hls.cpp:268]   --->   Operation 264 'ddiv' 'div_i' <Predicate = true> <Delay = 2.35> <CoreInst = "DDiv">   --->   Core 39 'DDiv' <Latency = 30> <II = 1> <Delay = 2.35> <FuncUnit> <Opcode : 'ddiv' 'drem'> <InPorts = 2> <OutPorts = 1>

State 61 <SV = 60> <Delay = 2.35>
ST_61 : Operation 265 [20/31] (2.35ns)   --->   "%div_i = ddiv i64 %sub1_i, i64 %add_i" [../source/hls.cpp:12->../source/hls.cpp:268]   --->   Operation 265 'ddiv' 'div_i' <Predicate = true> <Delay = 2.35> <CoreInst = "DDiv">   --->   Core 39 'DDiv' <Latency = 30> <II = 1> <Delay = 2.35> <FuncUnit> <Opcode : 'ddiv' 'drem'> <InPorts = 2> <OutPorts = 1>

State 62 <SV = 61> <Delay = 2.35>
ST_62 : Operation 266 [19/31] (2.35ns)   --->   "%div_i = ddiv i64 %sub1_i, i64 %add_i" [../source/hls.cpp:12->../source/hls.cpp:268]   --->   Operation 266 'ddiv' 'div_i' <Predicate = true> <Delay = 2.35> <CoreInst = "DDiv">   --->   Core 39 'DDiv' <Latency = 30> <II = 1> <Delay = 2.35> <FuncUnit> <Opcode : 'ddiv' 'drem'> <InPorts = 2> <OutPorts = 1>

State 63 <SV = 62> <Delay = 2.35>
ST_63 : Operation 267 [18/31] (2.35ns)   --->   "%div_i = ddiv i64 %sub1_i, i64 %add_i" [../source/hls.cpp:12->../source/hls.cpp:268]   --->   Operation 267 'ddiv' 'div_i' <Predicate = true> <Delay = 2.35> <CoreInst = "DDiv">   --->   Core 39 'DDiv' <Latency = 30> <II = 1> <Delay = 2.35> <FuncUnit> <Opcode : 'ddiv' 'drem'> <InPorts = 2> <OutPorts = 1>

State 64 <SV = 63> <Delay = 2.35>
ST_64 : Operation 268 [17/31] (2.35ns)   --->   "%div_i = ddiv i64 %sub1_i, i64 %add_i" [../source/hls.cpp:12->../source/hls.cpp:268]   --->   Operation 268 'ddiv' 'div_i' <Predicate = true> <Delay = 2.35> <CoreInst = "DDiv">   --->   Core 39 'DDiv' <Latency = 30> <II = 1> <Delay = 2.35> <FuncUnit> <Opcode : 'ddiv' 'drem'> <InPorts = 2> <OutPorts = 1>

State 65 <SV = 64> <Delay = 2.35>
ST_65 : Operation 269 [16/31] (2.35ns)   --->   "%div_i = ddiv i64 %sub1_i, i64 %add_i" [../source/hls.cpp:12->../source/hls.cpp:268]   --->   Operation 269 'ddiv' 'div_i' <Predicate = true> <Delay = 2.35> <CoreInst = "DDiv">   --->   Core 39 'DDiv' <Latency = 30> <II = 1> <Delay = 2.35> <FuncUnit> <Opcode : 'ddiv' 'drem'> <InPorts = 2> <OutPorts = 1>

State 66 <SV = 65> <Delay = 2.35>
ST_66 : Operation 270 [15/31] (2.35ns)   --->   "%div_i = ddiv i64 %sub1_i, i64 %add_i" [../source/hls.cpp:12->../source/hls.cpp:268]   --->   Operation 270 'ddiv' 'div_i' <Predicate = true> <Delay = 2.35> <CoreInst = "DDiv">   --->   Core 39 'DDiv' <Latency = 30> <II = 1> <Delay = 2.35> <FuncUnit> <Opcode : 'ddiv' 'drem'> <InPorts = 2> <OutPorts = 1>

State 67 <SV = 66> <Delay = 2.35>
ST_67 : Operation 271 [14/31] (2.35ns)   --->   "%div_i = ddiv i64 %sub1_i, i64 %add_i" [../source/hls.cpp:12->../source/hls.cpp:268]   --->   Operation 271 'ddiv' 'div_i' <Predicate = true> <Delay = 2.35> <CoreInst = "DDiv">   --->   Core 39 'DDiv' <Latency = 30> <II = 1> <Delay = 2.35> <FuncUnit> <Opcode : 'ddiv' 'drem'> <InPorts = 2> <OutPorts = 1>

State 68 <SV = 67> <Delay = 2.35>
ST_68 : Operation 272 [13/31] (2.35ns)   --->   "%div_i = ddiv i64 %sub1_i, i64 %add_i" [../source/hls.cpp:12->../source/hls.cpp:268]   --->   Operation 272 'ddiv' 'div_i' <Predicate = true> <Delay = 2.35> <CoreInst = "DDiv">   --->   Core 39 'DDiv' <Latency = 30> <II = 1> <Delay = 2.35> <FuncUnit> <Opcode : 'ddiv' 'drem'> <InPorts = 2> <OutPorts = 1>

State 69 <SV = 68> <Delay = 2.35>
ST_69 : Operation 273 [12/31] (2.35ns)   --->   "%div_i = ddiv i64 %sub1_i, i64 %add_i" [../source/hls.cpp:12->../source/hls.cpp:268]   --->   Operation 273 'ddiv' 'div_i' <Predicate = true> <Delay = 2.35> <CoreInst = "DDiv">   --->   Core 39 'DDiv' <Latency = 30> <II = 1> <Delay = 2.35> <FuncUnit> <Opcode : 'ddiv' 'drem'> <InPorts = 2> <OutPorts = 1>

State 70 <SV = 69> <Delay = 2.35>
ST_70 : Operation 274 [11/31] (2.35ns)   --->   "%div_i = ddiv i64 %sub1_i, i64 %add_i" [../source/hls.cpp:12->../source/hls.cpp:268]   --->   Operation 274 'ddiv' 'div_i' <Predicate = true> <Delay = 2.35> <CoreInst = "DDiv">   --->   Core 39 'DDiv' <Latency = 30> <II = 1> <Delay = 2.35> <FuncUnit> <Opcode : 'ddiv' 'drem'> <InPorts = 2> <OutPorts = 1>

State 71 <SV = 70> <Delay = 2.35>
ST_71 : Operation 275 [10/31] (2.35ns)   --->   "%div_i = ddiv i64 %sub1_i, i64 %add_i" [../source/hls.cpp:12->../source/hls.cpp:268]   --->   Operation 275 'ddiv' 'div_i' <Predicate = true> <Delay = 2.35> <CoreInst = "DDiv">   --->   Core 39 'DDiv' <Latency = 30> <II = 1> <Delay = 2.35> <FuncUnit> <Opcode : 'ddiv' 'drem'> <InPorts = 2> <OutPorts = 1>

State 72 <SV = 71> <Delay = 2.35>
ST_72 : Operation 276 [9/31] (2.35ns)   --->   "%div_i = ddiv i64 %sub1_i, i64 %add_i" [../source/hls.cpp:12->../source/hls.cpp:268]   --->   Operation 276 'ddiv' 'div_i' <Predicate = true> <Delay = 2.35> <CoreInst = "DDiv">   --->   Core 39 'DDiv' <Latency = 30> <II = 1> <Delay = 2.35> <FuncUnit> <Opcode : 'ddiv' 'drem'> <InPorts = 2> <OutPorts = 1>

State 73 <SV = 72> <Delay = 2.35>
ST_73 : Operation 277 [8/31] (2.35ns)   --->   "%div_i = ddiv i64 %sub1_i, i64 %add_i" [../source/hls.cpp:12->../source/hls.cpp:268]   --->   Operation 277 'ddiv' 'div_i' <Predicate = true> <Delay = 2.35> <CoreInst = "DDiv">   --->   Core 39 'DDiv' <Latency = 30> <II = 1> <Delay = 2.35> <FuncUnit> <Opcode : 'ddiv' 'drem'> <InPorts = 2> <OutPorts = 1>

State 74 <SV = 73> <Delay = 2.35>
ST_74 : Operation 278 [7/31] (2.35ns)   --->   "%div_i = ddiv i64 %sub1_i, i64 %add_i" [../source/hls.cpp:12->../source/hls.cpp:268]   --->   Operation 278 'ddiv' 'div_i' <Predicate = true> <Delay = 2.35> <CoreInst = "DDiv">   --->   Core 39 'DDiv' <Latency = 30> <II = 1> <Delay = 2.35> <FuncUnit> <Opcode : 'ddiv' 'drem'> <InPorts = 2> <OutPorts = 1>

State 75 <SV = 74> <Delay = 2.35>
ST_75 : Operation 279 [6/31] (2.35ns)   --->   "%div_i = ddiv i64 %sub1_i, i64 %add_i" [../source/hls.cpp:12->../source/hls.cpp:268]   --->   Operation 279 'ddiv' 'div_i' <Predicate = true> <Delay = 2.35> <CoreInst = "DDiv">   --->   Core 39 'DDiv' <Latency = 30> <II = 1> <Delay = 2.35> <FuncUnit> <Opcode : 'ddiv' 'drem'> <InPorts = 2> <OutPorts = 1>

State 76 <SV = 75> <Delay = 2.35>
ST_76 : Operation 280 [5/31] (2.35ns)   --->   "%div_i = ddiv i64 %sub1_i, i64 %add_i" [../source/hls.cpp:12->../source/hls.cpp:268]   --->   Operation 280 'ddiv' 'div_i' <Predicate = true> <Delay = 2.35> <CoreInst = "DDiv">   --->   Core 39 'DDiv' <Latency = 30> <II = 1> <Delay = 2.35> <FuncUnit> <Opcode : 'ddiv' 'drem'> <InPorts = 2> <OutPorts = 1>

State 77 <SV = 76> <Delay = 2.35>
ST_77 : Operation 281 [4/31] (2.35ns)   --->   "%div_i = ddiv i64 %sub1_i, i64 %add_i" [../source/hls.cpp:12->../source/hls.cpp:268]   --->   Operation 281 'ddiv' 'div_i' <Predicate = true> <Delay = 2.35> <CoreInst = "DDiv">   --->   Core 39 'DDiv' <Latency = 30> <II = 1> <Delay = 2.35> <FuncUnit> <Opcode : 'ddiv' 'drem'> <InPorts = 2> <OutPorts = 1>

State 78 <SV = 77> <Delay = 2.35>
ST_78 : Operation 282 [3/31] (2.35ns)   --->   "%div_i = ddiv i64 %sub1_i, i64 %add_i" [../source/hls.cpp:12->../source/hls.cpp:268]   --->   Operation 282 'ddiv' 'div_i' <Predicate = true> <Delay = 2.35> <CoreInst = "DDiv">   --->   Core 39 'DDiv' <Latency = 30> <II = 1> <Delay = 2.35> <FuncUnit> <Opcode : 'ddiv' 'drem'> <InPorts = 2> <OutPorts = 1>

State 79 <SV = 78> <Delay = 2.35>
ST_79 : Operation 283 [2/31] (2.35ns)   --->   "%div_i = ddiv i64 %sub1_i, i64 %add_i" [../source/hls.cpp:12->../source/hls.cpp:268]   --->   Operation 283 'ddiv' 'div_i' <Predicate = true> <Delay = 2.35> <CoreInst = "DDiv">   --->   Core 39 'DDiv' <Latency = 30> <II = 1> <Delay = 2.35> <FuncUnit> <Opcode : 'ddiv' 'drem'> <InPorts = 2> <OutPorts = 1>

State 80 <SV = 79> <Delay = 2.35>
ST_80 : Operation 284 [1/31] (2.35ns)   --->   "%div_i = ddiv i64 %sub1_i, i64 %add_i" [../source/hls.cpp:12->../source/hls.cpp:268]   --->   Operation 284 'ddiv' 'div_i' <Predicate = true> <Delay = 2.35> <CoreInst = "DDiv">   --->   Core 39 'DDiv' <Latency = 30> <II = 1> <Delay = 2.35> <FuncUnit> <Opcode : 'ddiv' 'drem'> <InPorts = 2> <OutPorts = 1>

State 81 <SV = 80> <Delay = 0.96>
ST_81 : Operation 285 [1/1] (0.00ns)   --->   "%shl_ln268 = shl i17 %i_1, i17 10" [../source/hls.cpp:268]   --->   Operation 285 'shl' 'shl_ln268' <Predicate = true> <Delay = 0.00>
ST_81 : Operation 286 [1/1] (0.00ns)   --->   "%zext_ln268 = zext i17 %shl_ln268" [../source/hls.cpp:268]   --->   Operation 286 'zext' 'zext_ln268' <Predicate = true> <Delay = 0.00>
ST_81 : Operation 287 [1/1] (0.00ns)   --->   "%output_layer2_data_addr = getelementptr i64 %output_layer2_data, i64 0, i64 %zext_ln268" [../source/hls.cpp:268]   --->   Operation 287 'getelementptr' 'output_layer2_data_addr' <Predicate = true> <Delay = 0.00>
ST_81 : Operation 288 [1/1] (0.00ns)   --->   "%specloopname_ln259 = specloopname void @_ssdm_op_SpecLoopName, void @empty_4" [../source/hls.cpp:259]   --->   Operation 288 'specloopname' 'specloopname_ln259' <Predicate = true> <Delay = 0.00>
ST_81 : Operation 289 [1/1] (0.00ns)   --->   "%bitcast_ln268 = bitcast i64 %div_i" [../source/hls.cpp:268]   --->   Operation 289 'bitcast' 'bitcast_ln268' <Predicate = true> <Delay = 0.00>
ST_81 : Operation 290 [1/1] ( I:0.96ns O:0.96ns )   --->   "%store_ln268 = store i64 %bitcast_ln268, i17 %output_layer2_data_addr" [../source/hls.cpp:268]   --->   Operation 290 'store' 'store_ln268' <Predicate = true> <Delay = 0.96> <CoreInst = "RAM">   --->   Core 82 'RAM' <Latency = 2> <II = 1> <Delay = 0.96> <Storage> <Opcode : 'load' 'store'> <Ports = 2> <Width = 64> <Depth = 122880> <RAM>
ST_81 : Operation 291 [1/1] (0.00ns)   --->   "%br_ln259 = br void %VITIS_LOOP_262_2" [../source/hls.cpp:259]   --->   Operation 291 'br' 'br_ln259' <Predicate = true> <Delay = 0.00>


============================================================
+ Verbose Summary: Timing violations
============================================================
Target clock period: 3.300ns, clock uncertainty: 0.891ns.

 <State 1>: 0.387ns
The critical path consists of the following:
	'alloca' operation 17 bit ('i', ../source/hls.cpp:259) [30]  (0.000 ns)
	'store' operation 0 bit ('store_ln259', ../source/hls.cpp:259) of constant 0 on local variable 'i', ../source/hls.cpp:259 [94]  (0.387 ns)

 <State 2>: 1.267ns
The critical path consists of the following:
	'load' operation 17 bit ('i', ../source/hls.cpp:259) on local variable 'i', ../source/hls.cpp:259 [97]  (0.000 ns)
	'icmp' operation 1 bit ('icmp_ln259', ../source/hls.cpp:259) [99]  (0.880 ns)
	'store' operation 0 bit ('store_ln259', ../source/hls.cpp:259) of variable 'add_ln259', ../source/hls.cpp:259 on local variable 'i', ../source/hls.cpp:259 [128]  (0.387 ns)

 <State 3>: 1.200ns
The critical path consists of the following:
	'load' operation 64 bit ('output_layer2_b_load', ../source/hls.cpp:267) on array 'output_layer2_b' [112]  (1.200 ns)

 <State 4>: 1.905ns
The critical path consists of the following:
	'load' operation 64 bit ('sum_loc_load') on local variable 'sum_loc' [110]  (0.000 ns)
	'dadd' operation 64 bit ('sum', ../source/hls.cpp:267) [114]  (1.905 ns)

 <State 5>: 1.905ns
The critical path consists of the following:
	'dadd' operation 64 bit ('sum', ../source/hls.cpp:267) [114]  (1.905 ns)

 <State 6>: 1.905ns
The critical path consists of the following:
	'dadd' operation 64 bit ('sum', ../source/hls.cpp:267) [114]  (1.905 ns)

 <State 7>: 1.905ns
The critical path consists of the following:
	'dadd' operation 64 bit ('sum', ../source/hls.cpp:267) [114]  (1.905 ns)

 <State 8>: 1.905ns
The critical path consists of the following:
	'dadd' operation 64 bit ('sum', ../source/hls.cpp:267) [114]  (1.905 ns)

 <State 9>: 1.905ns
The critical path consists of the following:
	'dadd' operation 64 bit ('sum', ../source/hls.cpp:267) [114]  (1.905 ns)

 <State 10>: 1.905ns
The critical path consists of the following:
	'dadd' operation 64 bit ('sum', ../source/hls.cpp:267) [114]  (1.905 ns)

 <State 11>: 1.905ns
The critical path consists of the following:
	'dadd' operation 64 bit ('sum', ../source/hls.cpp:267) [114]  (1.905 ns)

 <State 12>: 2.077ns
The critical path consists of the following:
	'xor' operation 1 bit ('xor_ln11', ../source/hls.cpp:11->../source/hls.cpp:268) [118]  (0.122 ns)
	'dexp' operation 64 bit ('em', ../source/hls.cpp:11->../source/hls.cpp:268) [122]  (1.955 ns)

 <State 13>: 1.955ns
The critical path consists of the following:
	'dexp' operation 64 bit ('ep', ../source/hls.cpp:10->../source/hls.cpp:268) [115]  (1.955 ns)

 <State 14>: 1.955ns
The critical path consists of the following:
	'dexp' operation 64 bit ('ep', ../source/hls.cpp:10->../source/hls.cpp:268) [115]  (1.955 ns)

 <State 15>: 1.955ns
The critical path consists of the following:
	'dexp' operation 64 bit ('ep', ../source/hls.cpp:10->../source/hls.cpp:268) [115]  (1.955 ns)

 <State 16>: 1.955ns
The critical path consists of the following:
	'dexp' operation 64 bit ('ep', ../source/hls.cpp:10->../source/hls.cpp:268) [115]  (1.955 ns)

 <State 17>: 1.955ns
The critical path consists of the following:
	'dexp' operation 64 bit ('ep', ../source/hls.cpp:10->../source/hls.cpp:268) [115]  (1.955 ns)

 <State 18>: 1.955ns
The critical path consists of the following:
	'dexp' operation 64 bit ('ep', ../source/hls.cpp:10->../source/hls.cpp:268) [115]  (1.955 ns)

 <State 19>: 1.955ns
The critical path consists of the following:
	'dexp' operation 64 bit ('ep', ../source/hls.cpp:10->../source/hls.cpp:268) [115]  (1.955 ns)

 <State 20>: 1.955ns
The critical path consists of the following:
	'dexp' operation 64 bit ('ep', ../source/hls.cpp:10->../source/hls.cpp:268) [115]  (1.955 ns)

 <State 21>: 1.955ns
The critical path consists of the following:
	'dexp' operation 64 bit ('ep', ../source/hls.cpp:10->../source/hls.cpp:268) [115]  (1.955 ns)

 <State 22>: 1.955ns
The critical path consists of the following:
	'dexp' operation 64 bit ('ep', ../source/hls.cpp:10->../source/hls.cpp:268) [115]  (1.955 ns)

 <State 23>: 1.955ns
The critical path consists of the following:
	'dexp' operation 64 bit ('ep', ../source/hls.cpp:10->../source/hls.cpp:268) [115]  (1.955 ns)

 <State 24>: 1.955ns
The critical path consists of the following:
	'dexp' operation 64 bit ('ep', ../source/hls.cpp:10->../source/hls.cpp:268) [115]  (1.955 ns)

 <State 25>: 1.955ns
The critical path consists of the following:
	'dexp' operation 64 bit ('ep', ../source/hls.cpp:10->../source/hls.cpp:268) [115]  (1.955 ns)

 <State 26>: 1.955ns
The critical path consists of the following:
	'dexp' operation 64 bit ('ep', ../source/hls.cpp:10->../source/hls.cpp:268) [115]  (1.955 ns)

 <State 27>: 1.955ns
The critical path consists of the following:
	'dexp' operation 64 bit ('ep', ../source/hls.cpp:10->../source/hls.cpp:268) [115]  (1.955 ns)

 <State 28>: 1.955ns
The critical path consists of the following:
	'dexp' operation 64 bit ('ep', ../source/hls.cpp:10->../source/hls.cpp:268) [115]  (1.955 ns)

 <State 29>: 1.955ns
The critical path consists of the following:
	'dexp' operation 64 bit ('ep', ../source/hls.cpp:10->../source/hls.cpp:268) [115]  (1.955 ns)

 <State 30>: 1.955ns
The critical path consists of the following:
	'dexp' operation 64 bit ('ep', ../source/hls.cpp:10->../source/hls.cpp:268) [115]  (1.955 ns)

 <State 31>: 1.955ns
The critical path consists of the following:
	'dexp' operation 64 bit ('ep', ../source/hls.cpp:10->../source/hls.cpp:268) [115]  (1.955 ns)

 <State 32>: 1.955ns
The critical path consists of the following:
	'dexp' operation 64 bit ('ep', ../source/hls.cpp:10->../source/hls.cpp:268) [115]  (1.955 ns)

 <State 33>: 1.955ns
The critical path consists of the following:
	'dexp' operation 64 bit ('ep', ../source/hls.cpp:10->../source/hls.cpp:268) [115]  (1.955 ns)

 <State 34>: 1.955ns
The critical path consists of the following:
	'dexp' operation 64 bit ('ep', ../source/hls.cpp:10->../source/hls.cpp:268) [115]  (1.955 ns)

 <State 35>: 1.955ns
The critical path consists of the following:
	'dexp' operation 64 bit ('ep', ../source/hls.cpp:10->../source/hls.cpp:268) [115]  (1.955 ns)

 <State 36>: 1.955ns
The critical path consists of the following:
	'dexp' operation 64 bit ('ep', ../source/hls.cpp:10->../source/hls.cpp:268) [115]  (1.955 ns)

 <State 37>: 1.955ns
The critical path consists of the following:
	'dexp' operation 64 bit ('ep', ../source/hls.cpp:10->../source/hls.cpp:268) [115]  (1.955 ns)

 <State 38>: 1.955ns
The critical path consists of the following:
	'dexp' operation 64 bit ('ep', ../source/hls.cpp:10->../source/hls.cpp:268) [115]  (1.955 ns)

 <State 39>: 1.955ns
The critical path consists of the following:
	'dexp' operation 64 bit ('ep', ../source/hls.cpp:10->../source/hls.cpp:268) [115]  (1.955 ns)

 <State 40>: 1.955ns
The critical path consists of the following:
	'dexp' operation 64 bit ('ep', ../source/hls.cpp:10->../source/hls.cpp:268) [115]  (1.955 ns)

 <State 41>: 1.955ns
The critical path consists of the following:
	'dexp' operation 64 bit ('ep', ../source/hls.cpp:10->../source/hls.cpp:268) [115]  (1.955 ns)

 <State 42>: 1.905ns
The critical path consists of the following:
	'dsub' operation 64 bit ('sub1_i', ../source/hls.cpp:12->../source/hls.cpp:268) [123]  (1.905 ns)

 <State 43>: 1.905ns
The critical path consists of the following:
	'dsub' operation 64 bit ('sub1_i', ../source/hls.cpp:12->../source/hls.cpp:268) [123]  (1.905 ns)

 <State 44>: 1.905ns
The critical path consists of the following:
	'dsub' operation 64 bit ('sub1_i', ../source/hls.cpp:12->../source/hls.cpp:268) [123]  (1.905 ns)

 <State 45>: 1.905ns
The critical path consists of the following:
	'dsub' operation 64 bit ('sub1_i', ../source/hls.cpp:12->../source/hls.cpp:268) [123]  (1.905 ns)

 <State 46>: 1.905ns
The critical path consists of the following:
	'dsub' operation 64 bit ('sub1_i', ../source/hls.cpp:12->../source/hls.cpp:268) [123]  (1.905 ns)

 <State 47>: 1.905ns
The critical path consists of the following:
	'dsub' operation 64 bit ('sub1_i', ../source/hls.cpp:12->../source/hls.cpp:268) [123]  (1.905 ns)

 <State 48>: 1.905ns
The critical path consists of the following:
	'dsub' operation 64 bit ('sub1_i', ../source/hls.cpp:12->../source/hls.cpp:268) [123]  (1.905 ns)

 <State 49>: 1.905ns
The critical path consists of the following:
	'dsub' operation 64 bit ('sub1_i', ../source/hls.cpp:12->../source/hls.cpp:268) [123]  (1.905 ns)

 <State 50>: 2.354ns
The critical path consists of the following:
	'ddiv' operation 64 bit ('div_i', ../source/hls.cpp:12->../source/hls.cpp:268) [125]  (2.354 ns)

 <State 51>: 2.354ns
The critical path consists of the following:
	'ddiv' operation 64 bit ('div_i', ../source/hls.cpp:12->../source/hls.cpp:268) [125]  (2.354 ns)

 <State 52>: 2.354ns
The critical path consists of the following:
	'ddiv' operation 64 bit ('div_i', ../source/hls.cpp:12->../source/hls.cpp:268) [125]  (2.354 ns)

 <State 53>: 2.354ns
The critical path consists of the following:
	'ddiv' operation 64 bit ('div_i', ../source/hls.cpp:12->../source/hls.cpp:268) [125]  (2.354 ns)

 <State 54>: 2.354ns
The critical path consists of the following:
	'ddiv' operation 64 bit ('div_i', ../source/hls.cpp:12->../source/hls.cpp:268) [125]  (2.354 ns)

 <State 55>: 2.354ns
The critical path consists of the following:
	'ddiv' operation 64 bit ('div_i', ../source/hls.cpp:12->../source/hls.cpp:268) [125]  (2.354 ns)

 <State 56>: 2.354ns
The critical path consists of the following:
	'ddiv' operation 64 bit ('div_i', ../source/hls.cpp:12->../source/hls.cpp:268) [125]  (2.354 ns)

 <State 57>: 2.354ns
The critical path consists of the following:
	'ddiv' operation 64 bit ('div_i', ../source/hls.cpp:12->../source/hls.cpp:268) [125]  (2.354 ns)

 <State 58>: 2.354ns
The critical path consists of the following:
	'ddiv' operation 64 bit ('div_i', ../source/hls.cpp:12->../source/hls.cpp:268) [125]  (2.354 ns)

 <State 59>: 2.354ns
The critical path consists of the following:
	'ddiv' operation 64 bit ('div_i', ../source/hls.cpp:12->../source/hls.cpp:268) [125]  (2.354 ns)

 <State 60>: 2.354ns
The critical path consists of the following:
	'ddiv' operation 64 bit ('div_i', ../source/hls.cpp:12->../source/hls.cpp:268) [125]  (2.354 ns)

 <State 61>: 2.354ns
The critical path consists of the following:
	'ddiv' operation 64 bit ('div_i', ../source/hls.cpp:12->../source/hls.cpp:268) [125]  (2.354 ns)

 <State 62>: 2.354ns
The critical path consists of the following:
	'ddiv' operation 64 bit ('div_i', ../source/hls.cpp:12->../source/hls.cpp:268) [125]  (2.354 ns)

 <State 63>: 2.354ns
The critical path consists of the following:
	'ddiv' operation 64 bit ('div_i', ../source/hls.cpp:12->../source/hls.cpp:268) [125]  (2.354 ns)

 <State 64>: 2.354ns
The critical path consists of the following:
	'ddiv' operation 64 bit ('div_i', ../source/hls.cpp:12->../source/hls.cpp:268) [125]  (2.354 ns)

 <State 65>: 2.354ns
The critical path consists of the following:
	'ddiv' operation 64 bit ('div_i', ../source/hls.cpp:12->../source/hls.cpp:268) [125]  (2.354 ns)

 <State 66>: 2.354ns
The critical path consists of the following:
	'ddiv' operation 64 bit ('div_i', ../source/hls.cpp:12->../source/hls.cpp:268) [125]  (2.354 ns)

 <State 67>: 2.354ns
The critical path consists of the following:
	'ddiv' operation 64 bit ('div_i', ../source/hls.cpp:12->../source/hls.cpp:268) [125]  (2.354 ns)

 <State 68>: 2.354ns
The critical path consists of the following:
	'ddiv' operation 64 bit ('div_i', ../source/hls.cpp:12->../source/hls.cpp:268) [125]  (2.354 ns)

 <State 69>: 2.354ns
The critical path consists of the following:
	'ddiv' operation 64 bit ('div_i', ../source/hls.cpp:12->../source/hls.cpp:268) [125]  (2.354 ns)

 <State 70>: 2.354ns
The critical path consists of the following:
	'ddiv' operation 64 bit ('div_i', ../source/hls.cpp:12->../source/hls.cpp:268) [125]  (2.354 ns)

 <State 71>: 2.354ns
The critical path consists of the following:
	'ddiv' operation 64 bit ('div_i', ../source/hls.cpp:12->../source/hls.cpp:268) [125]  (2.354 ns)

 <State 72>: 2.354ns
The critical path consists of the following:
	'ddiv' operation 64 bit ('div_i', ../source/hls.cpp:12->../source/hls.cpp:268) [125]  (2.354 ns)

 <State 73>: 2.354ns
The critical path consists of the following:
	'ddiv' operation 64 bit ('div_i', ../source/hls.cpp:12->../source/hls.cpp:268) [125]  (2.354 ns)

 <State 74>: 2.354ns
The critical path consists of the following:
	'ddiv' operation 64 bit ('div_i', ../source/hls.cpp:12->../source/hls.cpp:268) [125]  (2.354 ns)

 <State 75>: 2.354ns
The critical path consists of the following:
	'ddiv' operation 64 bit ('div_i', ../source/hls.cpp:12->../source/hls.cpp:268) [125]  (2.354 ns)

 <State 76>: 2.354ns
The critical path consists of the following:
	'ddiv' operation 64 bit ('div_i', ../source/hls.cpp:12->../source/hls.cpp:268) [125]  (2.354 ns)

 <State 77>: 2.354ns
The critical path consists of the following:
	'ddiv' operation 64 bit ('div_i', ../source/hls.cpp:12->../source/hls.cpp:268) [125]  (2.354 ns)

 <State 78>: 2.354ns
The critical path consists of the following:
	'ddiv' operation 64 bit ('div_i', ../source/hls.cpp:12->../source/hls.cpp:268) [125]  (2.354 ns)

 <State 79>: 2.354ns
The critical path consists of the following:
	'ddiv' operation 64 bit ('div_i', ../source/hls.cpp:12->../source/hls.cpp:268) [125]  (2.354 ns)

 <State 80>: 2.354ns
The critical path consists of the following:
	'ddiv' operation 64 bit ('div_i', ../source/hls.cpp:12->../source/hls.cpp:268) [125]  (2.354 ns)

 <State 81>: 0.963ns
The critical path consists of the following:
	'shl' operation 17 bit ('shl_ln268', ../source/hls.cpp:268) [104]  (0.000 ns)
	'getelementptr' operation 17 bit ('output_layer2_data_addr', ../source/hls.cpp:268) [106]  (0.000 ns)
	'store' operation 0 bit ('store_ln268', ../source/hls.cpp:268) of variable 'bitcast_ln268', ../source/hls.cpp:268 on array 'output_layer2_data' [127]  (0.963 ns)


============================================================
+ Verbose Summary: Binding
============================================================
N/A
* FSMD analyzer results:
  - Output states:
 - Input state : 
  - Chain level:
	State 1
	State 2
	State 3
	State 4
	State 5
	State 6
	State 7
	State 8
	State 9
	State 10
	State 11
	State 12
	State 13
	State 14
	State 15
	State 16
	State 17
	State 18
	State 19
	State 20
	State 21
	State 22
	State 23
	State 24
	State 25
	State 26
	State 27
	State 28
	State 29
	State 30
	State 31
	State 32
	State 33
	State 34
	State 35
	State 36
	State 37
	State 38
	State 39
	State 40
	State 41
	State 42
	State 43
	State 44
	State 45
	State 46
	State 47
	State 48
	State 49
	State 50
	State 51
	State 52
	State 53
	State 54
	State 55
	State 56
	State 57
	State 58
	State 59
	State 60
	State 61
	State 62
	State 63
	State 64
	State 65
	State 66
	State 67
	State 68
	State 69
	State 70
	State 71
	State 72
	State 73
	State 74
	State 75
	State 76
	State 77
	State 78
	State 79
	State 80
	State 81


============================================================
+ Verbose Summary: Datapath Resource usage 
============================================================
N/A
