

================================================================
== Synthesis Summary Report of 'hevc_loop_filter_chroma_8bit_hls'
================================================================
+ General Information: 
    * Date:           Thu Feb 27 14:43:43 2025
    * Version:        2024.2 (Build 5238294 on Nov  8 2024)
    * Project:        prj
    * Solution:       hevc_loop_filter_chroma_8bit_hls_sol (Vivado IP Flow Target)
    * Product family: virtexuplus
    * Target device:  xcvu19p-fsvb3824-2-e
    

+ Performance & Resource Estimates: 
    
    PS: '+' for module; 'o' for loop; '*' for dataflow
    +---------------------------------------------------------------+------+------+---------+---------+----------+---------+------+----------+------+----+-----------+-----------+-----+
    |                            Modules                            | Issue|      | Latency | Latency | Iteration|         | Trip |          |      |    |           |           |     |
    |                            & Loops                            | Type | Slack| (cycles)|   (ns)  |  Latency | Interval| Count| Pipelined| BRAM | DSP|     FF    |    LUT    | URAM|
    +---------------------------------------------------------------+------+------+---------+---------+----------+---------+------+----------+------+----+-----------+-----------+-----+
    |+ hevc_loop_filter_chroma_8bit_hls                             |     -|  0.26|       65|  214.500|         -|       66|     -|        no|     -|   -|  618 (~0%)|  912 (~0%)|    -|
    | o VITIS_LOOP_76_1                                             |     -|  2.41|       64|  211.200|        32|        -|     2|        no|     -|   -|          -|          -|    -|
    |  + hevc_loop_filter_chroma_8bit_hls_Pipeline_VITIS_LOOP_87_2  |     -|  0.35|       30|   99.000|         -|       30|     -|        no|     -|   -|  236 (~0%)|  655 (~0%)|    -|
    |   o VITIS_LOOP_87_2                                           |    II|  2.41|       28|   92.400|         8|        7|     4|       yes|     -|   -|          -|          -|    -|
    +---------------------------------------------------------------+------+------+---------+---------+----------+---------+------+----------+------+----+-----------+-----------+-----+


================================================================
== HW Interfaces
================================================================
* AP_MEMORY
+-------------------+-----------+----------+
| Port              | Direction | Bitwidth |
+-------------------+-----------+----------+
| pix_base_address0 | out       | 21       |
| pix_base_address1 | out       | 21       |
| pix_base_d0       | out       | 8        |
| pix_base_q0       | in        | 8        |
| pix_base_q1       | in        | 8        |
+-------------------+-----------+----------+

* Other Ports
+--------------+---------+-----------+----------+
| Port         | Mode    | Direction | Bitwidth |
+--------------+---------+-----------+----------+
| ap_core      | ap_none | in        | 8        |
| ap_parent    | ap_none | in        | 8        |
| ap_part      | ap_none | in        | 8        |
| frame_offset | ap_none | in        | 32       |
| no_p_arr_0   | ap_none | in        | 8        |
| no_p_arr_1   | ap_none | in        | 8        |
| no_q_arr_0   | ap_none | in        | 8        |
| no_q_arr_1   | ap_none | in        | 8        |
| tc_arr_0     | ap_none | in        | 32       |
| tc_arr_1     | ap_none | in        | 32       |
| xstride      | ap_none | in        | 32       |
| ystride      | ap_none | in        | 32       |
+--------------+---------+-----------+----------+

* TOP LEVEL CONTROL
+-----------+-------------+-----------------------------------+
| Interface | Type        | Ports                             |
+-----------+-------------+-----------------------------------+
| ap_ce     | clockenable | ap_ce                             |
| ap_clk    | clock       | ap_clk                            |
| ap_rst    | reset       | ap_rst                            |
| ap_ctrl   | ap_ctrl_hs  | ap_done ap_idle ap_ready ap_start |
+-----------+-------------+-----------------------------------+


================================================================
== SW I/O Information
================================================================
* Top Function Arguments
+--------------+-----------+----------------+
| Argument     | Direction | Datatype       |
+--------------+-----------+----------------+
| ap_core      | in        | unsigned char  |
| ap_part      | in        | unsigned char  |
| ap_parent    | in        | unsigned char  |
| pix_base     | inout     | unsigned char* |
| frame_offset | in        | int            |
| xstride      | in        | int            |
| ystride      | in        | int            |
| tc_arr       | in        | int*           |
| no_p_arr     | in        | unsigned char* |
| no_q_arr     | in        | unsigned char* |
+--------------+-----------+----------------+

* SW-to-HW Mapping
+--------------+-------------------+---------+----------+
| Argument     | HW Interface      | HW Type | HW Usage |
+--------------+-------------------+---------+----------+
| ap_core      | ap_core           | port    |          |
| ap_part      | ap_part           | port    |          |
| ap_parent    | ap_parent         | port    |          |
| pix_base     | pix_base_address0 | port    | offset   |
| pix_base     | pix_base_ce0      | port    |          |
| pix_base     | pix_base_we0      | port    |          |
| pix_base     | pix_base_d0       | port    |          |
| pix_base     | pix_base_q0       | port    |          |
| pix_base     | pix_base_address1 | port    | offset   |
| pix_base     | pix_base_ce1      | port    |          |
| pix_base     | pix_base_q1       | port    |          |
| frame_offset | frame_offset      | port    |          |
| xstride      | xstride           | port    |          |
| ystride      | ystride           | port    |          |
| tc_arr       | tc_arr_0          | port    |          |
| tc_arr       | tc_arr_1          | port    |          |
| no_p_arr     | no_p_arr_0        | port    |          |
| no_p_arr     | no_p_arr_1        | port    |          |
| no_q_arr     | no_q_arr_0        | port    |          |
| no_q_arr     | no_q_arr_1        | port    |          |
+--------------+-------------------+---------+----------+


================================================================
== Bind Op Report
================================================================
+--------------------------------------------------------------+-----+--------+-------------------+--------+----------+---------+
| Name                                                         | DSP | Pragma | Variable          | Op     | Impl     | Latency |
+--------------------------------------------------------------+-----+--------+-------------------+--------+----------+---------+
| + hevc_loop_filter_chroma_8bit_hls                           | 0   |        |                   |        |          |         |
|   mul13_cast_fu_200_p2                                       |     |        | mul13_cast        | sub    | fabric   | 0       |
|   icmp_ln76_fu_227_p2                                        |     |        | icmp_ln76         | seteq  | auto     | 0       |
|   add_ln76_1_fu_233_p2                                       |     |        | add_ln76_1        | add    | fabric   | 0       |
|   icmp_ln79_fu_244_p2                                        |     |        | icmp_ln79         | seteq  | auto     | 0       |
|   select_ln79_fu_250_p3                                      |     |        | select_ln79       | select | auto_sel | 0       |
|   icmp_ln80_fu_265_p2                                        |     |        | icmp_ln80         | setlt  | auto     | 0       |
|   select_ln84_fu_271_p3                                      |     |        | select_ln84       | select | auto_sel | 0       |
|   select_ln85_fu_278_p3                                      |     |        | select_ln85       | select | auto_sel | 0       |
|   sub38_fu_285_p2                                            |     |        | sub38             | sub    | fabric   | 0       |
|   add_ln76_fu_296_p2                                         |     |        | add_ln76          | add    | fabric   | 0       |
|  + hevc_loop_filter_chroma_8bit_hls_Pipeline_VITIS_LOOP_87_2 | 0   |        |                   |        |          |         |
|    no_p_fu_198_p2                                            |     |        | no_p              | seteq  | auto     | 0       |
|    no_q_fu_204_p2                                            |     |        | no_q              | seteq  | auto     | 0       |
|    icmp_ln87_fu_223_p2                                       |     |        | icmp_ln87         | seteq  | auto     | 0       |
|    d_2_fu_229_p2                                             |     |        | d_2               | add    | fabric   | 0       |
|    pix_fu_242_p2                                             |     |        | pix               | add    | fabric   | 0       |
|    add_ln89_fu_252_p2                                        |     |        | add_ln89          | add    | fabric   | 0       |
|    sub_ln90_fu_261_p2                                        |     |        | sub_ln90          | sub    | fabric   | 0       |
|    add_ln92_fu_274_p2                                        |     |        | add_ln92          | add    | fabric   | 0       |
|    sub_ln95_fu_290_p2                                        |     |        | sub_ln95          | sub    | fabric   | 0       |
|    add_ln95_fu_300_p2                                        |     |        | add_ln95          | add    | fabric   | 0       |
|    icmp_ln96_fu_349_p2                                       |     |        | icmp_ln96         | setlt  | auto     | 0       |
|    icmp_ln96_1_fu_354_p2                                     |     |        | icmp_ln96_1       | setgt  | auto     | 0       |
|    select_ln96_fu_359_p3                                     |     |        | select_ln96       | select | auto_sel | 0       |
|    delta_fu_366_p3                                           |     |        | delta             | select | auto_sel | 0       |
|    add_ln98_fu_383_p2                                        |     |        | add_ln98          | add    | fabric   | 0       |
|    icmp_ln98_fu_407_p2                                       |     |        | icmp_ln98         | setgt  | auto     | 0       |
|    add_ln98_1_fu_416_p2                                      |     |        | add_ln98_1        | add    | fabric   | 0       |
|    not_23_fu_421_p2                                          |     |        | not_23            | xor    | auto     | 0       |
|    select_ln98_cast_fu_427_p3                                |     |        | select_ln98_cast  | select | auto_sel | 0       |
|    empty_13_fu_435_p2                                        |     |        | empty_13          | or     | auto     | 0       |
|    cond70_fu_441_p3                                          |     |        | cond70            | select | auto_sel | 0       |
|    sub_ln101_fu_452_p2                                       |     |        | sub_ln101         | sub    | fabric   | 0       |
|    icmp_ln101_fu_476_p2                                      |     |        | icmp_ln101        | setgt  | auto     | 0       |
|    sub_ln101_1_fu_485_p2                                     |     |        | sub_ln101_1       | sub    | fabric   | 0       |
|    not_s_fu_491_p2                                           |     |        | not_s             | xor    | auto     | 0       |
|    select_ln101_cast_fu_497_p3                               |     |        | select_ln101_cast | select | auto_sel | 0       |
|    empty_14_fu_505_p2                                        |     |        | empty_14          | or     | auto     | 0       |
|    cond95_fu_511_p3                                          |     |        | cond95            | select | auto_sel | 0       |
|    add_ln103_fu_522_p2                                       |     |        | add_ln103         | add    | fabric   | 0       |
+--------------------------------------------------------------+-----+--------+-------------------+--------+----------+---------+


================================================================
== Storage Report
================================================================
  No bind storage info in design

================================================================
== Pragma Report
================================================================
* Valid Pragma Syntax
+-----------------+------------------------------------------+-------------------------------------------------------------------------------------+
| Type            | Options                                  | Location                                                                            |
+-----------------+------------------------------------------+-------------------------------------------------------------------------------------+
| inline          |                                          | ../tutorial_example/source/cnn.h:100 in shiftup                                     |
| inline          |                                          | ../tutorial_example/source/cnn.h:114 in shiftleft                                   |
| inline          |                                          | ../tutorial_example/source/cnn.h:138 in shiftdown                                   |
| array_partition | variable=arr_complete type=complete      | ../tutorial_example/source/hls.cpp:17 in assign_array_complete, arr_complete        |
| disaggregate    | variable=vec_s1                          | ../tutorial_example/source/hls.cpp:35 in vector_add, vec_s1                         |
| disaggregate    | variable=vec_s2                          | ../tutorial_example/source/hls.cpp:36 in vector_add, vec_s2                         |
| disaggregate    | variable=vec_d1                          | ../tutorial_example/source/hls.cpp:37 in vector_add, vec_d1                         |
| pipeline        | OFF                                      | ../tutorial_example/source/hls.cpp:46 in fill_value                                 |
| array_partition | variable=tc_arr type=complete            | ../tutorial_example/source/hls.cpp:66 in hevc_loop_filter_chroma_8bit_hls, tc_arr   |
| array_partition | variable=no_p_arr type=complete          | ../tutorial_example/source/hls.cpp:67 in hevc_loop_filter_chroma_8bit_hls, no_p_arr |
| array_partition | variable=no_q_arr type=complete          | ../tutorial_example/source/hls.cpp:68 in hevc_loop_filter_chroma_8bit_hls, no_q_arr |
| unroll          | OFF = TRUE                               | ../tutorial_example/source/hls.cpp:78 in hevc_loop_filter_chroma_8bit_hls           |
| pipeline        |                                          | ../tutorial_example/source/hls.cpp:88 in hevc_loop_filter_chroma_8bit_hls           |
| interface       | ap_memory port=pixel storage_type=RAM_2P | ../tutorial_example/source/hls.cpp:118 in cnn_hls, pixel                            |
+-----------------+------------------------------------------+-------------------------------------------------------------------------------------+


